<?xml version="1.0"?>
<link_info>
   <banner>TMS320C2000 Linker PC v16.9.1.LTS</banner>
   <copyright>Copyright (c) 1996-2015 Texas Instruments Incorporated</copyright>
   <link_time>0x5afa8676</link_time>
   <link_errors>0x0</link_errors>
   <output_file>EV_28069M.out</output_file>
   <entry_point>
      <name>_c_int00</name>
      <address>0x3f0cd5</address>
   </entry_point>
   <input_file_list>
      <input_file id="fl-2">
         <path>.\</path>
         <kind>object</kind>
         <file>CodeStartBranch.obj</file>
         <name>CodeStartBranch.obj</name>
      </input_file>
      <input_file id="fl-3">
         <path>.\</path>
         <kind>object</kind>
         <file>Main.obj</file>
         <name>Main.obj</name>
      </input_file>
      <input_file id="fl-4">
         <path>.\</path>
         <kind>object</kind>
         <file>adc.obj</file>
         <name>adc.obj</name>
      </input_file>
      <input_file id="fl-5">
         <path>.\</path>
         <kind>object</kind>
         <file>clarke.obj</file>
         <name>clarke.obj</name>
      </input_file>
      <input_file id="fl-6">
         <path>.\</path>
         <kind>object</kind>
         <file>clk.obj</file>
         <name>clk.obj</name>
      </input_file>
      <input_file id="fl-7">
         <path>.\</path>
         <kind>object</kind>
         <file>cpu.obj</file>
         <name>cpu.obj</name>
      </input_file>
      <input_file id="fl-8">
         <path>.\</path>
         <kind>object</kind>
         <file>ctrlQEP.obj</file>
         <name>ctrlQEP.obj</name>
      </input_file>
      <input_file id="fl-9">
         <path>.\</path>
         <kind>object</kind>
         <file>datalog.obj</file>
         <name>datalog.obj</name>
      </input_file>
      <input_file id="fl-a">
         <path>.\</path>
         <kind>object</kind>
         <file>drv8305.obj</file>
         <name>drv8305.obj</name>
      </input_file>
      <input_file id="fl-b">
         <path>.\</path>
         <kind>object</kind>
         <file>enc.obj</file>
         <name>enc.obj</name>
      </input_file>
      <input_file id="fl-c">
         <path>.\</path>
         <kind>object</kind>
         <file>filter_fo.obj</file>
         <name>filter_fo.obj</name>
      </input_file>
      <input_file id="fl-d">
         <path>.\</path>
         <kind>object</kind>
         <file>flash.obj</file>
         <name>flash.obj</name>
      </input_file>
      <input_file id="fl-e">
         <path>.\</path>
         <kind>object</kind>
         <file>gpio.obj</file>
         <name>gpio.obj</name>
      </input_file>
      <input_file id="fl-f">
         <path>.\</path>
         <kind>object</kind>
         <file>hal.obj</file>
         <name>hal.obj</name>
      </input_file>
      <input_file id="fl-10">
         <path>.\</path>
         <kind>object</kind>
         <file>hallbldc.obj</file>
         <name>hallbldc.obj</name>
      </input_file>
      <input_file id="fl-11">
         <path>.\</path>
         <kind>object</kind>
         <file>i2c.obj</file>
         <name>i2c.obj</name>
      </input_file>
      <input_file id="fl-12">
         <path>.\</path>
         <kind>object</kind>
         <file>i2c_24lc32.obj</file>
         <name>i2c_24lc32.obj</name>
      </input_file>
      <input_file id="fl-13">
         <path>.\</path>
         <kind>object</kind>
         <file>i2c_mcp23017.obj</file>
         <name>i2c_mcp23017.obj</name>
      </input_file>
      <input_file id="fl-14">
         <path>.\</path>
         <kind>object</kind>
         <file>i2c_message.obj</file>
         <name>i2c_message.obj</name>
      </input_file>
      <input_file id="fl-15">
         <path>.\</path>
         <kind>object</kind>
         <file>ipark.obj</file>
         <name>ipark.obj</name>
      </input_file>
      <input_file id="fl-16">
         <path>.\</path>
         <kind>object</kind>
         <file>memCopy.obj</file>
         <name>memCopy.obj</name>
      </input_file>
      <input_file id="fl-17">
         <path>.\</path>
         <kind>object</kind>
         <file>offset.obj</file>
         <name>offset.obj</name>
      </input_file>
      <input_file id="fl-18">
         <path>.\</path>
         <kind>object</kind>
         <file>osc.obj</file>
         <name>osc.obj</name>
      </input_file>
      <input_file id="fl-19">
         <path>.\</path>
         <kind>object</kind>
         <file>park.obj</file>
         <name>park.obj</name>
      </input_file>
      <input_file id="fl-1a">
         <path>.\</path>
         <kind>object</kind>
         <file>pid.obj</file>
         <name>pid.obj</name>
      </input_file>
      <input_file id="fl-1b">
         <path>.\</path>
         <kind>object</kind>
         <file>pie.obj</file>
         <name>pie.obj</name>
      </input_file>
      <input_file id="fl-1c">
         <path>.\</path>
         <kind>object</kind>
         <file>pll.obj</file>
         <name>pll.obj</name>
      </input_file>
      <input_file id="fl-1d">
         <path>.\</path>
         <kind>object</kind>
         <file>pwm.obj</file>
         <name>pwm.obj</name>
      </input_file>
      <input_file id="fl-1e">
         <path>.\</path>
         <kind>object</kind>
         <file>pwr.obj</file>
         <name>pwr.obj</name>
      </input_file>
      <input_file id="fl-1f">
         <path>.\</path>
         <kind>object</kind>
         <file>qep.obj</file>
         <name>qep.obj</name>
      </input_file>
      <input_file id="fl-20">
         <path>.\</path>
         <kind>object</kind>
         <file>sci.obj</file>
         <name>sci.obj</name>
      </input_file>
      <input_file id="fl-21">
         <path>.\</path>
         <kind>object</kind>
         <file>sci_message.obj</file>
         <name>sci_message.obj</name>
      </input_file>
      <input_file id="fl-22">
         <path>.\</path>
         <kind>object</kind>
         <file>sci_modbus.obj</file>
         <name>sci_modbus.obj</name>
      </input_file>
      <input_file id="fl-23">
         <path>.\</path>
         <kind>object</kind>
         <file>sci_operator.obj</file>
         <name>sci_operator.obj</name>
      </input_file>
      <input_file id="fl-24">
         <path>.\</path>
         <kind>object</kind>
         <file>slip.obj</file>
         <name>slip.obj</name>
      </input_file>
      <input_file id="fl-25">
         <path>.\</path>
         <kind>object</kind>
         <file>spi.obj</file>
         <name>spi.obj</name>
      </input_file>
      <input_file id="fl-26">
         <path>.\</path>
         <kind>object</kind>
         <file>svgen.obj</file>
         <name>svgen.obj</name>
      </input_file>
      <input_file id="fl-27">
         <path>.\</path>
         <kind>object</kind>
         <file>throttle.obj</file>
         <name>throttle.obj</name>
      </input_file>
      <input_file id="fl-28">
         <path>.\</path>
         <kind>object</kind>
         <file>timer.obj</file>
         <name>timer.obj</name>
      </input_file>
      <input_file id="fl-29">
         <path>.\</path>
         <kind>object</kind>
         <file>traj.obj</file>
         <name>traj.obj</name>
      </input_file>
      <input_file id="fl-2a">
         <path>.\</path>
         <kind>object</kind>
         <file>usDelay.obj</file>
         <name>usDelay.obj</name>
      </input_file>
      <input_file id="fl-2b">
         <path>.\</path>
         <kind>object</kind>
         <file>user.obj</file>
         <name>user.obj</name>
      </input_file>
      <input_file id="fl-2c">
         <path>.\</path>
         <kind>object</kind>
         <file>user_data.obj</file>
         <name>user_data.obj</name>
      </input_file>
      <input_file id="fl-2d">
         <path>.\</path>
         <kind>object</kind>
         <file>wdog.obj</file>
         <name>wdog.obj</name>
      </input_file>
      <input_file id="fl-42">
         <path>..\sw\modules\fast\lib\32b\f28x\f2806x\</path>
         <kind>archive</kind>
         <file>2806xRevB_FastSpinROMSymbols.lib</file>
         <name>TMS320x2806x_REVB_boot_rom_out_FD$$MPY_tmp.obj</name>
      </input_file>
      <input_file id="fl-43">
         <path>..\sw\modules\fast\lib\32b\f28x\f2806x\</path>
         <kind>archive</kind>
         <file>2806xRevB_FastSpinROMSymbols.lib</file>
         <name>TMS320x2806x_REVB_boot_rom_out_FD$$TOL_tmp.obj</name>
      </input_file>
      <input_file id="fl-44">
         <path>..\sw\modules\fast\lib\32b\f28x\f2806x\</path>
         <kind>archive</kind>
         <file>2806xRevB_FastSpinROMSymbols.lib</file>
         <name>TMS320x2806x_REVB_boot_rom_out_FS$$ADD_tmp.obj</name>
      </input_file>
      <input_file id="fl-45">
         <path>..\sw\modules\fast\lib\32b\f28x\f2806x\</path>
         <kind>archive</kind>
         <file>2806xRevB_FastSpinROMSymbols.lib</file>
         <name>TMS320x2806x_REVB_boot_rom_out_FS$$DIV_tmp.obj</name>
      </input_file>
      <input_file id="fl-46">
         <path>..\sw\modules\fast\lib\32b\f28x\f2806x\</path>
         <kind>archive</kind>
         <file>2806xRevB_FastSpinROMSymbols.lib</file>
         <name>TMS320x2806x_REVB_boot_rom_out_FS$$MPY_tmp.obj</name>
      </input_file>
      <input_file id="fl-47">
         <path>..\sw\modules\fast\lib\32b\f28x\f2806x\</path>
         <kind>archive</kind>
         <file>2806xRevB_FastSpinROMSymbols.lib</file>
         <name>TMS320x2806x_REVB_boot_rom_out_FS$$NEG_tmp.obj</name>
      </input_file>
      <input_file id="fl-48">
         <path>..\sw\modules\fast\lib\32b\f28x\f2806x\</path>
         <kind>archive</kind>
         <file>2806xRevB_FastSpinROMSymbols.lib</file>
         <name>TMS320x2806x_REVB_boot_rom_out_FS$$TOFD_tmp.obj</name>
      </input_file>
      <input_file id="fl-49">
         <path>..\sw\modules\fast\lib\32b\f28x\f2806x\</path>
         <kind>archive</kind>
         <file>2806xRevB_FastSpinROMSymbols.lib</file>
         <name>TMS320x2806x_REVB_boot_rom_out_FS$$TOI_tmp.obj</name>
      </input_file>
      <input_file id="fl-4a">
         <path>..\sw\modules\fast\lib\32b\f28x\f2806x\</path>
         <kind>archive</kind>
         <file>2806xRevB_FastSpinROMSymbols.lib</file>
         <name>TMS320x2806x_REVB_boot_rom_out_FS$$TOL_tmp.obj</name>
      </input_file>
      <input_file id="fl-4b">
         <path>C:\ti\ccsv7\tools\compiler\ti-cgt-c2000_16.9.1.LTS\lib\</path>
         <kind>archive</kind>
         <file>rts2800_ml.lib</file>
         <name>fs_tou28.obj</name>
      </input_file>
      <input_file id="fl-4c">
         <path>..\sw\modules\fast\lib\32b\f28x\f2806x\</path>
         <kind>archive</kind>
         <file>2806xRevB_FastSpinROMSymbols.lib</file>
         <name>TMS320x2806x_REVB_boot_rom_out_I$$TOFS_tmp.obj</name>
      </input_file>
      <input_file id="fl-4d">
         <path>C:\ti\ccsv7\tools\compiler\ti-cgt-c2000_16.9.1.LTS\lib\</path>
         <kind>archive</kind>
         <file>rts2800_ml.lib</file>
         <name>u_div28.obj</name>
      </input_file>
      <input_file id="fl-4e">
         <path>..\sw\modules\fast\lib\32b\f28x\f2806x\</path>
         <kind>archive</kind>
         <file>2806xRevB_FastSpinROMSymbols.lib</file>
         <name>TMS320x2806x_REVB_boot_rom_out_U$$TOFS_tmp.obj</name>
      </input_file>
      <input_file id="fl-4f">
         <path>..\sw\modules\fast\lib\32b\f28x\f2806x\</path>
         <kind>archive</kind>
         <file>2806xRevB_FastSpinROMSymbols.lib</file>
         <name>TMS320x2806x_REVB_boot_rom_out_UL$$TOFS_tmp.obj</name>
      </input_file>
      <input_file id="fl-50">
         <path>..\sw\modules\fast\lib\32b\f28x\f2806x\</path>
         <kind>archive</kind>
         <file>2806xRevB_FastSpinROMSymbols.lib</file>
         <name>TMS320x2806x_REVB_boot_rom_out__CTRL_getVersion_tmp.obj</name>
      </input_file>
      <input_file id="fl-51">
         <path>..\sw\modules\fast\lib\32b\f28x\f2806x\</path>
         <kind>archive</kind>
         <file>2806xRevB_FastSpinROMSymbols.lib</file>
         <name>TMS320x2806x_REVB_boot_rom_out__CTRL_initCtrl_tmp.obj</name>
      </input_file>
      <input_file id="fl-52">
         <path>..\sw\modules\fast\lib\32b\f28x\f2806x\</path>
         <kind>archive</kind>
         <file>2806xRevB_FastSpinROMSymbols.lib</file>
         <name>TMS320x2806x_REVB_boot_rom_out__CTRL_runTraj_tmp.obj</name>
      </input_file>
      <input_file id="fl-53">
         <path>..\sw\modules\fast\lib\32b\f28x\f2806x\</path>
         <kind>archive</kind>
         <file>2806xRevB_FastSpinROMSymbols.lib</file>
         <name>TMS320x2806x_REVB_boot_rom_out__CTRL_setEstParams_tmp.obj</name>
      </input_file>
      <input_file id="fl-54">
         <path>..\sw\modules\fast\lib\32b\f28x\f2806x\</path>
         <kind>archive</kind>
         <file>2806xRevB_FastSpinROMSymbols.lib</file>
         <name>TMS320x2806x_REVB_boot_rom_out__CTRL_setUserMotorParams_tmp.obj</name>
      </input_file>
      <input_file id="fl-55">
         <path>..\sw\modules\fast\lib\32b\f28x\f2806x\</path>
         <kind>archive</kind>
         <file>2806xRevB_FastSpinROMSymbols.lib</file>
         <name>TMS320x2806x_REVB_boot_rom_out__CTRL_setupCtrl_tmp.obj</name>
      </input_file>
      <input_file id="fl-56">
         <path>..\sw\modules\fast\lib\32b\f28x\f2806x\</path>
         <kind>archive</kind>
         <file>2806xRevB_FastSpinROMSymbols.lib</file>
         <name>TMS320x2806x_REVB_boot_rom_out__CTRL_setupEstIdleState_tmp.obj</name>
      </input_file>
      <input_file id="fl-57">
         <path>..\sw\modules\fast\lib\32b\f28x\f2806x\</path>
         <kind>archive</kind>
         <file>2806xRevB_FastSpinROMSymbols.lib</file>
         <name>TMS320x2806x_REVB_boot_rom_out__CTRL_setupEstOnLineState_tmp.obj</name>
      </input_file>
      <input_file id="fl-58">
         <path>..\sw\modules\fast\lib\32b\f28x\f2806x\</path>
         <kind>archive</kind>
         <file>2806xRevB_FastSpinROMSymbols.lib</file>
         <name>TMS320x2806x_REVB_boot_rom_out__CTRL_setupTraj_tmp.obj</name>
      </input_file>
      <input_file id="fl-59">
         <path>..\sw\modules\fast\lib\32b\f28x\f2806x\</path>
         <kind>archive</kind>
         <file>2806xRevB_FastSpinROMSymbols.lib</file>
         <name>TMS320x2806x_REVB_boot_rom_out__EST_doCurrentCtrl_tmp.obj</name>
      </input_file>
      <input_file id="fl-5a">
         <path>..\sw\modules\fast\lib\32b\f28x\f2806x\</path>
         <kind>archive</kind>
         <file>2806xRevB_FastSpinROMSymbols.lib</file>
         <name>TMS320x2806x_REVB_boot_rom_out__EST_doSpeedCtrl_tmp.obj</name>
      </input_file>
      <input_file id="fl-5b">
         <path>..\sw\modules\fast\lib\32b\f28x\f2806x\</path>
         <kind>archive</kind>
         <file>2806xRevB_FastSpinROMSymbols.lib</file>
         <name>TMS320x2806x_REVB_boot_rom_out__EST_getAngle_pu_tmp.obj</name>
      </input_file>
      <input_file id="fl-5c">
         <path>..\sw\modules\fast\lib\32b\f28x\f2806x\</path>
         <kind>archive</kind>
         <file>2806xRevB_FastSpinROMSymbols.lib</file>
         <name>TMS320x2806x_REVB_boot_rom_out__EST_getFlux_VpHz_tmp.obj</name>
      </input_file>
      <input_file id="fl-5d">
         <path>..\sw\modules\fast\lib\32b\f28x\f2806x\</path>
         <kind>archive</kind>
         <file>2806xRevB_FastSpinROMSymbols.lib</file>
         <name>TMS320x2806x_REVB_boot_rom_out__EST_getFlux_pu_tmp.obj</name>
      </input_file>
      <input_file id="fl-5e">
         <path>..\sw\modules\fast\lib\32b\f28x\f2806x\</path>
         <kind>archive</kind>
         <file>2806xRevB_FastSpinROMSymbols.lib</file>
         <name>TMS320x2806x_REVB_boot_rom_out__EST_getFm_pu_tmp.obj</name>
      </input_file>
      <input_file id="fl-5f">
         <path>..\sw\modules\fast\lib\32b\f28x\f2806x\</path>
         <kind>archive</kind>
         <file>2806xRevB_FastSpinROMSymbols.lib</file>
         <name>TMS320x2806x_REVB_boot_rom_out__EST_getIdRated_tmp.obj</name>
      </input_file>
      <input_file id="fl-60">
         <path>..\sw\modules\fast\lib\32b\f28x\f2806x\</path>
         <kind>archive</kind>
         <file>2806xRevB_FastSpinROMSymbols.lib</file>
         <name>TMS320x2806x_REVB_boot_rom_out__EST_getLs_coarse_max_pu_tmp.obj</name>
      </input_file>
      <input_file id="fl-61">
         <path>..\sw\modules\fast\lib\32b\f28x\f2806x\</path>
         <kind>archive</kind>
         <file>2806xRevB_FastSpinROMSymbols.lib</file>
         <name>TMS320x2806x_REVB_boot_rom_out__EST_getLs_d_H_tmp.obj</name>
      </input_file>
      <input_file id="fl-62">
         <path>..\sw\modules\fast\lib\32b\f28x\f2806x\</path>
         <kind>archive</kind>
         <file>2806xRevB_FastSpinROMSymbols.lib</file>
         <name>TMS320x2806x_REVB_boot_rom_out__EST_getLs_d_pu_tmp.obj</name>
      </input_file>
      <input_file id="fl-63">
         <path>..\sw\modules\fast\lib\32b\f28x\f2806x\</path>
         <kind>archive</kind>
         <file>2806xRevB_FastSpinROMSymbols.lib</file>
         <name>TMS320x2806x_REVB_boot_rom_out__EST_getLs_q_H_tmp.obj</name>
      </input_file>
      <input_file id="fl-64">
         <path>..\sw\modules\fast\lib\32b\f28x\f2806x\</path>
         <kind>archive</kind>
         <file>2806xRevB_FastSpinROMSymbols.lib</file>
         <name>TMS320x2806x_REVB_boot_rom_out__EST_getLs_q_pu_tmp.obj</name>
      </input_file>
      <input_file id="fl-65">
         <path>..\sw\modules\fast\lib\32b\f28x\f2806x\</path>
         <kind>archive</kind>
         <file>2806xRevB_FastSpinROMSymbols.lib</file>
         <name>TMS320x2806x_REVB_boot_rom_out__EST_getMaxCurrentSlope_pu_tmp.obj</name>
      </input_file>
      <input_file id="fl-66">
         <path>..\sw\modules\fast\lib\32b\f28x\f2806x\</path>
         <kind>archive</kind>
         <file>2806xRevB_FastSpinROMSymbols.lib</file>
         <name>TMS320x2806x_REVB_boot_rom_out__EST_getOneOverDcBus_pu_tmp.obj</name>
      </input_file>
      <input_file id="fl-67">
         <path>..\sw\modules\fast\lib\32b\f28x\f2806x\</path>
         <kind>archive</kind>
         <file>2806xRevB_FastSpinROMSymbols.lib</file>
         <name>TMS320x2806x_REVB_boot_rom_out__EST_getRr_Ohm_tmp.obj</name>
      </input_file>
      <input_file id="fl-68">
         <path>..\sw\modules\fast\lib\32b\f28x\f2806x\</path>
         <kind>archive</kind>
         <file>2806xRevB_FastSpinROMSymbols.lib</file>
         <name>TMS320x2806x_REVB_boot_rom_out__EST_getRs_Ohm_tmp.obj</name>
      </input_file>
      <input_file id="fl-69">
         <path>..\sw\modules\fast\lib\32b\f28x\f2806x\</path>
         <kind>archive</kind>
         <file>2806xRevB_FastSpinROMSymbols.lib</file>
         <name>TMS320x2806x_REVB_boot_rom_out__EST_getSpeed_krpm_tmp.obj</name>
      </input_file>
      <input_file id="fl-6a">
         <path>..\sw\modules\fast\lib\32b\f28x\f2806x\</path>
         <kind>archive</kind>
         <file>2806xRevB_FastSpinROMSymbols.lib</file>
         <name>TMS320x2806x_REVB_boot_rom_out__EST_getState_tmp.obj</name>
      </input_file>
      <input_file id="fl-6b">
         <path>..\sw\modules\fast\lib\32b\f28x\f2806x\</path>
         <kind>archive</kind>
         <file>2806xRevB_FastSpinROMSymbols.lib</file>
         <name>TMS320x2806x_REVB_boot_rom_out__EST_get_krpm_to_pu_sf_tmp.obj</name>
      </input_file>
      <input_file id="fl-6c">
         <path>..\sw\modules\fast\lib\32b\f28x\f2806x\</path>
         <kind>archive</kind>
         <file>2806xRevB_FastSpinROMSymbols.lib</file>
         <name>TMS320x2806x_REVB_boot_rom_out__EST_get_pu_to_krpm_sf_tmp.obj</name>
      </input_file>
      <input_file id="fl-6d">
         <path>..\sw\modules\fast\lib\32b\f28x\f2806x\</path>
         <kind>archive</kind>
         <file>2806xRevB_FastSpinROMSymbols.lib</file>
         <name>TMS320x2806x_REVB_boot_rom_out__EST_isError_tmp.obj</name>
      </input_file>
      <input_file id="fl-6e">
         <path>..\sw\modules\fast\lib\32b\f28x\f2806x\</path>
         <kind>archive</kind>
         <file>2806xRevB_FastSpinROMSymbols.lib</file>
         <name>TMS320x2806x_REVB_boot_rom_out__EST_isIdle_tmp.obj</name>
      </input_file>
      <input_file id="fl-6f">
         <path>..\sw\modules\fast\lib\32b\f28x\f2806x\</path>
         <kind>archive</kind>
         <file>2806xRevB_FastSpinROMSymbols.lib</file>
         <name>TMS320x2806x_REVB_boot_rom_out__EST_isLockRotor_tmp.obj</name>
      </input_file>
      <input_file id="fl-70">
         <path>..\sw\modules\fast\lib\32b\f28x\f2806x\</path>
         <kind>archive</kind>
         <file>2806xRevB_FastSpinROMSymbols.lib</file>
         <name>TMS320x2806x_REVB_boot_rom_out__EST_isMotorIdentified_tmp.obj</name>
      </input_file>
      <input_file id="fl-71">
         <path>..\sw\modules\fast\lib\32b\f28x\f2806x\</path>
         <kind>archive</kind>
         <file>2806xRevB_FastSpinROMSymbols.lib</file>
         <name>TMS320x2806x_REVB_boot_rom_out__EST_isOnLine_tmp.obj</name>
      </input_file>
      <input_file id="fl-72">
         <path>..\sw\modules\fast\lib\32b\f28x\f2806x\</path>
         <kind>archive</kind>
         <file>2806xRevB_FastSpinROMSymbols.lib</file>
         <name>TMS320x2806x_REVB_boot_rom_out__EST_run_tmp.obj</name>
      </input_file>
      <input_file id="fl-73">
         <path>..\sw\modules\fast\lib\32b\f28x\f2806x\</path>
         <kind>archive</kind>
         <file>2806xRevB_FastSpinROMSymbols.lib</file>
         <name>TMS320x2806x_REVB_boot_rom_out__EST_setFlag_enableForceAngle_tmp.obj</name>
      </input_file>
      <input_file id="fl-74">
         <path>..\sw\modules\fast\lib\32b\f28x\f2806x\</path>
         <kind>archive</kind>
         <file>2806xRevB_FastSpinROMSymbols.lib</file>
         <name>TMS320x2806x_REVB_boot_rom_out__EST_setFlag_enableRsRecalc_tmp.obj</name>
      </input_file>
      <input_file id="fl-75">
         <path>..\sw\modules\fast\lib\32b\f28x\f2806x\</path>
         <kind>archive</kind>
         <file>2806xRevB_FastSpinROMSymbols.lib</file>
         <name>TMS320x2806x_REVB_boot_rom_out__EST_setId_ref_pu_tmp.obj</name>
      </input_file>
      <input_file id="fl-76">
         <path>..\sw\modules\fast\lib\32b\f28x\f2806x\</path>
         <kind>archive</kind>
         <file>2806xRevB_FastSpinROMSymbols.lib</file>
         <name>TMS320x2806x_REVB_boot_rom_out__EST_setIdle_tmp.obj</name>
      </input_file>
      <input_file id="fl-77">
         <path>..\sw\modules\fast\lib\32b\f28x\f2806x\</path>
         <kind>archive</kind>
         <file>2806xRevB_FastSpinROMSymbols.lib</file>
         <name>TMS320x2806x_REVB_boot_rom_out__EST_setIdle_all_tmp.obj</name>
      </input_file>
      <input_file id="fl-78">
         <path>..\sw\modules\fast\lib\32b\f28x\f2806x\</path>
         <kind>archive</kind>
         <file>2806xRevB_FastSpinROMSymbols.lib</file>
         <name>TMS320x2806x_REVB_boot_rom_out__EST_setIq_ref_pu_tmp.obj</name>
      </input_file>
      <input_file id="fl-79">
         <path>..\sw\modules\fast\lib\32b\f28x\f2806x\</path>
         <kind>archive</kind>
         <file>2806xRevB_FastSpinROMSymbols.lib</file>
         <name>TMS320x2806x_REVB_boot_rom_out__EST_setLs_d_pu_tmp.obj</name>
      </input_file>
      <input_file id="fl-7a">
         <path>..\sw\modules\fast\lib\32b\f28x\f2806x\</path>
         <kind>archive</kind>
         <file>2806xRevB_FastSpinROMSymbols.lib</file>
         <name>TMS320x2806x_REVB_boot_rom_out__EST_setLs_qFmt_tmp.obj</name>
      </input_file>
      <input_file id="fl-7b">
         <path>..\sw\modules\fast\lib\32b\f28x\f2806x\</path>
         <kind>archive</kind>
         <file>2806xRevB_FastSpinROMSymbols.lib</file>
         <name>TMS320x2806x_REVB_boot_rom_out__EST_setLs_q_pu_tmp.obj</name>
      </input_file>
      <input_file id="fl-7c">
         <path>..\sw\modules\fast\lib\32b\f28x\f2806x\</path>
         <kind>archive</kind>
         <file>2806xRevB_FastSpinROMSymbols.lib</file>
         <name>TMS320x2806x_REVB_boot_rom_out__EST_setMaxCurrentSlope_pu_tmp.obj</name>
      </input_file>
      <input_file id="fl-7d">
         <path>..\sw\modules\fast\lib\32b\f28x\f2806x\</path>
         <kind>archive</kind>
         <file>2806xRevB_FastSpinROMSymbols.lib</file>
         <name>TMS320x2806x_REVB_boot_rom_out__EST_setRs_pu_tmp.obj</name>
      </input_file>
      <input_file id="fl-7e">
         <path>..\sw\modules\fast\lib\32b\f28x\f2806x\</path>
         <kind>archive</kind>
         <file>2806xRevB_FastSpinROMSymbols.lib</file>
         <name>TMS320x2806x_REVB_boot_rom_out__EST_updateId_ref_pu_tmp.obj</name>
      </input_file>
      <input_file id="fl-7f">
         <path>..\sw\modules\fast\lib\32b\f28x\f2806x\</path>
         <kind>archive</kind>
         <file>2806xRevB_FastSpinROMSymbols.lib</file>
         <name>TMS320x2806x_REVB_boot_rom_out__EST_updateState_tmp.obj</name>
      </input_file>
      <input_file id="fl-80">
         <path>..\sw\modules\fast\lib\32b\f28x\f2806x\</path>
         <kind>archive</kind>
         <file>2806xRevB_FastSpinROMSymbols.lib</file>
         <name>TMS320x2806x_REVB_boot_rom_out__EST_useZeroIq_ref_tmp.obj</name>
      </input_file>
      <input_file id="fl-81">
         <path>..\sw\modules\iqmath\lib\f28x\32b\</path>
         <kind>archive</kind>
         <file>IQmath.lib</file>
         <name>IQ24cosPU.obj</name>
      </input_file>
      <input_file id="fl-82">
         <path>..\sw\modules\iqmath\lib\f28x\32b\</path>
         <kind>archive</kind>
         <file>IQmath.lib</file>
         <name>IQmathTables.obj</name>
      </input_file>
      <input_file id="fl-83">
         <path>..\sw\modules\iqmath\lib\f28x\32b\</path>
         <kind>archive</kind>
         <file>IQmath.lib</file>
         <name>IQ24div.obj</name>
      </input_file>
      <input_file id="fl-84">
         <path>..\sw\modules\iqmath\lib\f28x\32b\</path>
         <kind>archive</kind>
         <file>IQmath.lib</file>
         <name>IQ24mpyI32int.obj</name>
      </input_file>
      <input_file id="fl-85">
         <path>..\sw\modules\iqmath\lib\f28x\32b\</path>
         <kind>archive</kind>
         <file>IQmath.lib</file>
         <name>IQ24sinPU.obj</name>
      </input_file>
      <input_file id="fl-86">
         <path>..\sw\modules\iqmath\lib\f28x\32b\</path>
         <kind>archive</kind>
         <file>IQmath.lib</file>
         <name>IQ24sqrt.obj</name>
      </input_file>
      <input_file id="fl-87">
         <path>..\sw\modules\iqmath\lib\f28x\32b\</path>
         <kind>archive</kind>
         <file>IQmath.lib</file>
         <name>IQ30toF.obj</name>
      </input_file>
      <input_file id="fl-88">
         <path>C:\ti\ccsv7\tools\compiler\ti-cgt-c2000_16.9.1.LTS\lib\</path>
         <kind>archive</kind>
         <file>rts2800_ml.lib</file>
         <name>boot28.obj</name>
      </input_file>
      <input_file id="fl-89">
         <path>C:\ti\ccsv7\tools\compiler\ti-cgt-c2000_16.9.1.LTS\lib\</path>
         <kind>archive</kind>
         <file>rts2800_ml.lib</file>
         <name>args_main.obj</name>
      </input_file>
      <input_file id="fl-8a">
         <path>C:\ti\ccsv7\tools\compiler\ti-cgt-c2000_16.9.1.LTS\lib\</path>
         <kind>archive</kind>
         <file>rts2800_ml.lib</file>
         <name>startup.obj</name>
      </input_file>
      <input_file id="fl-8b">
         <path>C:\ti\ccsv7\tools\compiler\ti-cgt-c2000_16.9.1.LTS\lib\</path>
         <kind>archive</kind>
         <file>rts2800_ml.lib</file>
         <name>pre_init.obj</name>
      </input_file>
      <input_file id="fl-8c">
         <path>C:\ti\ccsv7\tools\compiler\ti-cgt-c2000_16.9.1.LTS\lib\</path>
         <kind>archive</kind>
         <file>rts2800_ml.lib</file>
         <name>s_ceilf.obj</name>
      </input_file>
      <input_file id="fl-8d">
         <path>..\sw\modules\fast\lib\32b\f28x\f2806x\</path>
         <kind>archive</kind>
         <file>2806xRevB_FastSpinROMSymbols.lib</file>
         <name>TMS320x2806x_REVB_boot_rom_out_FS$$CMP_tmp.obj</name>
      </input_file>
      <input_file id="fl-8e">
         <path>C:\ti\ccsv7\tools\compiler\ti-cgt-c2000_16.9.1.LTS\lib\</path>
         <kind>archive</kind>
         <file>rts2800_ml.lib</file>
         <name>cpy_tbl.obj</name>
      </input_file>
      <input_file id="fl-8f">
         <path>C:\ti\ccsv7\tools\compiler\ti-cgt-c2000_16.9.1.LTS\lib\</path>
         <kind>archive</kind>
         <file>rts2800_ml.lib</file>
         <name>exit.obj</name>
      </input_file>
      <input_file id="fl-90">
         <path>C:\ti\ccsv7\tools\compiler\ti-cgt-c2000_16.9.1.LTS\lib\</path>
         <kind>archive</kind>
         <file>rts2800_ml.lib</file>
         <name>_lock.obj</name>
      </input_file>
      <input_file id="fl-91">
         <path>..\sw\modules\fast\lib\32b\f28x\f2806x\</path>
         <kind>archive</kind>
         <file>2806xRevB_FastSpinROMSymbols.lib</file>
         <name>TMS320x2806x_REVB_boot_rom_out__log_tmp.obj</name>
      </input_file>
      <input_file id="fl-92">
         <path>C:\ti\ccsv7\tools\compiler\ti-cgt-c2000_16.9.1.LTS\lib\</path>
         <kind>archive</kind>
         <file>rts2800_ml.lib</file>
         <name>memcpy.obj</name>
      </input_file>
      <input_file id="fl-93">
         <path>..\sw\modules\fast\lib\32b\f28x\f2806x\</path>
         <kind>archive</kind>
         <file>2806xRevB_FastSpinROMSymbols.lib</file>
         <name>TMS320x2806x_REVB_boot_rom_out__pow_tmp.obj</name>
      </input_file>
      <input_file id="fl-94">
         <path>C:\ti\ccsv7\tools\compiler\ti-cgt-c2000_16.9.1.LTS\lib\</path>
         <kind>archive</kind>
         <file>rts2800_ml.lib</file>
         <name>sprintf.obj</name>
      </input_file>
      <input_file id="fl-95">
         <path>C:\ti\ccsv7\tools\compiler\ti-cgt-c2000_16.9.1.LTS\lib\</path>
         <kind>archive</kind>
         <file>rts2800_ml.lib</file>
         <name>_printfi.obj</name>
      </input_file>
      <input_file id="fl-96">
         <path>C:\ti\ccsv7\tools\compiler\ti-cgt-c2000_16.9.1.LTS\lib\</path>
         <kind>archive</kind>
         <file>rts2800_ml.lib</file>
         <name>fd_cmp28.obj</name>
      </input_file>
      <input_file id="fl-97">
         <path>C:\ti\ccsv7\tools\compiler\ti-cgt-c2000_16.9.1.LTS\lib\</path>
         <kind>archive</kind>
         <file>rts2800_ml.lib</file>
         <name>fd_div28.obj</name>
      </input_file>
      <input_file id="fl-98">
         <path>C:\ti\ccsv7\tools\compiler\ti-cgt-c2000_16.9.1.LTS\lib\</path>
         <kind>archive</kind>
         <file>rts2800_ml.lib</file>
         <name>fd_neg28.obj</name>
      </input_file>
      <input_file id="fl-99">
         <path>C:\ti\ccsv7\tools\compiler\ti-cgt-c2000_16.9.1.LTS\lib\</path>
         <kind>archive</kind>
         <file>rts2800_ml.lib</file>
         <name>fd_sub28.obj</name>
      </input_file>
      <input_file id="fl-9a">
         <path>C:\ti\ccsv7\tools\compiler\ti-cgt-c2000_16.9.1.LTS\lib\</path>
         <kind>archive</kind>
         <file>rts2800_ml.lib</file>
         <name>fd_add28.obj</name>
      </input_file>
      <input_file id="fl-9b">
         <path>C:\ti\ccsv7\tools\compiler\ti-cgt-c2000_16.9.1.LTS\lib\</path>
         <kind>archive</kind>
         <file>rts2800_ml.lib</file>
         <name>fd_toi28.obj</name>
      </input_file>
      <input_file id="fl-9c">
         <path>..\sw\modules\fast\lib\32b\f28x\f2806x\</path>
         <kind>archive</kind>
         <file>2806xRevB_FastSpinROMSymbols.lib</file>
         <name>TMS320x2806x_REVB_boot_rom_out_I$$TOFD_tmp.obj</name>
      </input_file>
      <input_file id="fl-9d">
         <path>C:\ti\ccsv7\tools\compiler\ti-cgt-c2000_16.9.1.LTS\lib\</path>
         <kind>archive</kind>
         <file>rts2800_ml.lib</file>
         <name>l_tofd28.obj</name>
      </input_file>
      <input_file id="fl-9e">
         <path>C:\ti\ccsv7\tools\compiler\ti-cgt-c2000_16.9.1.LTS\lib\</path>
         <kind>archive</kind>
         <file>rts2800_ml.lib</file>
         <name>ll_aox28.obj</name>
      </input_file>
      <input_file id="fl-9f">
         <path>C:\ti\ccsv7\tools\compiler\ti-cgt-c2000_16.9.1.LTS\lib\</path>
         <kind>archive</kind>
         <file>rts2800_ml.lib</file>
         <name>ll_cmp28.obj</name>
      </input_file>
      <input_file id="fl-a0">
         <path>C:\ti\ccsv7\tools\compiler\ti-cgt-c2000_16.9.1.LTS\lib\</path>
         <kind>archive</kind>
         <file>rts2800_ml.lib</file>
         <name>ll_div28.obj</name>
      </input_file>
      <input_file id="fl-a1">
         <path>C:\ti\ccsv7\tools\compiler\ti-cgt-c2000_16.9.1.LTS\lib\</path>
         <kind>archive</kind>
         <file>rts2800_ml.lib</file>
         <name>atoi.obj</name>
      </input_file>
      <input_file id="fl-a2">
         <path>C:\ti\ccsv7\tools\compiler\ti-cgt-c2000_16.9.1.LTS\lib\</path>
         <kind>archive</kind>
         <file>rts2800_ml.lib</file>
         <name>ctype.obj</name>
      </input_file>
      <input_file id="fl-a3">
         <path>C:\ti\ccsv7\tools\compiler\ti-cgt-c2000_16.9.1.LTS\lib\</path>
         <kind>archive</kind>
         <file>rts2800_ml.lib</file>
         <name>s_frexp.obj</name>
      </input_file>
      <input_file id="fl-a4">
         <path>C:\ti\ccsv7\tools\compiler\ti-cgt-c2000_16.9.1.LTS\lib\</path>
         <kind>archive</kind>
         <file>rts2800_ml.lib</file>
         <name>s_scalbn.obj</name>
      </input_file>
      <input_file id="fl-a5">
         <path>C:\ti\ccsv7\tools\compiler\ti-cgt-c2000_16.9.1.LTS\lib\</path>
         <kind>archive</kind>
         <file>rts2800_ml.lib</file>
         <name>s_copysign.obj</name>
      </input_file>
      <input_file id="fl-a6">
         <path>..\sw\modules\fast\lib\32b\f28x\f2806x\</path>
         <kind>archive</kind>
         <file>2806xRevB_FastSpinROMSymbols.lib</file>
         <name>TMS320x2806x_REVB_boot_rom_out__errno_tmp.obj</name>
      </input_file>
      <input_file id="fl-a7">
         <path>C:\ti\ccsv7\tools\compiler\ti-cgt-c2000_16.9.1.LTS\lib\</path>
         <kind>archive</kind>
         <file>rts2800_ml.lib</file>
         <name>ltoa.obj</name>
      </input_file>
      <input_file id="fl-a8">
         <path>..\sw\modules\fast\lib\32b\f28x\f2806x\</path>
         <kind>archive</kind>
         <file>2806xRevB_FastSpinROMSymbols.lib</file>
         <name>TMS320x2806x_REVB_boot_rom_out_L$$DIV_tmp.obj</name>
      </input_file>
      <input_file id="fl-a9">
         <path>..\sw\modules\fast\lib\32b\f28x\f2806x\</path>
         <kind>archive</kind>
         <file>2806xRevB_FastSpinROMSymbols.lib</file>
         <name>TMS320x2806x_REVB_boot_rom_out_L$$MOD_tmp.obj</name>
      </input_file>
      <input_file id="fl-aa">
         <path>C:\ti\ccsv7\tools\compiler\ti-cgt-c2000_16.9.1.LTS\lib\</path>
         <kind>archive</kind>
         <file>rts2800_ml.lib</file>
         <name>memccpy.obj</name>
      </input_file>
      <input_file id="fl-ab">
         <path>C:\ti\ccsv7\tools\compiler\ti-cgt-c2000_16.9.1.LTS\lib\</path>
         <kind>archive</kind>
         <file>rts2800_ml.lib</file>
         <name>memset.obj</name>
      </input_file>
      <input_file id="fl-ac">
         <path>C:\ti\ccsv7\tools\compiler\ti-cgt-c2000_16.9.1.LTS\lib\</path>
         <kind>archive</kind>
         <file>rts2800_ml.lib</file>
         <name>strcat.obj</name>
      </input_file>
      <input_file id="fl-ad">
         <path>C:\ti\ccsv7\tools\compiler\ti-cgt-c2000_16.9.1.LTS\lib\</path>
         <kind>archive</kind>
         <file>rts2800_ml.lib</file>
         <name>strchr.obj</name>
      </input_file>
      <input_file id="fl-ae">
         <path>C:\ti\ccsv7\tools\compiler\ti-cgt-c2000_16.9.1.LTS\lib\</path>
         <kind>archive</kind>
         <file>rts2800_ml.lib</file>
         <name>strcpy.obj</name>
      </input_file>
      <input_file id="fl-af">
         <path>C:\ti\ccsv7\tools\compiler\ti-cgt-c2000_16.9.1.LTS\lib\</path>
         <kind>archive</kind>
         <file>rts2800_ml.lib</file>
         <name>strlen.obj</name>
      </input_file>
   </input_file_list>
   <object_component_list>
      <object_component id="oc-144">
         <name>.cinit</name>
         <load_address>0x3f1de2</load_address>
         <run_address>0x3f1de2</run_address>
         <size>0x143</size>
         <input_file_ref idref="fl-2c"/>
      </object_component>
      <object_component id="oc-64">
         <name>.cinit</name>
         <load_address>0x3f1f25</load_address>
         <run_address>0x3f1f25</run_address>
         <size>0x82</size>
         <input_file_ref idref="fl-3"/>
      </object_component>
      <object_component id="oc-182">
         <name>.cinit</name>
         <load_address>0x3f1fa7</load_address>
         <run_address>0x3f1fa7</run_address>
         <size>0xe</size>
         <input_file_ref idref="fl-8f"/>
      </object_component>
      <object_component id="oc-88">
         <name>.cinit</name>
         <load_address>0x3f1fb5</load_address>
         <run_address>0x3f1fb5</run_address>
         <size>0xd</size>
         <input_file_ref idref="fl-9"/>
      </object_component>
      <object_component id="oc-113">
         <name>.cinit</name>
         <load_address>0x3f1fc2</load_address>
         <run_address>0x3f1fc2</run_address>
         <size>0xc</size>
         <input_file_ref idref="fl-23"/>
      </object_component>
      <object_component id="oc-25b">
         <name>.cinit:__lock</name>
         <load_address>0x3f1fce</load_address>
         <run_address>0x3f1fce</run_address>
         <size>0x5</size>
         <input_file_ref idref="fl-90"/>
      </object_component>
      <object_component id="oc-2a1">
         <name>.cinit:__unlock</name>
         <load_address>0x3f1fd3</load_address>
         <run_address>0x3f1fd3</run_address>
         <size>0x5</size>
         <input_file_ref idref="fl-90"/>
      </object_component>
      <object_component id="oc-90">
         <name>.cinit</name>
         <load_address>0x3f1fd8</load_address>
         <run_address>0x3f1fd8</run_address>
         <size>0x4</size>
         <input_file_ref idref="fl-a"/>
      </object_component>
      <object_component id="oc-217">
         <name>.text</name>
         <load_address>0x3ec000</load_address>
         <run_address>0x3ec000</run_address>
         <size>0xcef</size>
         <input_file_ref idref="fl-f"/>
      </object_component>
      <object_component id="oc-2a2">
         <name>.text</name>
         <load_address>0x3eccef</load_address>
         <run_address>0x3eccef</run_address>
         <size>0xb6e</size>
         <input_file_ref idref="fl-95"/>
      </object_component>
      <object_component id="oc-210">
         <name>.text</name>
         <load_address>0x3ed85d</load_address>
         <run_address>0x3ed85d</run_address>
         <size>0x7aa</size>
         <input_file_ref idref="fl-2c"/>
      </object_component>
      <object_component id="oc-212">
         <name>.text</name>
         <load_address>0x3ee007</load_address>
         <run_address>0x3ee007</run_address>
         <size>0x6eb</size>
         <input_file_ref idref="fl-23"/>
      </object_component>
      <object_component id="oc-214">
         <name>.text</name>
         <load_address>0x3ee6f2</load_address>
         <run_address>0x3ee6f2</run_address>
         <size>0x4e0</size>
         <input_file_ref idref="fl-3"/>
      </object_component>
      <object_component id="oc-263">
         <name>.text</name>
         <load_address>0x3eebd2</load_address>
         <run_address>0x3eebd2</run_address>
         <size>0x43d</size>
         <input_file_ref idref="fl-2b"/>
      </object_component>
      <object_component id="oc-268">
         <name>.text</name>
         <load_address>0x3ef00f</load_address>
         <run_address>0x3ef00f</run_address>
         <size>0x3fb</size>
         <input_file_ref idref="fl-8"/>
      </object_component>
      <object_component id="oc-66">
         <name>.text:retain</name>
         <load_address>0x3ef40a</load_address>
         <run_address>0x3ef40a</run_address>
         <size>0x3ce</size>
         <input_file_ref idref="fl-3"/>
      </object_component>
      <object_component id="oc-26b">
         <name>.text</name>
         <load_address>0x3ef7d8</load_address>
         <run_address>0x3ef7d8</run_address>
         <size>0x2f6</size>
         <input_file_ref idref="fl-1d"/>
      </object_component>
      <object_component id="oc-26f">
         <name>.text</name>
         <load_address>0x3eface</load_address>
         <run_address>0x3eface</run_address>
         <size>0x1f8</size>
         <input_file_ref idref="fl-4"/>
      </object_component>
      <object_component id="oc-25c">
         <name>.text</name>
         <load_address>0x3efcc6</load_address>
         <run_address>0x3efcc6</run_address>
         <size>0x1be</size>
         <input_file_ref idref="fl-12"/>
      </object_component>
      <object_component id="oc-26c">
         <name>.text</name>
         <load_address>0x3efe84</load_address>
         <run_address>0x3efe84</run_address>
         <size>0x18a</size>
         <input_file_ref idref="fl-6"/>
      </object_component>
      <object_component id="oc-26a">
         <name>.text</name>
         <load_address>0x3f000e</load_address>
         <run_address>0x3f000e</run_address>
         <size>0x174</size>
         <input_file_ref idref="fl-e"/>
      </object_component>
      <object_component id="oc-218">
         <name>.text</name>
         <load_address>0x3f0182</load_address>
         <run_address>0x3f0182</run_address>
         <size>0x129</size>
         <input_file_ref idref="fl-b"/>
      </object_component>
      <object_component id="oc-26e">
         <name>.text</name>
         <load_address>0x3f02ab</load_address>
         <run_address>0x3f02ab</run_address>
         <size>0x127</size>
         <input_file_ref idref="fl-1b"/>
      </object_component>
      <object_component id="oc-1cb">
         <name>.text</name>
         <load_address>0x3f03d2</load_address>
         <run_address>0x3f03d2</run_address>
         <size>0x107</size>
         <input_file_ref idref="fl-a0"/>
      </object_component>
      <object_component id="oc-216">
         <name>.text</name>
         <load_address>0x3f04d9</load_address>
         <run_address>0x3f04d9</run_address>
         <size>0xf7</size>
         <input_file_ref idref="fl-11"/>
      </object_component>
      <object_component id="oc-215">
         <name>.text</name>
         <load_address>0x3f05d0</load_address>
         <run_address>0x3f05d0</run_address>
         <size>0xf1</size>
         <input_file_ref idref="fl-20"/>
      </object_component>
      <object_component id="oc-266">
         <name>.text</name>
         <load_address>0x3f06c1</load_address>
         <run_address>0x3f06c1</run_address>
         <size>0xc5</size>
         <input_file_ref idref="fl-14"/>
      </object_component>
      <object_component id="oc-211">
         <name>.text</name>
         <load_address>0x3f0786</load_address>
         <run_address>0x3f0786</run_address>
         <size>0xc3</size>
         <input_file_ref idref="fl-21"/>
      </object_component>
      <object_component id="oc-2b0">
         <name>.text</name>
         <load_address>0x3f0849</load_address>
         <run_address>0x3f0849</run_address>
         <size>0xbd</size>
         <input_file_ref idref="fl-a4"/>
      </object_component>
      <object_component id="oc-277">
         <name>.text</name>
         <load_address>0x3f0906</load_address>
         <run_address>0x3f0906</run_address>
         <size>0xa9</size>
         <input_file_ref idref="fl-25"/>
      </object_component>
      <object_component id="oc-1b2">
         <name>.text</name>
         <load_address>0x3f09af</load_address>
         <run_address>0x3f09af</run_address>
         <size>0x9c</size>
         <input_file_ref idref="fl-9a"/>
      </object_component>
      <object_component id="oc-1a3">
         <name>.text</name>
         <load_address>0x3f0a4b</load_address>
         <run_address>0x3f0a4b</run_address>
         <size>0x8b</size>
         <input_file_ref idref="fl-97"/>
      </object_component>
      <object_component id="oc-260">
         <name>.text</name>
         <load_address>0x3f0ad6</load_address>
         <run_address>0x3f0ad6</run_address>
         <size>0x71</size>
         <input_file_ref idref="fl-22"/>
      </object_component>
      <object_component id="oc-267">
         <name>.text</name>
         <load_address>0x3f0b47</load_address>
         <run_address>0x3f0b47</run_address>
         <size>0x6e</size>
         <input_file_ref idref="fl-13"/>
      </object_component>
      <object_component id="oc-2a3">
         <name>.text</name>
         <load_address>0x3f0bb5</load_address>
         <run_address>0x3f0bb5</run_address>
         <size>0x69</size>
         <input_file_ref idref="fl-8c"/>
      </object_component>
      <object_component id="oc-2af">
         <name>.text</name>
         <load_address>0x3f0c1e</load_address>
         <run_address>0x3f0c1e</run_address>
         <size>0x5c</size>
         <input_file_ref idref="fl-a3"/>
      </object_component>
      <object_component id="oc-26d">
         <name>.text</name>
         <load_address>0x3f0c7a</load_address>
         <run_address>0x3f0c7a</run_address>
         <size>0x5b</size>
         <input_file_ref idref="fl-1c"/>
      </object_component>
      <object_component id="oc-18">
         <name>.text</name>
         <load_address>0x3f0cd5</load_address>
         <run_address>0x3f0cd5</run_address>
         <size>0x54</size>
         <input_file_ref idref="fl-88"/>
      </object_component>
      <object_component id="oc-271">
         <name>.text</name>
         <load_address>0x3f0d29</load_address>
         <run_address>0x3f0d29</run_address>
         <size>0x47</size>
         <input_file_ref idref="fl-17"/>
      </object_component>
      <object_component id="oc-274">
         <name>.text</name>
         <load_address>0x3f0d70</load_address>
         <run_address>0x3f0d70</run_address>
         <size>0x46</size>
         <input_file_ref idref="fl-2d"/>
      </object_component>
      <object_component id="oc-276">
         <name>.text</name>
         <load_address>0x3f0db6</load_address>
         <run_address>0x3f0db6</run_address>
         <size>0x44</size>
         <input_file_ref idref="fl-1e"/>
      </object_component>
      <object_component id="oc-25d">
         <name>.text</name>
         <load_address>0x3f0dfa</load_address>
         <run_address>0x3f0dfa</run_address>
         <size>0x32</size>
         <input_file_ref idref="fl-94"/>
      </object_component>
      <object_component id="oc-213">
         <name>.text</name>
         <load_address>0x3f0e2c</load_address>
         <run_address>0x3f0e2c</run_address>
         <size>0x32</size>
         <input_file_ref idref="fl-28"/>
      </object_component>
      <object_component id="oc-2ac">
         <name>.text</name>
         <load_address>0x3f0e5e</load_address>
         <run_address>0x3f0e5e</run_address>
         <size>0x31</size>
         <input_file_ref idref="fl-a1"/>
      </object_component>
      <object_component id="oc-2ae">
         <name>.text</name>
         <load_address>0x3f0e8f</load_address>
         <run_address>0x3f0e8f</run_address>
         <size>0x2e</size>
         <input_file_ref idref="fl-a7"/>
      </object_component>
      <object_component id="oc-270">
         <name>.text</name>
         <load_address>0x3f0ebd</load_address>
         <run_address>0x3f0ebd</run_address>
         <size>0x2d</size>
         <input_file_ref idref="fl-18"/>
      </object_component>
      <object_component id="oc-19e">
         <name>.text</name>
         <load_address>0x3f0eea</load_address>
         <run_address>0x3f0eea</run_address>
         <size>0x2a</size>
         <input_file_ref idref="fl-96"/>
      </object_component>
      <object_component id="oc-20f">
         <name>.text</name>
         <load_address>0x3f0f14</load_address>
         <run_address>0x3f0f14</run_address>
         <size>0x29</size>
         <input_file_ref idref="fl-8f"/>
      </object_component>
      <object_component id="oc-272">
         <name>.text</name>
         <load_address>0x3f0f3d</load_address>
         <run_address>0x3f0f3d</run_address>
         <size>0x25</size>
         <input_file_ref idref="fl-7"/>
      </object_component>
      <object_component id="oc-20c">
         <name>.text</name>
         <load_address>0x3f0f62</load_address>
         <run_address>0x3f0f62</run_address>
         <size>0x24</size>
         <input_file_ref idref="fl-8e"/>
      </object_component>
      <object_component id="oc-2b5">
         <name>.text</name>
         <load_address>0x3f0f86</load_address>
         <run_address>0x3f0f86</run_address>
         <size>0x23</size>
         <input_file_ref idref="fl-a5"/>
      </object_component>
      <object_component id="oc-264">
         <name>.text</name>
         <load_address>0x3f0fa9</load_address>
         <run_address>0x3f0fa9</run_address>
         <size>0x21</size>
         <input_file_ref idref="fl-c"/>
      </object_component>
      <object_component id="oc-1b7">
         <name>.text</name>
         <load_address>0x3f0fca</load_address>
         <run_address>0x3f0fca</run_address>
         <size>0x21</size>
         <input_file_ref idref="fl-9b"/>
      </object_component>
      <object_component id="oc-275">
         <name>.text</name>
         <load_address>0x3f0feb</load_address>
         <run_address>0x3f0feb</run_address>
         <size>0x20</size>
         <input_file_ref idref="fl-d"/>
      </object_component>
      <object_component id="oc-1c6">
         <name>.text</name>
         <load_address>0x3f100b</load_address>
         <run_address>0x3f100b</run_address>
         <size>0x1e</size>
         <input_file_ref idref="fl-9f"/>
      </object_component>
      <object_component id="oc-150">
         <name>.text</name>
         <load_address>0x3f1029</load_address>
         <run_address>0x3f1029</run_address>
         <size>0x1d</size>
         <input_file_ref idref="fl-4b"/>
      </object_component>
      <object_component id="oc-259">
         <name>.text</name>
         <load_address>0x3f1046</load_address>
         <run_address>0x3f1046</run_address>
         <size>0x1d</size>
         <input_file_ref idref="fl-92"/>
      </object_component>
      <object_component id="oc-1bc">
         <name>.text</name>
         <load_address>0x3f1063</load_address>
         <run_address>0x3f1063</run_address>
         <size>0x1c</size>
         <input_file_ref idref="fl-9d"/>
      </object_component>
      <object_component id="oc-20e">
         <name>.text</name>
         <load_address>0x3f107f</load_address>
         <run_address>0x3f107f</run_address>
         <size>0x19</size>
         <input_file_ref idref="fl-89"/>
      </object_component>
      <object_component id="oc-1c1">
         <name>.text</name>
         <load_address>0x3f1098</load_address>
         <run_address>0x3f1098</run_address>
         <size>0x18</size>
         <input_file_ref idref="fl-9e"/>
      </object_component>
      <object_component id="oc-265">
         <name>.text</name>
         <load_address>0x3f10b0</load_address>
         <run_address>0x3f10b0</run_address>
         <size>0xf</size>
         <input_file_ref idref="fl-16"/>
      </object_component>
      <object_component id="oc-1ad">
         <name>.text</name>
         <load_address>0x3f10bf</load_address>
         <run_address>0x3f10bf</run_address>
         <size>0xe</size>
         <input_file_ref idref="fl-99"/>
      </object_component>
      <object_component id="oc-2b3">
         <name>.text</name>
         <load_address>0x3f10cd</load_address>
         <run_address>0x3f10cd</run_address>
         <size>0xd</size>
         <input_file_ref idref="fl-aa"/>
      </object_component>
      <object_component id="oc-269">
         <name>.text</name>
         <load_address>0x3f10da</load_address>
         <run_address>0x3f10da</run_address>
         <size>0xc</size>
         <input_file_ref idref="fl-9"/>
      </object_component>
      <object_component id="oc-2b2">
         <name>.text</name>
         <load_address>0x3f10e6</load_address>
         <run_address>0x3f10e6</run_address>
         <size>0xc</size>
         <input_file_ref idref="fl-ab"/>
      </object_component>
      <object_component id="oc-2b1">
         <name>.text</name>
         <load_address>0x3f10f2</load_address>
         <run_address>0x3f10f2</run_address>
         <size>0xb</size>
         <input_file_ref idref="fl-ad"/>
      </object_component>
      <object_component id="oc-155">
         <name>.text</name>
         <load_address>0x3f10fd</load_address>
         <run_address>0x3f10fd</run_address>
         <size>0xb</size>
         <input_file_ref idref="fl-4d"/>
      </object_component>
      <object_component id="oc-2a0">
         <name>.text</name>
         <load_address>0x3f1108</load_address>
         <run_address>0x3f1108</run_address>
         <size>0x9</size>
         <input_file_ref idref="fl-90"/>
      </object_component>
      <object_component id="oc-1a8">
         <name>.text</name>
         <load_address>0x3f1111</load_address>
         <run_address>0x3f1111</run_address>
         <size>0x9</size>
         <input_file_ref idref="fl-98"/>
      </object_component>
      <object_component id="oc-25f">
         <name>.text</name>
         <load_address>0x3f111a</load_address>
         <run_address>0x3f111a</run_address>
         <size>0x9</size>
         <input_file_ref idref="fl-ac"/>
      </object_component>
      <object_component id="oc-5d">
         <name>.text</name>
         <load_address>0x3f1123</load_address>
         <run_address>0x3f1123</run_address>
         <size>0x8</size>
         <input_file_ref idref="fl-2"/>
      </object_component>
      <object_component id="oc-2ad">
         <name>.text</name>
         <load_address>0x3f112b</load_address>
         <run_address>0x3f112b</run_address>
         <size>0x8</size>
         <input_file_ref idref="fl-af"/>
      </object_component>
      <object_component id="oc-278">
         <name>.text</name>
         <load_address>0x3f1133</load_address>
         <run_address>0x3f1133</run_address>
         <size>0x6</size>
         <input_file_ref idref="fl-1f"/>
      </object_component>
      <object_component id="oc-ea">
         <name>.text:retain</name>
         <load_address>0x3f1139</load_address>
         <run_address>0x3f1139</run_address>
         <size>0x5</size>
         <input_file_ref idref="fl-1b"/>
      </object_component>
      <object_component id="oc-25e">
         <name>.text</name>
         <load_address>0x3f113e</load_address>
         <run_address>0x3f113e</run_address>
         <size>0x5</size>
         <input_file_ref idref="fl-ae"/>
      </object_component>
      <object_component id="oc-20b">
         <name>.text</name>
         <load_address>0x3f1143</load_address>
         <run_address>0x3f1143</run_address>
         <size>0x2</size>
         <input_file_ref idref="fl-8b"/>
      </object_component>
      <object_component id="oc-20d">
         <name>.text</name>
         <load_address>0x3f1145</load_address>
         <run_address>0x3f1145</run_address>
         <size>0x1</size>
         <input_file_ref idref="fl-8a"/>
      </object_component>
      <object_component id="oc-5e">
         <name>codestart</name>
         <load_address>0x3f7ff6</load_address>
         <run_address>0x3f7ff6</run_address>
         <size>0x2</size>
         <input_file_ref idref="fl-2"/>
      </object_component>
      <object_component id="oc-219">
         <name>ramfuncs</name>
         <load_address>0x3e8000</load_address>
         <run_address>0x8000</run_address>
         <size>0x538</size>
         <input_file_ref idref="fl-8"/>
      </object_component>
      <object_component id="oc-2aa">
         <name>ramfuncs</name>
         <load_address>0x3e8538</load_address>
         <run_address>0x8538</run_address>
         <size>0x32</size>
         <input_file_ref idref="fl-d"/>
      </object_component>
      <object_component id="oc-273">
         <name>ramfuncs</name>
         <load_address>0x3e856a</load_address>
         <run_address>0x856a</run_address>
         <size>0x1e</size>
         <input_file_ref idref="fl-f"/>
      </object_component>
      <object_component id="oc-138">
         <name>ramfuncs</name>
         <load_address>0x3e8588</load_address>
         <run_address>0x8588</run_address>
         <size>0x4</size>
         <input_file_ref idref="fl-2a"/>
      </object_component>
      <object_component id="oc-161">
         <name>.stack</name>
         <uninitialized>true</uninitialized>
         <run_address>0x50</run_address>
         <size>0x0</size>
         <input_file_ref idref="fl-88"/>
      </object_component>
      <object_component id="oc-2d9">
         <name>.stack</name>
         <uninitialized>true</uninitialized>
         <run_address>0x50</run_address>
         <size>0x0</size>
      </object_component>
      <object_component id="oc-65">
         <name>.ebss</name>
         <uninitialized>true</uninitialized>
         <run_address>0x8c00</run_address>
         <size>0x3c4</size>
         <input_file_ref idref="fl-3"/>
      </object_component>
      <object_component id="oc-7c">
         <name>.ebss</name>
         <uninitialized>true</uninitialized>
         <run_address>0x8fe6</run_address>
         <size>0x1</size>
         <input_file_ref idref="fl-7"/>
      </object_component>
      <object_component id="oc-89">
         <name>.ebss</name>
         <uninitialized>true</uninitialized>
         <run_address>0x8fc4</run_address>
         <size>0xc</size>
         <input_file_ref idref="fl-9"/>
      </object_component>
      <object_component id="oc-91">
         <name>.ebss</name>
         <uninitialized>true</uninitialized>
         <run_address>0x8fe4</run_address>
         <size>0x2</size>
         <input_file_ref idref="fl-a"/>
      </object_component>
      <object_component id="oc-ac">
         <name>.ebss</name>
         <uninitialized>true</uninitialized>
         <run_address>0x9140</run_address>
         <size>0xb8</size>
         <input_file_ref idref="fl-f"/>
      </object_component>
      <object_component id="oc-114">
         <name>.ebss</name>
         <uninitialized>true</uninitialized>
         <run_address>0x8fd0</run_address>
         <size>0xa</size>
         <input_file_ref idref="fl-23"/>
      </object_component>
      <object_component id="oc-145">
         <name>.ebss</name>
         <uninitialized>true</uninitialized>
         <run_address>0x9000</run_address>
         <size>0x130</size>
         <input_file_ref idref="fl-2c"/>
      </object_component>
      <object_component id="oc-183">
         <name>.ebss</name>
         <uninitialized>true</uninitialized>
         <run_address>0x8fda</run_address>
         <size>0x6</size>
         <input_file_ref idref="fl-8f"/>
      </object_component>
      <object_component id="oc-2ab">
         <name>.ebss:__unlock</name>
         <uninitialized>true</uninitialized>
         <run_address>0x8fe2</run_address>
         <size>0x2</size>
         <input_file_ref idref="fl-90"/>
      </object_component>
      <object_component id="oc-25a">
         <name>.ebss:__lock</name>
         <uninitialized>true</uninitialized>
         <run_address>0x8fe0</run_address>
         <size>0x2</size>
         <input_file_ref idref="fl-90"/>
      </object_component>
      <object_component id="oc-146">
         <name>.econst:.string</name>
         <load_address>0x3f1146</load_address>
         <run_address>0x3f1146</run_address>
         <size>0x12b</size>
         <input_file_ref idref="fl-2c"/>
      </object_component>
      <object_component id="oc-2b4">
         <name>.econst:.string:__ctypes_</name>
         <load_address>0x3f1271</load_address>
         <run_address>0x3f1271</run_address>
         <size>0x101</size>
         <input_file_ref idref="fl-a2"/>
      </object_component>
      <object_component id="oc-288">
         <name>.econst:_g_ai8DescAccessLevel</name>
         <load_address>0x3f1372</load_address>
         <run_address>0x3f1372</run_address>
         <size>0x55</size>
         <input_file_ref idref="fl-2c"/>
      </object_component>
      <object_component id="oc-283">
         <name>.econst:_g_ai8DescCtrlMethod</name>
         <load_address>0x3f13c7</load_address>
         <run_address>0x3f13c7</run_address>
         <size>0x44</size>
         <input_file_ref idref="fl-2c"/>
      </object_component>
      <object_component id="oc-285">
         <name>.econst:_g_ai8DescReferSelect</name>
         <load_address>0x3f140b</load_address>
         <run_address>0x3f140b</run_address>
         <size>0x44</size>
         <input_file_ref idref="fl-2c"/>
      </object_component>
      <object_component id="oc-27b">
         <name>.econst:_g_ai8DescStopMethod</name>
         <load_address>0x3f144f</load_address>
         <run_address>0x3f144f</run_address>
         <size>0x44</size>
         <input_file_ref idref="fl-2c"/>
      </object_component>
      <object_component id="oc-281">
         <name>.econst:_g_ai8DescCtrlMode</name>
         <load_address>0x3f1493</load_address>
         <run_address>0x3f1493</run_address>
         <size>0x33</size>
         <input_file_ref idref="fl-2c"/>
      </object_component>
      <object_component id="oc-261">
         <name>.econst:_$P$T1$5</name>
         <load_address>0x3f14c6</load_address>
         <run_address>0x3f14c6</run_address>
         <size>0x2e</size>
         <input_file_ref idref="fl-23"/>
      </object_component>
      <object_component id="oc-199">
         <name>.econst:.string</name>
         <load_address>0x3f14f4</load_address>
         <run_address>0x3f14f4</run_address>
         <size>0x26</size>
         <input_file_ref idref="fl-95"/>
      </object_component>
      <object_component id="oc-262">
         <name>.econst:_$P$T0$4</name>
         <load_address>0x3f151a</load_address>
         <run_address>0x3f151a</run_address>
         <size>0x25</size>
         <input_file_ref idref="fl-23"/>
      </object_component>
      <object_component id="oc-27d">
         <name>.econst:_g_ai8DescEnable</name>
         <load_address>0x3f153f</load_address>
         <run_address>0x3f153f</run_address>
         <size>0x22</size>
         <input_file_ref idref="fl-2c"/>
      </object_component>
      <object_component id="oc-115">
         <name>.econst:.string</name>
         <load_address>0x3f1562</load_address>
         <run_address>0x3f1562</run_address>
         <size>0x1f</size>
         <input_file_ref idref="fl-23"/>
      </object_component>
      <object_component id="oc-198">
         <name>.econst</name>
         <load_address>0x3f1582</load_address>
         <run_address>0x3f1582</run_address>
         <size>0x1c</size>
         <input_file_ref idref="fl-95"/>
      </object_component>
      <object_component id="oc-1de">
         <name>.econst</name>
         <load_address>0x3f159e</load_address>
         <run_address>0x3f159e</run_address>
         <size>0x1c</size>
         <input_file_ref idref="fl-a4"/>
      </object_component>
      <object_component id="oc-21b">
         <name>.econst:_g_dmFunA1</name>
         <load_address>0x3f15ba</load_address>
         <run_address>0x3f15ba</run_address>
         <size>0x1a</size>
         <input_file_ref idref="fl-2c"/>
      </object_component>
      <object_component id="oc-230">
         <name>.econst:_g_dmFunC1</name>
         <load_address>0x3f15d4</load_address>
         <run_address>0x3f15d4</run_address>
         <size>0x1a</size>
         <input_file_ref idref="fl-2c"/>
      </object_component>
      <object_component id="oc-231">
         <name>.econst:_g_dmFunC2</name>
         <load_address>0x3f15ee</load_address>
         <run_address>0x3f15ee</run_address>
         <size>0x1a</size>
         <input_file_ref idref="fl-2c"/>
      </object_component>
      <object_component id="oc-232">
         <name>.econst:_g_dmFunC3</name>
         <load_address>0x3f1608</load_address>
         <run_address>0x3f1608</run_address>
         <size>0x1a</size>
         <input_file_ref idref="fl-2c"/>
      </object_component>
      <object_component id="oc-233">
         <name>.econst:_g_dmFunC4</name>
         <load_address>0x3f1622</load_address>
         <run_address>0x3f1622</run_address>
         <size>0x1a</size>
         <input_file_ref idref="fl-2c"/>
      </object_component>
      <object_component id="oc-234">
         <name>.econst:_g_dmFunC5</name>
         <load_address>0x3f163c</load_address>
         <run_address>0x3f163c</run_address>
         <size>0x1a</size>
         <input_file_ref idref="fl-2c"/>
      </object_component>
      <object_component id="oc-235">
         <name>.econst:_g_dmFunC6</name>
         <load_address>0x3f1656</load_address>
         <run_address>0x3f1656</run_address>
         <size>0x1a</size>
         <input_file_ref idref="fl-2c"/>
      </object_component>
      <object_component id="oc-236">
         <name>.econst:_g_dmFunC7</name>
         <load_address>0x3f1670</load_address>
         <run_address>0x3f1670</run_address>
         <size>0x1a</size>
         <input_file_ref idref="fl-2c"/>
      </object_component>
      <object_component id="oc-237">
         <name>.econst:_g_dmFunC8</name>
         <load_address>0x3f168a</load_address>
         <run_address>0x3f168a</run_address>
         <size>0x1a</size>
         <input_file_ref idref="fl-2c"/>
      </object_component>
      <object_component id="oc-22b">
         <name>.econst:_g_dmFunCellA1_01</name>
         <load_address>0x3f16a4</load_address>
         <run_address>0x3f16a4</run_address>
         <size>0x1a</size>
         <input_file_ref idref="fl-2c"/>
      </object_component>
      <object_component id="oc-22c">
         <name>.econst:_g_dmFunCellA1_02</name>
         <load_address>0x3f16be</load_address>
         <run_address>0x3f16be</run_address>
         <size>0x1a</size>
         <input_file_ref idref="fl-2c"/>
      </object_component>
      <object_component id="oc-22d">
         <name>.econst:_g_dmFunCellA1_03</name>
         <load_address>0x3f16d8</load_address>
         <run_address>0x3f16d8</run_address>
         <size>0x1a</size>
         <input_file_ref idref="fl-2c"/>
      </object_component>
      <object_component id="oc-22e">
         <name>.econst:_g_dmFunCellA1_04</name>
         <load_address>0x3f16f2</load_address>
         <run_address>0x3f16f2</run_address>
         <size>0x1a</size>
         <input_file_ref idref="fl-2c"/>
      </object_component>
      <object_component id="oc-22f">
         <name>.econst:_g_dmFunCellA1_05</name>
         <load_address>0x3f170c</load_address>
         <run_address>0x3f170c</run_address>
         <size>0x1a</size>
         <input_file_ref idref="fl-2c"/>
      </object_component>
      <object_component id="oc-223">
         <name>.econst:_g_dmFunCellC1_01</name>
         <load_address>0x3f1726</load_address>
         <run_address>0x3f1726</run_address>
         <size>0x1a</size>
         <input_file_ref idref="fl-2c"/>
      </object_component>
      <object_component id="oc-224">
         <name>.econst:_g_dmFunCellC1_02</name>
         <load_address>0x3f1740</load_address>
         <run_address>0x3f1740</run_address>
         <size>0x1a</size>
         <input_file_ref idref="fl-2c"/>
      </object_component>
      <object_component id="oc-21a">
         <name>.econst:_g_dmFunCellReserved</name>
         <load_address>0x3f175a</load_address>
         <run_address>0x3f175a</run_address>
         <size>0x1a</size>
         <input_file_ref idref="fl-2c"/>
      </object_component>
      <object_component id="oc-241">
         <name>.econst:_g_dmFunCellU1_01</name>
         <load_address>0x3f1774</load_address>
         <run_address>0x3f1774</run_address>
         <size>0x1a</size>
         <input_file_ref idref="fl-2c"/>
      </object_component>
      <object_component id="oc-242">
         <name>.econst:_g_dmFunCellU1_02</name>
         <load_address>0x3f178e</load_address>
         <run_address>0x3f178e</run_address>
         <size>0x1a</size>
         <input_file_ref idref="fl-2c"/>
      </object_component>
      <object_component id="oc-243">
         <name>.econst:_g_dmFunCellU1_03</name>
         <load_address>0x3f17a8</load_address>
         <run_address>0x3f17a8</run_address>
         <size>0x1a</size>
         <input_file_ref idref="fl-2c"/>
      </object_component>
      <object_component id="oc-244">
         <name>.econst:_g_dmFunCellU1_04</name>
         <load_address>0x3f17c2</load_address>
         <run_address>0x3f17c2</run_address>
         <size>0x1a</size>
         <input_file_ref idref="fl-2c"/>
      </object_component>
      <object_component id="oc-245">
         <name>.econst:_g_dmFunCellU1_05</name>
         <load_address>0x3f17dc</load_address>
         <run_address>0x3f17dc</run_address>
         <size>0x1a</size>
         <input_file_ref idref="fl-2c"/>
      </object_component>
      <object_component id="oc-246">
         <name>.econst:_g_dmFunCellU1_06</name>
         <load_address>0x3f17f6</load_address>
         <run_address>0x3f17f6</run_address>
         <size>0x1a</size>
         <input_file_ref idref="fl-2c"/>
      </object_component>
      <object_component id="oc-247">
         <name>.econst:_g_dmFunCellU1_07</name>
         <load_address>0x3f1810</load_address>
         <run_address>0x3f1810</run_address>
         <size>0x1a</size>
         <input_file_ref idref="fl-2c"/>
      </object_component>
      <object_component id="oc-248">
         <name>.econst:_g_dmFunCellU1_08</name>
         <load_address>0x3f182a</load_address>
         <run_address>0x3f182a</run_address>
         <size>0x1a</size>
         <input_file_ref idref="fl-2c"/>
      </object_component>
      <object_component id="oc-249">
         <name>.econst:_g_dmFunCellU1_09</name>
         <load_address>0x3f1844</load_address>
         <run_address>0x3f1844</run_address>
         <size>0x1a</size>
         <input_file_ref idref="fl-2c"/>
      </object_component>
      <object_component id="oc-24a">
         <name>.econst:_g_dmFunCellU1_10</name>
         <load_address>0x3f185e</load_address>
         <run_address>0x3f185e</run_address>
         <size>0x1a</size>
         <input_file_ref idref="fl-2c"/>
      </object_component>
      <object_component id="oc-24b">
         <name>.econst:_g_dmFunCellU1_11</name>
         <load_address>0x3f1878</load_address>
         <run_address>0x3f1878</run_address>
         <size>0x1a</size>
         <input_file_ref idref="fl-2c"/>
      </object_component>
      <object_component id="oc-24c">
         <name>.econst:_g_dmFunCellU1_12</name>
         <load_address>0x3f1892</load_address>
         <run_address>0x3f1892</run_address>
         <size>0x1a</size>
         <input_file_ref idref="fl-2c"/>
      </object_component>
      <object_component id="oc-24d">
         <name>.econst:_g_dmFunCellU1_13</name>
         <load_address>0x3f18ac</load_address>
         <run_address>0x3f18ac</run_address>
         <size>0x1a</size>
         <input_file_ref idref="fl-2c"/>
      </object_component>
      <object_component id="oc-24e">
         <name>.econst:_g_dmFunCellU1_14</name>
         <load_address>0x3f18c6</load_address>
         <run_address>0x3f18c6</run_address>
         <size>0x1a</size>
         <input_file_ref idref="fl-2c"/>
      </object_component>
      <object_component id="oc-24f">
         <name>.econst:_g_dmFunCellU1_15</name>
         <load_address>0x3f18e0</load_address>
         <run_address>0x3f18e0</run_address>
         <size>0x1a</size>
         <input_file_ref idref="fl-2c"/>
      </object_component>
      <object_component id="oc-250">
         <name>.econst:_g_dmFunCellU1_16</name>
         <load_address>0x3f18fa</load_address>
         <run_address>0x3f18fa</run_address>
         <size>0x1a</size>
         <input_file_ref idref="fl-2c"/>
      </object_component>
      <object_component id="oc-251">
         <name>.econst:_g_dmFunCellU1_17</name>
         <load_address>0x3f1914</load_address>
         <run_address>0x3f1914</run_address>
         <size>0x1a</size>
         <input_file_ref idref="fl-2c"/>
      </object_component>
      <object_component id="oc-252">
         <name>.econst:_g_dmFunCellU1_18</name>
         <load_address>0x3f192e</load_address>
         <run_address>0x3f192e</run_address>
         <size>0x1a</size>
         <input_file_ref idref="fl-2c"/>
      </object_component>
      <object_component id="oc-253">
         <name>.econst:_g_dmFunCellU1_19</name>
         <load_address>0x3f1948</load_address>
         <run_address>0x3f1948</run_address>
         <size>0x1a</size>
         <input_file_ref idref="fl-2c"/>
      </object_component>
      <object_component id="oc-254">
         <name>.econst:_g_dmFunCellU1_20</name>
         <load_address>0x3f1962</load_address>
         <run_address>0x3f1962</run_address>
         <size>0x1a</size>
         <input_file_ref idref="fl-2c"/>
      </object_component>
      <object_component id="oc-255">
         <name>.econst:_g_dmFunCellU1_21</name>
         <load_address>0x3f197c</load_address>
         <run_address>0x3f197c</run_address>
         <size>0x1a</size>
         <input_file_ref idref="fl-2c"/>
      </object_component>
      <object_component id="oc-256">
         <name>.econst:_g_dmFunCellU1_22</name>
         <load_address>0x3f1996</load_address>
         <run_address>0x3f1996</run_address>
         <size>0x1a</size>
         <input_file_ref idref="fl-2c"/>
      </object_component>
      <object_component id="oc-257">
         <name>.econst:_g_dmFunCellU1_23</name>
         <load_address>0x3f19b0</load_address>
         <run_address>0x3f19b0</run_address>
         <size>0x1a</size>
         <input_file_ref idref="fl-2c"/>
      </object_component>
      <object_component id="oc-258">
         <name>.econst:_g_dmFunCellU1_24</name>
         <load_address>0x3f19ca</load_address>
         <run_address>0x3f19ca</run_address>
         <size>0x1a</size>
         <input_file_ref idref="fl-2c"/>
      </object_component>
      <object_component id="oc-21c">
         <name>.econst:_g_dmFunCellU2_01</name>
         <load_address>0x3f19e4</load_address>
         <run_address>0x3f19e4</run_address>
         <size>0x1a</size>
         <input_file_ref idref="fl-2c"/>
      </object_component>
      <object_component id="oc-21f">
         <name>.econst:_g_dmFunCellb1_03</name>
         <load_address>0x3f19fe</load_address>
         <run_address>0x3f19fe</run_address>
         <size>0x1a</size>
         <input_file_ref idref="fl-2c"/>
      </object_component>
      <object_component id="oc-220">
         <name>.econst:_g_dmFunCellb1_04</name>
         <load_address>0x3f1a18</load_address>
         <run_address>0x3f1a18</run_address>
         <size>0x1a</size>
         <input_file_ref idref="fl-2c"/>
      </object_component>
      <object_component id="oc-225">
         <name>.econst:_g_dmFunU1</name>
         <load_address>0x3f1a32</load_address>
         <run_address>0x3f1a32</run_address>
         <size>0x1a</size>
         <input_file_ref idref="fl-2c"/>
      </object_component>
      <object_component id="oc-226">
         <name>.econst:_g_dmFunU2</name>
         <load_address>0x3f1a4c</load_address>
         <run_address>0x3f1a4c</run_address>
         <size>0x1a</size>
         <input_file_ref idref="fl-2c"/>
      </object_component>
      <object_component id="oc-238">
         <name>.econst:_g_dmFunb1</name>
         <load_address>0x3f1a66</load_address>
         <run_address>0x3f1a66</run_address>
         <size>0x1a</size>
         <input_file_ref idref="fl-2c"/>
      </object_component>
      <object_component id="oc-239">
         <name>.econst:_g_dmFunb2</name>
         <load_address>0x3f1a80</load_address>
         <run_address>0x3f1a80</run_address>
         <size>0x1a</size>
         <input_file_ref idref="fl-2c"/>
      </object_component>
      <object_component id="oc-23a">
         <name>.econst:_g_dmFunb3</name>
         <load_address>0x3f1a9a</load_address>
         <run_address>0x3f1a9a</run_address>
         <size>0x1a</size>
         <input_file_ref idref="fl-2c"/>
      </object_component>
      <object_component id="oc-23b">
         <name>.econst:_g_dmFunb4</name>
         <load_address>0x3f1ab4</load_address>
         <run_address>0x3f1ab4</run_address>
         <size>0x1a</size>
         <input_file_ref idref="fl-2c"/>
      </object_component>
      <object_component id="oc-23c">
         <name>.econst:_g_dmFunb5</name>
         <load_address>0x3f1ace</load_address>
         <run_address>0x3f1ace</run_address>
         <size>0x1a</size>
         <input_file_ref idref="fl-2c"/>
      </object_component>
      <object_component id="oc-23d">
         <name>.econst:_g_dmFunb6</name>
         <load_address>0x3f1ae8</load_address>
         <run_address>0x3f1ae8</run_address>
         <size>0x1a</size>
         <input_file_ref idref="fl-2c"/>
      </object_component>
      <object_component id="oc-23e">
         <name>.econst:_g_dmFunb7</name>
         <load_address>0x3f1b02</load_address>
         <run_address>0x3f1b02</run_address>
         <size>0x1a</size>
         <input_file_ref idref="fl-2c"/>
      </object_component>
      <object_component id="oc-23f">
         <name>.econst:_g_dmFunb8</name>
         <load_address>0x3f1b1c</load_address>
         <run_address>0x3f1b1c</run_address>
         <size>0x1a</size>
         <input_file_ref idref="fl-2c"/>
      </object_component>
      <object_component id="oc-240">
         <name>.econst:_g_dmFunb9</name>
         <load_address>0x3f1b36</load_address>
         <run_address>0x3f1b36</run_address>
         <size>0x1a</size>
         <input_file_ref idref="fl-2c"/>
[...]
         <value>0x3f9378</value>
      </symbol>
      <symbol id="sm-a87">
         <name>_EST_run</name>
         <value>0x3f927b</value>
      </symbol>
      <symbol id="sm-a89">
         <name>_EST_setFlag_enableForceAngle</name>
         <value>0x3f8bdb</value>
      </symbol>
      <symbol id="sm-a8b">
         <name>_EST_setFlag_enableRsRecalc</name>
         <value>0x3f8bd3</value>
      </symbol>
      <symbol id="sm-a8d">
         <name>_EST_setId_ref_pu</name>
         <value>0x3f8b80</value>
      </symbol>
      <symbol id="sm-a8f">
         <name>_EST_setIdle</name>
         <value>0x3f8b7a</value>
      </symbol>
      <symbol id="sm-a91">
         <name>_EST_setIdle_all</name>
         <value>0x3f8b67</value>
      </symbol>
      <symbol id="sm-a93">
         <name>_EST_setIq_ref_pu</name>
         <value>0x3f8b63</value>
      </symbol>
      <symbol id="sm-a95">
         <name>_EST_setLs_d_pu</name>
         <value>0x3f8b45</value>
      </symbol>
      <symbol id="sm-a97">
         <name>_EST_setLs_qFmt</name>
         <value>0x3f8af1</value>
      </symbol>
      <symbol id="sm-a99">
         <name>_EST_setLs_q_pu</name>
         <value>0x3f8ae7</value>
      </symbol>
      <symbol id="sm-a9b">
         <name>_EST_setMaxCurrentSlope_pu</name>
         <value>0x3f8adb</value>
      </symbol>
      <symbol id="sm-a9d">
         <name>_EST_setRs_pu</name>
         <value>0x3f8a18</value>
      </symbol>
      <symbol id="sm-a9f">
         <name>_EST_updateId_ref_pu</name>
         <value>0x3f89f5</value>
      </symbol>
      <symbol id="sm-aa1">
         <name>_EST_updateState</name>
         <value>0x3f8713</value>
      </symbol>
      <symbol id="sm-aa3">
         <name>_EST_useZeroIq_ref</name>
         <value>0x3f861d</value>
      </symbol>
      <symbol id="sm-aae">
         <name>__IQ24cosPU</name>
         <value>0x3f2090</value>
         <object_component_ref idref="oc-15a"/>
      </symbol>
      <symbol id="sm-ab2">
         <name>_IQ16mpyRndSatTable</name>
         <value>0x3fe6c0</value>
         <object_component_ref idref="oc-15b"/>
      </symbol>
      <symbol id="sm-ab3">
         <name>_IQ24mpyRndSatTable</name>
         <value>0x3fe660</value>
         <object_component_ref idref="oc-15b"/>
      </symbol>
      <symbol id="sm-ab4">
         <name>_IQ13mpyRndSatTable</name>
         <value>0x3fe6e4</value>
         <object_component_ref idref="oc-15b"/>
      </symbol>
      <symbol id="sm-ab5">
         <name>_IQ21mpyRndSatTable</name>
         <value>0x3fe684</value>
         <object_component_ref idref="oc-15b"/>
      </symbol>
      <symbol id="sm-ab6">
         <name>_IQ10mpyRndSatTable</name>
         <value>0x3fe708</value>
         <object_component_ref idref="oc-15b"/>
      </symbol>
      <symbol id="sm-ab7">
         <name>_IQdivTable</name>
         <value>0x3fe140</value>
         <object_component_ref idref="oc-15b"/>
      </symbol>
      <symbol id="sm-ab8">
         <name>_IQ9mpyRndSatTable</name>
         <value>0x3fe714</value>
         <object_component_ref idref="oc-15b"/>
      </symbol>
      <symbol id="sm-ab9">
         <name>_IQ6mpyRndSatTable</name>
         <value>0x3fe738</value>
         <object_component_ref idref="oc-15b"/>
      </symbol>
      <symbol id="sm-aba">
         <name>_IQatan2TableEnd</name>
         <value>0x3fe618</value>
         <object_component_ref idref="oc-15b"/>
      </symbol>
      <symbol id="sm-abb">
         <name>_IQdivTableEnd</name>
         <value>0x3fe342</value>
         <object_component_ref idref="oc-15b"/>
      </symbol>
      <symbol id="sm-abc">
         <name>_IQ29mpyRndSatTable</name>
         <value>0x3fe624</value>
         <object_component_ref idref="oc-15b"/>
      </symbol>
      <symbol id="sm-abd">
         <name>_IQ3mpyRndSatTable</name>
         <value>0x3fe75c</value>
         <object_component_ref idref="oc-15b"/>
      </symbol>
      <symbol id="sm-abe">
         <name>_IQ18mpyRndSatTable</name>
         <value>0x3fe6a8</value>
         <object_component_ref idref="oc-15b"/>
      </symbol>
      <symbol id="sm-abf">
         <name>_IQ26mpyRndSatTable</name>
         <value>0x3fe648</value>
         <object_component_ref idref="oc-15b"/>
      </symbol>
      <symbol id="sm-ac0">
         <name>_IQcosTableEnd</name>
         <value>0x3fe132</value>
         <object_component_ref idref="oc-15b"/>
      </symbol>
      <symbol id="sm-ac1">
         <name>_IQsinTableEnd</name>
         <value>0x3fe030</value>
         <object_component_ref idref="oc-15b"/>
      </symbol>
      <symbol id="sm-ac2">
         <name>_IQ15mpyRndSatTable</name>
         <value>0x3fe6cc</value>
         <object_component_ref idref="oc-15b"/>
      </symbol>
      <symbol id="sm-ac3">
         <name>_IQ23mpyRndSatTable</name>
         <value>0x3fe66c</value>
         <object_component_ref idref="oc-15b"/>
      </symbol>
      <symbol id="sm-ac4">
         <name>_IQ12mpyRndSatTable</name>
         <value>0x3fe6f0</value>
         <object_component_ref idref="oc-15b"/>
      </symbol>
      <symbol id="sm-ac5">
         <name>_IQ20mpyRndSatTable</name>
         <value>0x3fe690</value>
         <object_component_ref idref="oc-15b"/>
      </symbol>
      <symbol id="sm-ac6">
         <name>_IQisqrtTableEnd</name>
         <value>0x3fe454</value>
         <object_component_ref idref="oc-15b"/>
      </symbol>
      <symbol id="sm-ac7">
         <name>_IQ8mpyRndSatTable</name>
         <value>0x3fe720</value>
         <object_component_ref idref="oc-15b"/>
      </symbol>
      <symbol id="sm-ac8">
         <name>_IQisqrtRoundSatTable</name>
         <value>0x3fe342</value>
         <object_component_ref idref="oc-15b"/>
      </symbol>
      <symbol id="sm-ac9">
         <name>_IQ5mpyRndSatTable</name>
         <value>0x3fe744</value>
         <object_component_ref idref="oc-15b"/>
      </symbol>
      <symbol id="sm-aca">
         <name>_IQmpyRndSatTable</name>
         <value>0x3fe618</value>
         <object_component_ref idref="oc-15b"/>
      </symbol>
      <symbol id="sm-acb">
         <name>_IQ28mpyRndSatTable</name>
         <value>0x3fe630</value>
         <object_component_ref idref="oc-15b"/>
      </symbol>
      <symbol id="sm-acc">
         <name>_IQatan2Table</name>
         <value>0x3fe492</value>
         <object_component_ref idref="oc-15b"/>
      </symbol>
      <symbol id="sm-acd">
         <name>_IQ2mpyRndSatTable</name>
         <value>0x3fe768</value>
         <object_component_ref idref="oc-15b"/>
      </symbol>
      <symbol id="sm-ace">
         <name>_IQatan2HalfPITable</name>
         <value>0x3fe454</value>
         <object_component_ref idref="oc-15b"/>
      </symbol>
      <symbol id="sm-acf">
         <name>_IQ17mpyRndSatTable</name>
         <value>0x3fe6b4</value>
         <object_component_ref idref="oc-15b"/>
      </symbol>
      <symbol id="sm-ad0">
         <name>_IQ25mpyRndSatTable</name>
         <value>0x3fe654</value>
         <object_component_ref idref="oc-15b"/>
      </symbol>
      <symbol id="sm-ad1">
         <name>_IQsqrtTable</name>
         <value>0x3fe352</value>
         <object_component_ref idref="oc-15b"/>
      </symbol>
      <symbol id="sm-ad2">
         <name>_IQsqrtTableEnd</name>
         <value>0x3fe454</value>
         <object_component_ref idref="oc-15b"/>
      </symbol>
      <symbol id="sm-ad3">
         <name>_IQ14mpyRndSatTable</name>
         <value>0x3fe6d8</value>
         <object_component_ref idref="oc-15b"/>
      </symbol>
      <symbol id="sm-ad4">
         <name>_IQ22mpyRndSatTable</name>
         <value>0x3fe678</value>
         <object_component_ref idref="oc-15b"/>
      </symbol>
      <symbol id="sm-ad5">
         <name>_IQ30mpyRndSatTable</name>
         <value>0x3fe618</value>
         <object_component_ref idref="oc-15b"/>
      </symbol>
      <symbol id="sm-ad6">
         <name>_IQsqrtRoundSatTable</name>
         <value>0x3fe342</value>
         <object_component_ref idref="oc-15b"/>
      </symbol>
      <symbol id="sm-ad7">
         <name>_IQ11mpyRndSatTable</name>
         <value>0x3fe6fc</value>
         <object_component_ref idref="oc-15b"/>
      </symbol>
      <symbol id="sm-ad8">
         <name>_IQdivRoundSatTable</name>
         <value>0x3fe132</value>
         <object_component_ref idref="oc-15b"/>
      </symbol>
      <symbol id="sm-ad9">
         <name>_IQ7mpyRndSatTable</name>
         <value>0x3fe72c</value>
         <object_component_ref idref="oc-15b"/>
      </symbol>
      <symbol id="sm-ada">
         <name>_IQcosTable</name>
         <value>0x3fdd30</value>
         <object_component_ref idref="oc-15b"/>
      </symbol>
      <symbol id="sm-adb">
         <name>_IQisqrtTable</name>
         <value>0x3fe352</value>
         <object_component_ref idref="oc-15b"/>
      </symbol>
      <symbol id="sm-adc">
         <name>_IQ4mpyRndSatTable</name>
         <value>0x3fe750</value>
         <object_component_ref idref="oc-15b"/>
      </symbol>
      <symbol id="sm-add">
         <name>_IQ19mpyRndSatTable</name>
         <value>0x3fe69c</value>
         <object_component_ref idref="oc-15b"/>
      </symbol>
      <symbol id="sm-ade">
         <name>_IQ27mpyRndSatTable</name>
         <value>0x3fe63c</value>
         <object_component_ref idref="oc-15b"/>
      </symbol>
      <symbol id="sm-adf">
         <name>_IQmpyRndSatTableEnd</name>
         <value>0x3fe780</value>
         <object_component_ref idref="oc-15b"/>
      </symbol>
      <symbol id="sm-ae0">
         <name>_IQ1mpyRndSatTable</name>
         <value>0x3fe774</value>
         <object_component_ref idref="oc-15b"/>
      </symbol>
      <symbol id="sm-ae1">
         <name>_IQsinTable</name>
         <value>0x3fdc30</value>
         <object_component_ref idref="oc-15b"/>
      </symbol>
      <symbol id="sm-aec">
         <name>__IQ24div</name>
         <value>0x3f1fde</value>
         <object_component_ref idref="oc-15c"/>
      </symbol>
      <symbol id="sm-af6">
         <name>__IQ24mpyI32int</name>
         <value>0x3f20cb</value>
         <object_component_ref idref="oc-15d"/>
      </symbol>
      <symbol id="sm-b01">
         <name>__IQ24sinPU</name>
         <value>0x3f2067</value>
         <object_component_ref idref="oc-15e"/>
      </symbol>
      <symbol id="sm-b0b">
         <name>__IQ24sqrt</name>
         <value>0x3f2025</value>
         <object_component_ref idref="oc-15f"/>
      </symbol>
      <symbol id="sm-b15">
         <name>__IQ30toF</name>
         <value>0x3f20b7</value>
         <object_component_ref idref="oc-160"/>
      </symbol>
      <symbol id="sm-b30">
         <name>_c_int00</name>
         <value>0x3f0cd5</value>
         <object_component_ref idref="oc-18"/>
      </symbol>
      <symbol id="sm-b31">
         <name>__stack</name>
         <value>0x50</value>
         <object_component_ref idref="oc-161"/>
      </symbol>
      <symbol id="sm-b40">
         <name>__args_main</name>
         <value>0x3f107f</value>
         <object_component_ref idref="oc-20e"/>
      </symbol>
      <symbol id="sm-b4c">
         <name>__system_post_cinit</name>
         <value>0x3f1145</value>
         <object_component_ref idref="oc-20d"/>
      </symbol>
      <symbol id="sm-b58">
         <name>__system_pre_init</name>
         <value>0x3f1143</value>
         <object_component_ref idref="oc-20b"/>
      </symbol>
      <symbol id="sm-b70">
         <name>_ceilf</name>
         <value>0x3f0bb5</value>
         <object_component_ref idref="oc-2a3"/>
      </symbol>
      <symbol id="sm-b71">
         <name>_ceil</name>
         <value>0x3f0bb5</value>
         <object_component_ref idref="oc-2a3"/>
      </symbol>
      <symbol id="sm-b73">
         <name>FS$$CMP</name>
         <value>0x3f85c9</value>
      </symbol>
      <symbol id="sm-b82">
         <name>_copy_in</name>
         <value>0x3f0f62</value>
         <object_component_ref idref="oc-20c"/>
      </symbol>
      <symbol id="sm-b96">
         <name>C$$EXIT</name>
         <value>0x3f0f14</value>
         <object_component_ref idref="oc-20f"/>
      </symbol>
      <symbol id="sm-b97">
         <name>_exit</name>
         <value>0x3f0f16</value>
         <object_component_ref idref="oc-20f"/>
      </symbol>
      <symbol id="sm-b98">
         <name>___TI_cleanup_ptr</name>
         <value>0x8fdc</value>
         <object_component_ref idref="oc-183"/>
      </symbol>
      <symbol id="sm-b99">
         <name>___TI_enable_exit_profile_output</name>
         <value>0x8fda</value>
         <object_component_ref idref="oc-183"/>
      </symbol>
      <symbol id="sm-b9a">
         <name>_abort</name>
         <value>0x3f0f14</value>
         <object_component_ref idref="oc-20f"/>
      </symbol>
      <symbol id="sm-b9b">
         <name>___TI_dtors_ptr</name>
         <value>0x8fde</value>
         <object_component_ref idref="oc-183"/>
      </symbol>
      <symbol id="sm-baf">
         <name>__unlock</name>
         <value>0x8fe2</value>
         <object_component_ref idref="oc-2ab"/>
      </symbol>
      <symbol id="sm-bb0">
         <name>__lock</name>
         <value>0x8fe0</value>
         <object_component_ref idref="oc-25a"/>
      </symbol>
      <symbol id="sm-bb1">
         <name>__register_lock</name>
         <value>0x3f110c</value>
         <object_component_ref idref="oc-2a0"/>
      </symbol>
      <symbol id="sm-bb2">
         <name>__nop</name>
         <value>0x3f1110</value>
         <object_component_ref idref="oc-2a0"/>
      </symbol>
      <symbol id="sm-bb3">
         <name>__register_unlock</name>
         <value>0x3f1108</value>
         <object_component_ref idref="oc-2a0"/>
      </symbol>
      <symbol id="sm-bb5">
         <name>_log</name>
         <value>0x3f8000</value>
      </symbol>
      <symbol id="sm-bc6">
         <name>_memcpy</name>
         <value>0x3f1046</value>
         <object_component_ref idref="oc-259"/>
      </symbol>
      <symbol id="sm-bc8">
         <name>_pow</name>
         <value>0x3f82dc</value>
      </symbol>
      <symbol id="sm-bd6">
         <name>_sprintf</name>
         <value>0x3f0dfa</value>
         <object_component_ref idref="oc-25d"/>
      </symbol>
      <symbol id="sm-d05">
         <name>___TI_printfi</name>
         <value>0x3ed738</value>
         <object_component_ref idref="oc-2a2"/>
      </symbol>
      <symbol id="sm-d15">
         <name>FD$$CMP</name>
         <value>0x3f0eea</value>
         <object_component_ref idref="oc-19e"/>
      </symbol>
      <symbol id="sm-d2c">
         <name>FD$$DIV</name>
         <value>0x3f0a4b</value>
         <object_component_ref idref="oc-1a3"/>
      </symbol>
      <symbol id="sm-d39">
         <name>FD$$NEG</name>
         <value>0x3f1111</value>
         <object_component_ref idref="oc-1a8"/>
      </symbol>
      <symbol id="sm-d45">
         <name>FD$$SUB</name>
         <value>0x3f10bf</value>
         <object_component_ref idref="oc-1ad"/>
      </symbol>
      <symbol id="sm-d60">
         <name>FD$$ADD</name>
         <value>0x3f09af</value>
         <object_component_ref idref="oc-1b2"/>
      </symbol>
      <symbol id="sm-d6f">
         <name>FD$$TOI</name>
         <value>0x3f0fca</value>
         <object_component_ref idref="oc-1b7"/>
      </symbol>
      <symbol id="sm-d71">
         <name>I$$TOFD</name>
         <value>0x3f855c</value>
      </symbol>
      <symbol id="sm-d81">
         <name>L$$TOFD</name>
         <value>0x3f1063</value>
         <object_component_ref idref="oc-1bc"/>
      </symbol>
      <symbol id="sm-d8d">
         <name>LL$$AND</name>
         <value>0x3f1098</value>
         <object_component_ref idref="oc-1c1"/>
      </symbol>
      <symbol id="sm-d8e">
         <name>LL$$OR</name>
         <value>0x3f10a0</value>
         <object_component_ref idref="oc-1c1"/>
      </symbol>
      <symbol id="sm-d8f">
         <name>LL$$XOR</name>
         <value>0x3f10a8</value>
         <object_component_ref idref="oc-1c1"/>
      </symbol>
      <symbol id="sm-d9d">
         <name>ULL$$CMP</name>
         <value>0x3f101d</value>
         <object_component_ref idref="oc-1c6"/>
      </symbol>
      <symbol id="sm-d9e">
         <name>LL$$CMP</name>
         <value>0x3f100b</value>
         <object_component_ref idref="oc-1c6"/>
      </symbol>
      <symbol id="sm-dca">
         <name>ULL$$MOD</name>
         <value>0x3f0477</value>
         <object_component_ref idref="oc-1cb"/>
      </symbol>
      <symbol id="sm-dcb">
         <name>ULL$$DIV</name>
         <value>0x3f0448</value>
         <object_component_ref idref="oc-1cb"/>
      </symbol>
      <symbol id="sm-dcc">
         <name>LL$$MOD</name>
         <value>0x3f040e</value>
         <object_component_ref idref="oc-1cb"/>
      </symbol>
      <symbol id="sm-dcd">
         <name>LL$$DIV</name>
         <value>0x3f03d2</value>
         <object_component_ref idref="oc-1cb"/>
      </symbol>
      <symbol id="sm-de1">
         <name>_atoi</name>
         <value>0x3f0e5e</value>
         <object_component_ref idref="oc-2ac"/>
      </symbol>
      <symbol id="sm-de9">
         <name>__ctypes_</name>
         <value>0x3f1271</value>
         <object_component_ref idref="oc-2b4"/>
      </symbol>
      <symbol id="sm-dfc">
         <name>_frexpl</name>
         <value>0x3f0c1e</value>
         <object_component_ref idref="oc-2af"/>
      </symbol>
      <symbol id="sm-e19">
         <name>_scalbnl</name>
         <value>0x3f0849</value>
         <object_component_ref idref="oc-2b0"/>
      </symbol>
      <symbol id="sm-e1a">
         <name>_ldexpl</name>
         <value>0x3f0849</value>
         <object_component_ref idref="oc-2b0"/>
      </symbol>
      <symbol id="sm-e27">
         <name>_copysignl</name>
         <value>0x3f0f86</value>
         <object_component_ref idref="oc-2b5"/>
      </symbol>
      <symbol id="sm-e29">
         <name>_errno</name>
         <value>0x13800</value>
      </symbol>
      <symbol id="sm-e37">
         <name>_ltoa</name>
         <value>0x3f0e8f</value>
         <object_component_ref idref="oc-2ae"/>
      </symbol>
      <symbol id="sm-e39">
         <name>L$$DIV</name>
         <value>0x3f84a3</value>
      </symbol>
      <symbol id="sm-e3b">
         <name>L$$MOD</name>
         <value>0x3f84b2</value>
      </symbol>
      <symbol id="sm-e4a">
         <name>_memccpy</name>
         <value>0x3f10cd</value>
         <object_component_ref idref="oc-2b3"/>
      </symbol>
      <symbol id="sm-e58">
         <name>_memset</name>
         <value>0x3f10e6</value>
         <object_component_ref idref="oc-2b2"/>
      </symbol>
      <symbol id="sm-e67">
         <name>_strcat</name>
         <value>0x3f111a</value>
         <object_component_ref idref="oc-25f"/>
      </symbol>
      <symbol id="sm-e76">
         <name>_strchr</name>
         <value>0x3f10f2</value>
         <object_component_ref idref="oc-2b1"/>
      </symbol>
      <symbol id="sm-e83">
         <name>_strcpy</name>
         <value>0x3f113e</value>
         <object_component_ref idref="oc-25e"/>
      </symbol>
      <symbol id="sm-e90">
         <name>_strlen</name>
         <value>0x3f112b</value>
         <object_component_ref idref="oc-2ad"/>
      </symbol>
   </symbol_table>
   <title>Link successful</title>
</link_info>
