******************************************************************************
             TMS320C2000 Linker PC v16.9.1                     
******************************************************************************
>> Linked Tue May 15 15:04:22 2018

OUTPUT FILE NAME:   <EV_28069M.out>
ENTRY POINT SYMBOL: "_c_int00"  address: 003f0cd5


MEMORY CONFIGURATION

         name            origin    length      used     unused   attr    fill
----------------------  --------  ---------  --------  --------  ----  --------
PAGE 0:
  RAML0_1               00008000   00000c00  0000058c  00000674  RWIX
  OTP                   003d7800   00000400  00000000  00000400  RWIX
  FLASHH                003d8000   00004000  00000000  00004000  RWIX
  FLASHG                003dc000   00004000  00000000  00004000  RWIX
  FLASHF                003e0000   00004000  00000000  00004000  RWIX
  FLASHE                003e4000   00004000  00000000  00004000  RWIX
  FLASHD                003e8000   00004000  0000058c  00003a74  RWIX
  FLASHA_C              003ec000   0000bf80  000060dc  00005ea4  RWIX
  CSM_RSVD              003f7f80   00000076  00000000  00000076  RWIX
  BEGIN                 003f7ff6   00000002  00000002  00000000  RWIX
  CSM_PWL_P0            003f7ff8   00000008  00000000  00000008  RWIX
  FPUTABLES             003fd590   000006a0  00000000  000006a0  RWIX
  IQTABLES              003fdc30   00000b50  00000b50  00000000  RWIX
  IQTABLES2             003fe780   0000008c  00000000  0000008c  RWIX
  IQTABLES3             003fe80c   000000aa  00000000  000000aa  RWIX
  ROM                   003ff3b0   00000c10  00000000  00000c10  RWIX
  RESET                 003fffc0   00000002  00000000  00000002  RWIX
  VECTORS               003fffc2   0000003e  00000000  0000003e  RWIX

PAGE 1:
  BOOT_RSVD             00000000   00000050  00000000  00000050  RWIX
  RAMM0                 00000050   000003b0  000003b0  00000000  RWIX
  RAMM1                 00000400   00000400  00000000  00000400  RWIX
  RAML2_3               00008c00   00001400  00000f98  00000468  RWIX
  RAML4                 0000a000   00002000  00000000  00002000  RWIX
  RAML5                 0000c000   00002000  00000000  00002000  RWIX
  RAML6                 0000e000   00002000  00000000  00002000  RWIX
  RAML7                 00010000   00002000  00000000  00002000  RWIX
  RAML8                 00012000   00001800  00000000  00001800  RWIX
  USB_RAM               00040000   00000800  00000000  00000800  RWIX


SECTION ALLOCATION MAP

 output                                  attributes/
section   page    origin      length       input sections
--------  ----  ----------  ----------   ----------------
ramfuncs   0    003e8000    0000058c     RUN ADDR = 00008000
                  003e8000    00000538     ctrlQEP.obj (ramfuncs)
                  003e8538    00000032     flash.obj (ramfuncs)
                  003e856a    0000001e     hal.obj (ramfuncs)
                  003e8588    00000004     usDelay.obj (ramfuncs)

.text      0    003ec000    00005146     
                  003ec000    00000cef     hal.obj (.text)
                  003eccef    00000b6e     rts2800_ml.lib : _printfi.obj (.text)
                  003ed85d    000007aa     user_data.obj (.text)
                  003ee007    000006eb     sci_operator.obj (.text)
                  003ee6f2    000004e0     Main.obj (.text)
                  003eebd2    0000043d     user.obj (.text)
                  003ef00f    000003fb     ctrlQEP.obj (.text)
                  003ef40a    000003ce     Main.obj (.text:retain)
                  003ef7d8    000002f6     pwm.obj (.text)
                  003eface    000001f8     adc.obj (.text)
                  003efcc6    000001be     i2c_24lc32.obj (.text)
                  003efe84    0000018a     clk.obj (.text)
                  003f000e    00000174     gpio.obj (.text)
                  003f0182    00000129     enc.obj (.text)
                  003f02ab    00000127     pie.obj (.text)
                  003f03d2    00000107     rts2800_ml.lib : ll_div28.obj (.text)
                  003f04d9    000000f7     i2c.obj (.text)
                  003f05d0    000000f1     sci.obj (.text)
                  003f06c1    000000c5     i2c_message.obj (.text)
                  003f0786    000000c3     sci_message.obj (.text)
                  003f0849    000000bd     rts2800_ml.lib : s_scalbn.obj (.text)
                  003f0906    000000a9     spi.obj (.text)
                  003f09af    0000009c     rts2800_ml.lib : fd_add28.obj (.text)
                  003f0a4b    0000008b                    : fd_div28.obj (.text)
                  003f0ad6    00000071     sci_modbus.obj (.text)
                  003f0b47    0000006e     i2c_mcp23017.obj (.text)
                  003f0bb5    00000069     rts2800_ml.lib : s_ceilf.obj (.text)
                  003f0c1e    0000005c                    : s_frexp.obj (.text)
                  003f0c7a    0000005b     pll.obj (.text)
                  003f0cd5    00000054     rts2800_ml.lib : boot28.obj (.text)
                  003f0d29    00000047     offset.obj (.text)
                  003f0d70    00000046     wdog.obj (.text)
                  003f0db6    00000044     pwr.obj (.text)
                  003f0dfa    00000032     rts2800_ml.lib : sprintf.obj (.text)
                  003f0e2c    00000032     timer.obj (.text)
                  003f0e5e    00000031     rts2800_ml.lib : atoi.obj (.text)
                  003f0e8f    0000002e                    : ltoa.obj (.text)
                  003f0ebd    0000002d     osc.obj (.text)
                  003f0eea    0000002a     rts2800_ml.lib : fd_cmp28.obj (.text)
                  003f0f14    00000029                    : exit.obj (.text)
                  003f0f3d    00000025     cpu.obj (.text)
                  003f0f62    00000024     rts2800_ml.lib : cpy_tbl.obj (.text)
                  003f0f86    00000023                    : s_copysign.obj (.text)
                  003f0fa9    00000021     filter_fo.obj (.text)
                  003f0fca    00000021     rts2800_ml.lib : fd_toi28.obj (.text)
                  003f0feb    00000020     flash.obj (.text)
                  003f100b    0000001e     rts2800_ml.lib : ll_cmp28.obj (.text)
                  003f1029    0000001d                    : fs_tou28.obj (.text)
                  003f1046    0000001d                    : memcpy.obj (.text)
                  003f1063    0000001c                    : l_tofd28.obj (.text)
                  003f107f    00000019                    : args_main.obj (.text)
                  003f1098    00000018                    : ll_aox28.obj (.text)
                  003f10b0    0000000f     memCopy.obj (.text)
                  003f10bf    0000000e     rts2800_ml.lib : fd_sub28.obj (.text)
                  003f10cd    0000000d                    : memccpy.obj (.text)
                  003f10da    0000000c     datalog.obj (.text)
                  003f10e6    0000000c     rts2800_ml.lib : memset.obj (.text)
                  003f10f2    0000000b                    : strchr.obj (.text)
                  003f10fd    0000000b                    : u_div28.obj (.text)
                  003f1108    00000009                    : _lock.obj (.text)
                  003f1111    00000009                    : fd_neg28.obj (.text)
                  003f111a    00000009                    : strcat.obj (.text)
                  003f1123    00000008     CodeStartBranch.obj (.text)
                  003f112b    00000008     rts2800_ml.lib : strlen.obj (.text)
                  003f1133    00000006     qep.obj (.text)
                  003f1139    00000005     pie.obj (.text:retain)
                  003f113e    00000005     rts2800_ml.lib : strcpy.obj (.text)
                  003f1143    00000002                    : pre_init.obj (.text)
                  003f1145    00000001                    : startup.obj (.text)

.econst    0    003f1146    00000c9c     
                  003f1146    0000012b     user_data.obj (.econst:.string)
                  003f1271    00000101     rts2800_ml.lib : ctype.obj (.econst:.string:__ctypes_)
                  003f1372    00000055     user_data.obj (.econst:_g_ai8DescAccessLevel)
                  003f13c7    00000044     user_data.obj (.econst:_g_ai8DescCtrlMethod)
                  003f140b    00000044     user_data.obj (.econst:_g_ai8DescReferSelect)
                  003f144f    00000044     user_data.obj (.econst:_g_ai8DescStopMethod)
                  003f1493    00000033     user_data.obj (.econst:_g_ai8DescCtrlMode)
                  003f14c6    0000002e     sci_operator.obj (.econst:_$P$T1$5)
                  003f14f4    00000026     rts2800_ml.lib : _printfi.obj (.econst:.string)
                  003f151a    00000025     sci_operator.obj (.econst:_$P$T0$4)
                  003f153f    00000022     user_data.obj (.econst:_g_ai8DescEnable)
                  003f1561    00000001     --HOLE-- [fill = 0]
                  003f1562    0000001f     sci_operator.obj (.econst:.string)
                  003f1581    00000001     --HOLE-- [fill = 0]
                  003f1582    0000001c     rts2800_ml.lib : _printfi.obj (.econst)
                  003f159e    0000001c                    : s_scalbn.obj (.econst)
                  003f15ba    0000001a     user_data.obj (.econst:_g_dmFunA1)
                  003f15d4    0000001a     user_data.obj (.econst:_g_dmFunC1)
                  003f15ee    0000001a     user_data.obj (.econst:_g_dmFunC2)
                  003f1608    0000001a     user_data.obj (.econst:_g_dmFunC3)
                  003f1622    0000001a     user_data.obj (.econst:_g_dmFunC4)
                  003f163c    0000001a     user_data.obj (.econst:_g_dmFunC5)
                  003f1656    0000001a     user_data.obj (.econst:_g_dmFunC6)
                  003f1670    0000001a     user_data.obj (.econst:_g_dmFunC7)
                  003f168a    0000001a     user_data.obj (.econst:_g_dmFunC8)
                  003f16a4    0000001a     user_data.obj (.econst:_g_dmFunCellA1_01)
                  003f16be    0000001a     user_data.obj (.econst:_g_dmFunCellA1_02)
                  003f16d8    0000001a     user_data.obj (.econst:_g_dmFunCellA1_03)
                  003f16f2    0000001a     user_data.obj (.econst:_g_dmFunCellA1_04)
                  003f170c    0000001a     user_data.obj (.econst:_g_dmFunCellA1_05)
                  003f1726    0000001a     user_data.obj (.econst:_g_dmFunCellC1_01)
                  003f1740    0000001a     user_data.obj (.econst:_g_dmFunCellC1_02)
                  003f175a    0000001a     user_data.obj (.econst:_g_dmFunCellReserved)
                  003f1774    0000001a     user_data.obj (.econst:_g_dmFunCellU1_01)
                  003f178e    0000001a     user_data.obj (.econst:_g_dmFunCellU1_02)
                  003f17a8    0000001a     user_data.obj (.econst:_g_dmFunCellU1_03)
                  003f17c2    0000001a     user_data.obj (.econst:_g_dmFunCellU1_04)
                  003f17dc    0000001a     user_data.obj (.econst:_g_dmFunCellU1_05)
                  003f17f6    0000001a     user_data.obj (.econst:_g_dmFunCellU1_06)
                  003f1810    0000001a     user_data.obj (.econst:_g_dmFunCellU1_07)
                  003f182a    0000001a     user_data.obj (.econst:_g_dmFunCellU1_08)
                  003f1844    0000001a     user_data.obj (.econst:_g_dmFunCellU1_09)
                  003f185e    0000001a     user_data.obj (.econst:_g_dmFunCellU1_10)
                  003f1878    0000001a     user_data.obj (.econst:_g_dmFunCellU1_11)
                  003f1892    0000001a     user_data.obj (.econst:_g_dmFunCellU1_12)
                  003f18ac    0000001a     user_data.obj (.econst:_g_dmFunCellU1_13)
                  003f18c6    0000001a     user_data.obj (.econst:_g_dmFunCellU1_14)
                  003f18e0    0000001a     user_data.obj (.econst:_g_dmFunCellU1_15)
                  003f18fa    0000001a     user_data.obj (.econst:_g_dmFunCellU1_16)
                  003f1914    0000001a     user_data.obj (.econst:_g_dmFunCellU1_17)
                  003f192e    0000001a     user_data.obj (.econst:_g_dmFunCellU1_18)
                  003f1948    0000001a     user_data.obj (.econst:_g_dmFunCellU1_19)
                  003f1962    0000001a     user_data.obj (.econst:_g_dmFunCellU1_20)
                  003f197c    0000001a     user_data.obj (.econst:_g_dmFunCellU1_21)
                  003f1996    0000001a     user_data.obj (.econst:_g_dmFunCellU1_22)
                  003f19b0    0000001a     user_data.obj (.econst:_g_dmFunCellU1_23)
                  003f19ca    0000001a     user_data.obj (.econst:_g_dmFunCellU1_24)
                  003f19e4    0000001a     user_data.obj (.econst:_g_dmFunCellU2_01)
                  003f19fe    0000001a     user_data.obj (.econst:_g_dmFunCellb1_03)
                  003f1a18    0000001a     user_data.obj (.econst:_g_dmFunCellb1_04)
                  003f1a32    0000001a     user_data.obj (.econst:_g_dmFunU1)
                  003f1a4c    0000001a     user_data.obj (.econst:_g_dmFunU2)
                  003f1a66    0000001a     user_data.obj (.econst:_g_dmFunb1)
                  003f1a80    0000001a     user_data.obj (.econst:_g_dmFunb2)
                  003f1a9a    0000001a     user_data.obj (.econst:_g_dmFunb3)
                  003f1ab4    0000001a     user_data.obj (.econst:_g_dmFunb4)
                  003f1ace    0000001a     user_data.obj (.econst:_g_dmFunb5)
                  003f1ae8    0000001a     user_data.obj (.econst:_g_dmFunb6)
                  003f1b02    0000001a     user_data.obj (.econst:_g_dmFunb7)
                  003f1b1c    0000001a     user_data.obj (.econst:_g_dmFunb8)
                  003f1b36    0000001a     user_data.obj (.econst:_g_dmFunb9)
                  003f1b50    0000001a     user_data.obj (.econst:_g_dmGroupA)
                  003f1b6a    0000001a     user_data.obj (.econst:_g_dmGroupC)
                  003f1b84    0000001a     user_data.obj (.econst:_g_dmGroupU)
                  003f1b9e    0000001a     user_data.obj (.econst:_g_dmGroupb)
                  003f1bb8    00000018     user_data.obj (.econst:_g_dmModeAutotuning)
                  003f1bd0    00000018     user_data.obj (.econst:_g_dmModeInitialize)
                  003f1be8    00000018     user_data.obj (.econst:_g_dmModeOperation)
                  003f1c00    00000018     user_data.obj (.econst:_g_dmModeProgram)
                  003f1c18    0000000c     user_data.obj (.econst:_g_dmCellAccTime1)
                  003f1c24    0000000c     user_data.obj (.econst:_g_dmCellAccessLvl)
                  003f1c30    0000000c     user_data.obj (.econst:_g_dmCellCtlMethod)
                  003f1c3c    0000000c     user_data.obj (.econst:_g_dmCellCtlMode)
                  003f1c48    0000000c     user_data.obj (.econst:_g_dmCellCurrentOut)
                  003f1c54    0000000c     user_data.obj (.econst:_g_dmCellCurrentU)
                  003f1c60    0000000c     user_data.obj (.econst:_g_dmCellCurrentV)
                  003f1c6c    0000000c     user_data.obj (.econst:_g_dmCellCurrentW)
                  003f1c78    0000000c     user_data.obj (.econst:_g_dmCellDCBus)
                  003f1c84    0000000c     user_data.obj (.econst:_g_dmCellDecTime1)
                  003f1c90    0000000c     user_data.obj (.econst:_g_dmCellExtAd1)
                  003f1c9c    0000000c     user_data.obj (.econst:_g_dmCellExtAd2)
                  003f1ca8    0000000c     user_data.obj (.econst:_g_dmCellExtAd3)
                  003f1cb4    0000000c     user_data.obj (.econst:_g_dmCellExtAd4)
                  003f1cc0    0000000c     user_data.obj (.econst:_g_dmCellExtAd5)
                  003f1ccc    0000000c     user_data.obj (.econst:_g_dmCellExtAd6)
                  003f1cd8    0000000c     user_data.obj (.econst:_g_dmCellExtTemp)
                  003f1ce4    0000000c     user_data.obj (.econst:_g_dmCellFreqOut)
                  003f1cf0    0000000c     user_data.obj (.econst:_g_dmCellFreqRef)
                  003f1cfc    0000000c     user_data.obj (.econst:_g_dmCellInputTerm)
                  003f1d08    0000000c     user_data.obj (.econst:_g_dmCellMotorSpd)
                  003f1d14    0000000c     user_data.obj (.econst:_g_dmCellOperationSel)
                  003f1d20    0000000c     user_data.obj (.econst:_g_dmCellOutputTerm)
                  003f1d2c    0000000c     user_data.obj (.econst:_g_dmCellPowerOut)
                  003f1d38    0000000c     user_data.obj (.econst:_g_dmCellReferenceSel)
                  003f1d44    0000000c     user_data.obj (.econst:_g_dmCellReserved)
                  003f1d50    0000000c     user_data.obj (.econst:_g_dmCellReverseProhibit)
                  003f1d5c    0000000c     user_data.obj (.econst:_g_dmCellStopMethod)
                  003f1d68    0000000c     user_data.obj (.econst:_g_dmCellTorqueRef)
                  003f1d74    0000000c     user_data.obj (.econst:_g_dmCellVoltageOut)
                  003f1d80    0000000c     user_data.obj (.econst:_g_dmCellVoltageU)
                  003f1d8c    0000000c     user_data.obj (.econst:_g_dmCellVoltageV)
                  003f1d98    0000000c     user_data.obj (.econst:_g_dmCellVoltageW)
                  003f1da4    00000008     enc.obj (.econst)
                  003f1dac    00000008     rts2800_ml.lib : s_frexp.obj (.econst)
                  003f1db4    00000008     user.obj (.econst)
                  003f1dbc    00000004     Main.obj (.econst)
                  003f1dc0    00000004     ctrlQEP.obj (.econst:_$P$T0$1)
                  003f1dc4    00000004     ctrlQEP.obj (.econst:_$P$T1$2)
                  003f1dc8    00000004     ctrlQEP.obj (.econst:_$P$T2$3)
                  003f1dcc    00000004     ctrlQEP.obj (.econst:_$P$T3$4)
                  003f1dd0    00000004     ctrlQEP.obj (.econst:_$P$T4$5)
                  003f1dd4    00000004     ctrlQEP.obj (.econst:_$P$T5$6)
                  003f1dd8    00000004     ctrlQEP.obj (.econst)
                  003f1ddc    00000004     hal.obj (.econst)
                  003f1de0    00000002     rts2800_ml.lib : s_ceilf.obj (.econst)

.cinit     0    003f1de2    000001fc     
                  003f1de2    00000143     user_data.obj (.cinit)
                  003f1f25    00000082     Main.obj (.cinit)
                  003f1fa7    0000000e     rts2800_ml.lib : exit.obj (.cinit)
                  003f1fb5    0000000d     datalog.obj (.cinit)
                  003f1fc2    0000000c     sci_operator.obj (.cinit)
                  003f1fce    00000005     rts2800_ml.lib : _lock.obj (.cinit:__lock)
                  003f1fd3    00000005                    : _lock.obj (.cinit:__unlock)
                  003f1fd8    00000004     drv8305.obj (.cinit)
                  003f1fdc    00000002     --HOLE-- [fill = 0]

.pinit     0    003ec000    00000000     UNINITIALIZED

IQmath     0    003f1fde    000000fe     
                  003f1fde    00000047     IQmath.lib : IQ24div.obj (IQmath)
                  003f2025    00000042                : IQ24sqrt.obj (IQmath)
                  003f2067    00000029                : IQ24sinPU.obj (IQmath)
                  003f2090    00000027                : IQ24cosPU.obj (IQmath)
                  003f20b7    00000014                : IQ30toF.obj (IQmath)
                  003f20cb    00000011                : IQ24mpyI32int.obj (IQmath)

codestart 
*          0    003f7ff6    00000002     
                  003f7ff6    00000002     CodeStartBranch.obj (codestart)

IQmathTables 
*          0    003fdc30    00000b50     NOLOAD SECTION
                  003fdc30    00000b50     IQmath.lib : IQmathTables.obj (IQmathTables)

.stack     1    00000050    000003b0     UNINITIALIZED
                  00000050    000003b0     --HOLE--

.ebss      1    00008c00    000005f8     UNINITIALIZED
                  00008c00    000003c4     Main.obj (.ebss)
                  00008fc4    0000000c     datalog.obj (.ebss)
                  00008fd0    0000000a     sci_operator.obj (.ebss)
                  00008fda    00000006     rts2800_ml.lib : exit.obj (.ebss)
                  00008fe0    00000002                    : _lock.obj (.ebss:__lock)
                  00008fe2    00000002                    : _lock.obj (.ebss:__unlock)
                  00008fe4    00000002     drv8305.obj (.ebss)
                  00008fe6    00000001     cpu.obj (.ebss)
                  00008fe7    00000019     --HOLE--
                  00009000    00000130     user_data.obj (.ebss)
                  00009130    00000010     --HOLE--
                  00009140    000000b8     hal.obj (.ebss)

.reset     0    003fffc0    00000002     DSECT
                  003fffc0    00000002     rts2800_ml.lib : boot28.obj (.reset)

vectors    0    003fffc2    00000000     DSECT

graph_data 
*          1    00009200    000009a0     UNINITIALIZED
                  00009200    000009a0     datalog.obj (graph_data)

MODULE SUMMARY

       Module                code    initialized data   uninitialized data
       ------                ----    ----------------   ------------------
    .\
       user_data.obj         1962    3022               304               
       ctrlQEP.obj           3691    28                 0                 
       hal.obj               3371    4                  184               
       Main.obj              2222    134                964               
       datalog.obj           12      13                 2476              
       sci_operator.obj      1771    126                10                
       user.obj              1085    8                  0                 
       pwm.obj               758     0                  0                 
       adc.obj               504     0                  0                 
       i2c_24lc32.obj        446     0                  0                 
       clk.obj               394     0                  0                 
       gpio.obj              372     0                  0                 
       enc.obj               297     8                  0                 
       pie.obj               300     0                  0                 
       i2c.obj               247     0                  0                 
       sci.obj               241     0                  0                 
       i2c_message.obj       197     0                  0                 
       sci_message.obj       195     0                  0                 
       spi.obj               169     0                  0                 
       flash.obj             132     0                  0                 
       sci_modbus.obj        113     0                  0                 
       i2c_mcp23017.obj      110     0                  0                 
       pll.obj               91      0                  0                 
       offset.obj            71      0                  0                 
       wdog.obj              70      0                  0                 
       pwr.obj               68      0                  0                 
       timer.obj             50      0                  0                 
       osc.obj               45      0                  0                 
       cpu.obj               37      0                  1                 
       filter_fo.obj         33      0                  0                 
       memCopy.obj           15      0                  0                 
       CodeStartBranch.obj   10      0                  0                 
       usDelay.obj           8       0                  0                 
       drv8305.obj           0       4                  2                 
       qep.obj               6       0                  0                 
    +--+---------------------+-------+------------------+--------------------+
       Total:                19093   3347               3941              
                                                                          
    ../sw/modules/iqmath/lib/f28x/32b/IQmath.lib
       IQmathTables.obj      0       2896               0                 
       IQ24div.obj           0       71                 0                 
       IQ24sqrt.obj          0       66                 0                 
       IQ24sinPU.obj         0       41                 0                 
       IQ24cosPU.obj         0       39                 0                 
       IQ30toF.obj           0       20                 0                 
       IQ24mpyI32int.obj     0       17                 0                 
    +--+---------------------+-------+------------------+--------------------+
       Total:                0       3150               0                 
                                                                          
    C:/ti/ccsv7/tools/compiler/ti-cgt-c2000_16.9.1.LTS/lib/rts2800_ml.lib
       _printfi.obj          2926    66                 0                 
       ll_div28.obj          263     0                  0                 
       ctype.obj             0       257                0                 
       s_scalbn.obj          189     28                 0                 
       fd_add28.obj          156     0                  0                 
       fd_div28.obj          139     0                  0                 
       s_ceilf.obj           105     2                  0                 
       s_frexp.obj           92      8                  0                 
       boot28.obj            84      0                  0                 
       exit.obj              41      14                 6                 
       sprintf.obj           50      0                  0                 
       atoi.obj              49      0                  0                 
       ltoa.obj              46      0                  0                 
       fd_cmp28.obj          42      0                  0                 
       cpy_tbl.obj           36      0                  0                 
       s_copysign.obj        35      0                  0                 
       fd_toi28.obj          33      0                  0                 
       ll_cmp28.obj          30      0                  0                 
       fs_tou28.obj          29      0                  0                 
       memcpy.obj            29      0                  0                 
       l_tofd28.obj          28      0                  0                 
       args_main.obj         25      0                  0                 
       ll_aox28.obj          24      0                  0                 
       _lock.obj             9       10                 4                 
       fd_sub28.obj          14      0                  0                 
       memccpy.obj           13      0                  0                 
       memset.obj            12      0                  0                 
       strchr.obj            11      0                  0                 
       u_div28.obj           11      0                  0                 
       fd_neg28.obj          9       0                  0                 
       strcat.obj            9       0                  0                 
       strlen.obj            8       0                  0                 
       strcpy.obj            5       0                  0                 
       pre_init.obj          2       0                  0                 
       startup.obj           1       0                  0                 
    +--+---------------------+-------+------------------+--------------------+
       Total:                4555    385                10                
                                                                          
       Stack:                0       0                  944               
    +--+---------------------+-------+------------------+--------------------+
       Grand Total:          23648   6882               4895              


GLOBAL DATA SYMBOLS: SORTED BY DATA PAGE

address     data page           name
--------    ----------------    ----
00000050       1 (00000040)     __stack

00008c00     230 (00008c00)     _gu16Counter_updateGlobals
00008c01     230 (00008c00)     _bFlag_Latch_softwareUpdate
00008c02     230 (00008c00)     _gModbusObj
00008c04     230 (00008c00)     _ghalHandle
00008c06     230 (00008c00)     _gpcontroller_obj
00008c08     230 (00008c00)     _gctrlHandle
00008c0a     230 (00008c00)     _giqMaxCurrentSlope
00008c0e     230 (00008c00)     _gFilterOutEncoderHandle
00008c10     230 (00008c00)     _gFilterOutCurrentHandle
00008c12     230 (00008c00)     _gFilterOutFreqHandle
00008c14     230 (00008c00)     _giqFlux_pu_to_Wb_sf
00008c16     230 (00008c00)     _giqFlux_pu_to_VpHz_sf
00008c18     230 (00008c00)     _giqTorque_Ls_Id_Iq_pu_to_Nm_sf
00008c1a     230 (00008c00)     _gIoexpandHandle
00008c1c     230 (00008c00)     _gLcdHandle
00008c1e     230 (00008c00)     _gencHandle
00008c20     230 (00008c00)     _gEepromHandle
00008c22     230 (00008c00)     _gi2cMessageHandle
00008c24     230 (00008c00)     _gFilterDCBusHandle
00008c26     230 (00008c00)     _giqTorque_Flux_Iq_pu_to_Nm_sf
00008c28     230 (00008c00)     _gModbusHandle
00008c2a     230 (00008c00)     _gLcdObj
00008c2c     230 (00008c00)     _gOperHandle
00008c2e     230 (00008c00)     _gsciMessageHandle
00008c32     230 (00008c00)     _gEepromObj
00008c36     230 (00008c00)     _gIoexpandObj

00008c40     231 (00008c40)     _gPwmData
00008c46     231 (00008c40)     _gFilterOutFreq
00008c50     231 (00008c40)     _gFilterDCBus
00008c5a     231 (00008c40)     _gFilterOutCurrent
00008c64     231 (00008c40)     _gFilterOutEncoder

00008c80     232 (00008c80)     _gAdcData
00008c9c     232 (00008c80)     _gencObj

00008cc0     233 (00008cc0)     _gDacData

00008d00     234 (00008d00)     _gOperObj

00008d40     235 (00008d40)     _gi2cMessage

00008dc0     237 (00008dc0)     _gMotorVars

00008e40     239 (00008e40)     _gUserParams

00008f00     23c (00008f00)     _gsciMessage

00008fc4     23f (00008fc0)     _datalogHandle
00008fc6     23f (00008fc0)     _datalog
00008fd1     23f (00008fc0)     _g_u16DeltaValue
00008fd3     23f (00008fc0)     _g_dmTypeCurrent
00008fd5     23f (00008fc0)     _g_u16EditValue
00008fd6     23f (00008fc0)     _g_pdmCellCurrent
00008fd8     23f (00008fc0)     _g_pOperatorObj
00008fda     23f (00008fc0)     ___TI_enable_exit_profile_output
00008fdc     23f (00008fc0)     ___TI_cleanup_ptr
00008fde     23f (00008fc0)     ___TI_dtors_ptr
00008fe0     23f (00008fc0)     __lock
00008fe2     23f (00008fc0)     __unlock
00008fe6     23f (00008fc0)     _cpu

00009000     240 (00009000)     _g_u16Password
00009001     240 (00009000)     _g_u8Initial
00009002     240 (00009000)     _g_u16InputTerms
00009003     240 (00009000)     _g_u8Language
00009004     240 (00009000)     _g_u16PowerOut
00009005     240 (00009000)     _g_u8AccessLevel
00009006     240 (00009000)     _g_u16AccTime1
00009007     240 (00009000)     _g_u8ReverseProhibit
00009008     240 (00009000)     _g_u8OperSelection
00009009     240 (00009000)     _g_u8StoppingMethod
0000900a     240 (00009000)     _g_u8OutputTerms
0000900b     240 (00009000)     _g_u8RefSelect
0000900c     240 (00009000)     _g_u16DelayCnt
0000900d     240 (00009000)     _g_u16Reserved
0000900e     240 (00009000)     _g_i16FreqRef
0000900f     240 (00009000)     _g_i16TorqueRef
00009010     240 (00009000)     _g_u8CtlMode
00009011     240 (00009000)     _g_u16DecTime1
00009012     240 (00009000)     _g_u16VoltageOut
00009013     240 (00009000)     _g_u8OperSignal
00009014     240 (00009000)     _g_u8CtlMethod
00009016     240 (00009000)     _g_dmFunCellArrayb6
00009018     240 (00009000)     _g_dmFunCellArrayb5
0000901a     240 (00009000)     _g_dmFunCellArrayb8
0000901c     240 (00009000)     _g_dmFunCellArrayb7
0000901e     240 (00009000)     _g_dmFunCellArrayb9
00009020     240 (00009000)     _g_dmFunAArray
00009022     240 (00009000)     _g_dmFunCellArrayU2
00009024     240 (00009000)     _g_dmFunCellArrayb3
00009026     240 (00009000)     _g_dmFunCellArrayb2
00009028     240 (00009000)     _g_dmFunCellArrayb4
0000902a     240 (00009000)     _g_dmFunCellArrayC8
0000902c     240 (00009000)     _g_dmFunCellArrayC7
0000902e     240 (00009000)     _g_dmGroupInitArray
00009030     240 (00009000)     _g_dmGroupOperArray
00009032     240 (00009000)     _gdmHandle
00009034     240 (00009000)     _g_dmFunCellArrayC3
00009036     240 (00009000)     _g_dmFunCellArrayC2
00009038     240 (00009000)     _g_dmFunCellArrayC5
0000903a     240 (00009000)     _g_dmFunCellArrayC4
0000903c     240 (00009000)     _g_dmFunCellArrayC6

00009040     241 (00009040)     _g_dmFunCellArrayb1
00009044     241 (00009040)     _g_dmGroupProgArray
00009048     241 (00009040)     _g_dmFunCellArrayC1
0000904c     241 (00009040)     _g_dmFunUArray
00009050     241 (00009040)     _g_dmModeArray
0000906c     241 (00009040)     _g_dmFunCellArrayA1

000090c0     243 (000090c0)     _g_dmFunCArray
000090d0     243 (000090c0)     _g_dmFunbArray
000090e2     243 (000090c0)     _gdmObj

00009100     244 (00009100)     _g_dmFunCellArrayU1

00009140     245 (00009140)     _ghal

00009200     248 (00009200)     _datalogBuff2

00009540     255 (00009540)     _datalogBuff1

00009880     262 (00009880)     _datalogBuff3

003f1271    fc49 (003f1240)     __ctypes_

003f1372    fc4d (003f1340)     _g_ai8DescAccessLevel

003f13c7    fc4f (003f13c0)     _g_ai8DescCtrlMethod

003f140b    fc50 (003f1400)     _g_ai8DescReferSelect

003f144f    fc51 (003f1440)     _g_ai8DescStopMethod

003f1493    fc52 (003f1480)     _g_ai8DescCtrlMode

003f153f    fc54 (003f1500)     _g_ai8DescEnable

003f15ba    fc56 (003f1580)     _g_dmFunA1

003f15d4    fc57 (003f15c0)     _g_dmFunC1
003f15ee    fc57 (003f15c0)     _g_dmFunC2

003f1608    fc58 (003f1600)     _g_dmFunC3
003f1622    fc58 (003f1600)     _g_dmFunC4
003f163c    fc58 (003f1600)     _g_dmFunC5

003f1656    fc59 (003f1640)     _g_dmFunC6
003f1670    fc59 (003f1640)     _g_dmFunC7

003f168a    fc5a (003f1680)     _g_dmFunC8
003f16a4    fc5a (003f1680)     _g_dmFunCellA1_01
003f16be    fc5a (003f1680)     _g_dmFunCellA1_02

003f16d8    fc5b (003f16c0)     _g_dmFunCellA1_03
003f16f2    fc5b (003f16c0)     _g_dmFunCellA1_04

003f170c    fc5c (003f1700)     _g_dmFunCellA1_05
003f1726    fc5c (003f1700)     _g_dmFunCellC1_01

003f1740    fc5d (003f1740)     _g_dmFunCellC1_02
003f175a    fc5d (003f1740)     _g_dmFunCellReserved
003f1774    fc5d (003f1740)     _g_dmFunCellU1_01

003f178e    fc5e (003f1780)     _g_dmFunCellU1_02
003f17a8    fc5e (003f1780)     _g_dmFunCellU1_03

003f17c2    fc5f (003f17c0)     _g_dmFunCellU1_04
003f17dc    fc5f (003f17c0)     _g_dmFunCellU1_05
003f17f6    fc5f (003f17c0)     _g_dmFunCellU1_06

003f1810    fc60 (003f1800)     _g_dmFunCellU1_07
003f182a    fc60 (003f1800)     _g_dmFunCellU1_08

003f1844    fc61 (003f1840)     _g_dmFunCellU1_09
003f185e    fc61 (003f1840)     _g_dmFunCellU1_10
003f1878    fc61 (003f1840)     _g_dmFunCellU1_11

003f1892    fc62 (003f1880)     _g_dmFunCellU1_12
003f18ac    fc62 (003f1880)     _g_dmFunCellU1_13

003f18c6    fc63 (003f18c0)     _g_dmFunCellU1_14
003f18e0    fc63 (003f18c0)     _g_dmFunCellU1_15
003f18fa    fc63 (003f18c0)     _g_dmFunCellU1_16

003f1914    fc64 (003f1900)     _g_dmFunCellU1_17
003f192e    fc64 (003f1900)     _g_dmFunCellU1_18

003f1948    fc65 (003f1940)     _g_dmFunCellU1_19
003f1962    fc65 (003f1940)     _g_dmFunCellU1_20
003f197c    fc65 (003f1940)     _g_dmFunCellU1_21

003f1996    fc66 (003f1980)     _g_dmFunCellU1_22
003f19b0    fc66 (003f1980)     _g_dmFunCellU1_23

003f19ca    fc67 (003f19c0)     _g_dmFunCellU1_24
003f19e4    fc67 (003f19c0)     _g_dmFunCellU2_01
003f19fe    fc67 (003f19c0)     _g_dmFunCellb1_03

003f1a18    fc68 (003f1a00)     _g_dmFunCellb1_04
003f1a32    fc68 (003f1a00)     _g_dmFunU1

003f1a4c    fc69 (003f1a40)     _g_dmFunU2
003f1a66    fc69 (003f1a40)     _g_dmFunb1

003f1a80    fc6a (003f1a80)     _g_dmFunb2
003f1a9a    fc6a (003f1a80)     _g_dmFunb3
003f1ab4    fc6a (003f1a80)     _g_dmFunb4

003f1ace    fc6b (003f1ac0)     _g_dmFunb5
003f1ae8    fc6b (003f1ac0)     _g_dmFunb6

003f1b02    fc6c (003f1b00)     _g_dmFunb7
003f1b1c    fc6c (003f1b00)     _g_dmFunb8
003f1b36    fc6c (003f1b00)     _g_dmFunb9

003f1b50    fc6d (003f1b40)     _g_dmGroupA
003f1b6a    fc6d (003f1b40)     _g_dmGroupC

003f1b84    fc6e (003f1b80)     _g_dmGroupU
003f1b9e    fc6e (003f1b80)     _g_dmGroupb
003f1bb8    fc6e (003f1b80)     _g_dmModeAutotuning

003f1bd0    fc6f (003f1bc0)     _g_dmModeInitialize
003f1be8    fc6f (003f1bc0)     _g_dmModeOperation

003f1c00    fc70 (003f1c00)     _g_dmModeProgram
003f1c18    fc70 (003f1c00)     _g_dmCellAccTime1
003f1c24    fc70 (003f1c00)     _g_dmCellAccessLvl
003f1c30    fc70 (003f1c00)     _g_dmCellCtlMethod
003f1c3c    fc70 (003f1c00)     _g_dmCellCtlMode

003f1c48    fc71 (003f1c40)     _g_dmCellCurrentOut
003f1c54    fc71 (003f1c40)     _g_dmCellCurrentU
003f1c60    fc71 (003f1c40)     _g_dmCellCurrentV
003f1c6c    fc71 (003f1c40)     _g_dmCellCurrentW
003f1c78    fc71 (003f1c40)     _g_dmCellDCBus

003f1c84    fc72 (003f1c80)     _g_dmCellDecTime1
003f1c90    fc72 (003f1c80)     _g_dmCellExtAd1
003f1c9c    fc72 (003f1c80)     _g_dmCellExtAd2
003f1ca8    fc72 (003f1c80)     _g_dmCellExtAd3
003f1cb4    fc72 (003f1c80)     _g_dmCellExtAd4

003f1cc0    fc73 (003f1cc0)     _g_dmCellExtAd5
003f1ccc    fc73 (003f1cc0)     _g_dmCellExtAd6
003f1cd8    fc73 (003f1cc0)     _g_dmCellExtTemp
003f1ce4    fc73 (003f1cc0)     _g_dmCellFreqOut
003f1cf0    fc73 (003f1cc0)     _g_dmCellFreqRef
003f1cfc    fc73 (003f1cc0)     _g_dmCellInputTerm

003f1d08    fc74 (003f1d00)     _g_dmCellMotorSpd
003f1d14    fc74 (003f1d00)     _g_dmCellOperationSel
003f1d20    fc74 (003f1d00)     _g_dmCellOutputTerm
003f1d2c    fc74 (003f1d00)     _g_dmCellPowerOut
003f1d38    fc74 (003f1d00)     _g_dmCellReferenceSel

003f1d44    fc75 (003f1d40)     _g_dmCellReserved
003f1d50    fc75 (003f1d40)     _g_dmCellReverseProhibit
003f1d5c    fc75 (003f1d40)     _g_dmCellStopMethod
003f1d68    fc75 (003f1d40)     _g_dmCellTorqueRef
003f1d74    fc75 (003f1d40)     _g_dmCellVoltageOut

003f1d80    fc76 (003f1d80)     _g_dmCellVoltageU
003f1d8c    fc76 (003f1d80)     _g_dmCellVoltageV
003f1d98    fc76 (003f1d80)     _g_dmCellVoltageW

003f1fde    fc7f (003f1fc0)     __IQ24div

003f2025    fc80 (003f2000)     __IQ24sqrt

003f2067    fc81 (003f2040)     __IQ24sinPU

003f2090    fc82 (003f2080)     __IQ24cosPU
003f20b7    fc82 (003f2080)     __IQ30toF

003f20cb    fc83 (003f20c0)     __IQ24mpyI32int

003fdc30    ff70 (003fdc00)     _IQsinTable

003fdd30    ff74 (003fdd00)     _IQcosTable

003fe030    ff80 (003fe000)     _IQsinTableEnd

003fe132    ff84 (003fe100)     _IQcosTableEnd
003fe132    ff84 (003fe100)     _IQdivRoundSatTable

003fe140    ff85 (003fe140)     _IQdivTable

003fe342    ff8d (003fe340)     _IQdivTableEnd
003fe342    ff8d (003fe340)     _IQisqrtRoundSatTable
003fe342    ff8d (003fe340)     _IQsqrtRoundSatTable
003fe352    ff8d (003fe340)     _IQisqrtTable
003fe352    ff8d (003fe340)     _IQsqrtTable

003fe454    ff91 (003fe440)     _IQatan2HalfPITable
003fe454    ff91 (003fe440)     _IQisqrtTableEnd
003fe454    ff91 (003fe440)     _IQsqrtTableEnd

003fe492    ff92 (003fe480)     _IQatan2Table

003fe618    ff98 (003fe600)     _IQ30mpyRndSatTable
003fe618    ff98 (003fe600)     _IQatan2TableEnd
003fe618    ff98 (003fe600)     _IQmpyRndSatTable
003fe624    ff98 (003fe600)     _IQ29mpyRndSatTable
003fe630    ff98 (003fe600)     _IQ28mpyRndSatTable
003fe63c    ff98 (003fe600)     _IQ27mpyRndSatTable

003fe648    ff99 (003fe640)     _IQ26mpyRndSatTable
003fe654    ff99 (003fe640)     _IQ25mpyRndSatTable
003fe660    ff99 (003fe640)     _IQ24mpyRndSatTable
003fe66c    ff99 (003fe640)     _IQ23mpyRndSatTable
003fe678    ff99 (003fe640)     _IQ22mpyRndSatTable

003fe684    ff9a (003fe680)     _IQ21mpyRndSatTable
003fe690    ff9a (003fe680)     _IQ20mpyRndSatTable
003fe69c    ff9a (003fe680)     _IQ19mpyRndSatTable
003fe6a8    ff9a (003fe680)     _IQ18mpyRndSatTable
003fe6b4    ff9a (003fe680)     _IQ17mpyRndSatTable

003fe6c0    ff9b (003fe6c0)     _IQ16mpyRndSatTable
003fe6cc    ff9b (003fe6c0)     _IQ15mpyRndSatTable
003fe6d8    ff9b (003fe6c0)     _IQ14mpyRndSatTable
003fe6e4    ff9b (003fe6c0)     _IQ13mpyRndSatTable
003fe6f0    ff9b (003fe6c0)     _IQ12mpyRndSatTable
003fe6fc    ff9b (003fe6c0)     _IQ11mpyRndSatTable

003fe708    ff9c (003fe700)     _IQ10mpyRndSatTable
003fe714    ff9c (003fe700)     _IQ9mpyRndSatTable
003fe720    ff9c (003fe700)     _IQ8mpyRndSatTable
003fe72c    ff9c (003fe700)     _IQ7mpyRndSatTable
003fe738    ff9c (003fe700)     _IQ6mpyRndSatTable

003fe744    ff9d (003fe740)     _IQ5mpyRndSatTable
003fe750    ff9d (003fe740)     _IQ4mpyRndSatTable
003fe75c    ff9d (003fe740)     _IQ3mpyRndSatTable
003fe768    ff9d (003fe740)     _IQ2mpyRndSatTable
003fe774    ff9d (003fe740)     _IQ1mpyRndSatTable

003fe780    ff9e (003fe780)     _IQmpyRndSatTableEnd


GLOBAL SYMBOLS: SORTED ALPHABETICALLY BY Name 

page  address   name                                             
----  -------   ----                                             
0     003ec000  .text                                            
0     003f0f14  C$$EXIT                                          
0     003f09af  FD$$ADD                                          
0     003f0eea  FD$$CMP                                          
0     003f0a4b  FD$$DIV                                          
abs   003f81d6  FD$$MPY                                          
0     003f1111  FD$$NEG                                          
0     003f10bf  FD$$SUB                                          
0     003f0fca  FD$$TOI                                          
abs   003f853d  FD$$TOL                                          
abs   003f8364  FS$$ADD                                          
abs   003f85c9  FS$$CMP                                          
abs   003f8259  FS$$DIV                                          
abs   003f83d7  FS$$MPY                                          
abs   003f8616  FS$$NEG                                          
abs   003f8579  FS$$TOFD                                         
abs   003f84f6  FS$$TOI                                          
abs   003f84cd  FS$$TOL                                          
0     003f1029  FS$$TOU                                          
abs   003f855c  I$$TOFD                                          
abs   003f8595  I$$TOFS                                          
abs   003f84a3  L$$DIV                                           
abs   003f84b2  L$$MOD                                           
0     003f1063  L$$TOFD                                          
0     003f1098  LL$$AND                                          
0     003f100b  LL$$CMP                                          
0     003f03d2  LL$$DIV                                          
0     003f040e  LL$$MOD                                          
0     003f10a0  LL$$OR                                           
0     003f10a8  LL$$XOR                                          
0     003f10fd  U$$DIV                                           
0     003f1102  U$$MOD                                           
abs   003f8606  U$$TOFS                                          
abs   003f85f3  UL$$TOFS                                         
0     003f101d  ULL$$CMP                                         
0     003f0448  ULL$$DIV                                         
0     003f0477  ULL$$MOD                                         
0     003efcbc  _ADC_disable                                     
0     003efcb2  _ADC_disableBandGap                              
0     003efc9b  _ADC_disableInt                                  
0     003efc91  _ADC_disableNoOverlapMode                        
0     003efc87  _ADC_disableRefBuffers                           
0     003efc7d  _ADC_disableVoltRefLoConv                        
0     003efc73  _ADC_enable                                      
0     003efc69  _ADC_enableBandGap                               
0     003efc53  _ADC_enableInt                                   
0     003efc49  _ADC_enableNoOverlapMode                         
0     003efc3f  _ADC_enableRefBuffers                            
0     003efc35  _ADC_enableVoltRefLoConv                         
0     003efc2b  _ADC_getDivideSelect                             
0     003efc23  _ADC_init                                        
0     003efc19  _ADC_powerDown                                   
0     003efc0f  _ADC_powerUp                                     
0     003efc05  _ADC_reset                                       
0     003efbf4  _ADC_setDivideSelect                             
0     003efbd3  _ADC_setIntMode                                  
0     003efbc2  _ADC_setIntPulseGenMode                          
0     003efba1  _ADC_setIntSrc                                   
0     003efb97  _ADC_setOffTrim                                  
0     003efb80  _ADC_setSampleMode                               
0     003efb6d  _ADC_setSampleOverlapMode                        
0     003efb59  _ADC_setSocChanNumber                            
0     003efb4c  _ADC_setSocFrc                                   
0     003efb42  _ADC_setSocFrcWord                               
0     003efb2e  _ADC_setSocSampleDelay                           
0     003efb1a  _ADC_setSocTrigSrc                               
0     003efb09  _ADC_setTempSensorSrc                            
0     003efaf8  _ADC_setVoltRefSrc                               
0     003eface  _ADC_setupSocTrigSrc                             
0     003f0007  _CLK_disableAdcClock                             
0     003f0000  _CLK_disableClaClock                             
0     003efffa  _CLK_disableClkIn                                
0     003efff6  _CLK_disableCompClock                            
0     003effef  _CLK_disableCpuTimerClock                        
0     003effe9  _CLK_disableCrystalOsc                           
0     003effe2  _CLK_disableEcanaClock                           
0     003effdb  _CLK_disableEcap1Clock                           
0     003effd4  _CLK_disableEqep1Clock                           
0     003effcd  _CLK_disableEqep2Clock                           
0     003effc6  _CLK_disableGpioInputClock                       
0     003effbf  _CLK_disableHrPwmClock                           
0     003effb8  _CLK_disableI2cClock                             
0     003effb1  _CLK_disableLinAClock                            
0     003effab  _CLK_disableOsc1                                 
0     003effa5  _CLK_disableOsc1HaltMode                         
0     003eff9f  _CLK_disableOsc2                                 
0     003eff99  _CLK_disableOsc2HaltMode                         
0     003eff8f  _CLK_disablePwmClock                             
0     003eff88  _CLK_disableSciaClock                            
0     003eff81  _CLK_disableScibClock                            
0     003eff7a  _CLK_disableSpiaClock                            
0     003eff76  _CLK_disableSpibClock                            
0     003eff6f  _CLK_disableTbClockSync                          
0     003eff69  _CLK_disableWatchDogHaltMode                     
0     003eff62  _CLK_enableAdcClock                              
0     003eff5b  _CLK_enableClaClock                              
0     003eff55  _CLK_enableClkIn                                 
0     003eff4f  _CLK_enableCompClock                             
0     003eff49  _CLK_enableCpuTimerClock                         
0     003eff43  _CLK_enableCrystalOsc                            
0     003eff3c  _CLK_enableEcanaClock                            
0     003eff35  _CLK_enableEcap1Clock                            
0     003eff2e  _CLK_enableEqep1Clock                            
0     003eff27  _CLK_enableEqep2Clock                            
0     003eff20  _CLK_enableGpioInputClock                        
0     003eff19  _CLK_enableHrPwmClock                            
0     003eff12  _CLK_enableI2cClock                              
0     003eff0b  _CLK_enableLinAClock                             
0     003eff05  _CLK_enableOsc1                                  
0     003efeff  _CLK_enableOsc1HaltMode                          
0     003efef9  _CLK_enableOsc2                                  
0     003efef3  _CLK_enableOsc2HaltMode                          
0     003efeea  _CLK_enablePwmClock                              
0     003efee3  _CLK_enableSciaClock                             
0     003efedc  _CLK_enableScibClock                             
0     003efed5  _CLK_enableSpiaClock                             
0     003efece  _CLK_enableSpibClock                             
0     003efec7  _CLK_enableTbClockSync                           
0     003efec1  _CLK_enableWatchDogHaltMode                      
0     003efebb  _CLK_init                                        
0     003efeb4  _CLK_setClkOutPreScaler                          
0     003efeae  _CLK_setLowSpdPreScaler                          
0     003efea7  _CLK_setOsc2Src                                  
0     003efea0  _CLK_setOscSrc                                   
0     003efe99  _CLK_setTimer2PreScale                           
0     003efe92  _CLK_setTimer2Src                                
0     003efe8b  _CLK_setWatchDogSrc                              
0     003efe84  _CLK_setXClkInSrc                                
0     003f0f5f  _CPU_clearIntFlags                               
0     003f0f5c  _CPU_disableDebugInt                             
0     003f0f59  _CPU_disableGlobalInts                           
0     003f0f54  _CPU_disableInt                                  
0     003f0f51  _CPU_disableInts                                 
0     003f0f4e  _CPU_disableProtectedRegisterWrite               
0     003f0f4b  _CPU_enableDebugInt                              
0     003f0f48  _CPU_enableGlobalInts                            
0     003f0f44  _CPU_enableInt                                   
0     003f0f41  _CPU_enableProtectedRegisterWrite                
0     003f0f3d  _CPU_init                                        
0     003ef3ce  _CTRL_getGains                                   
0     003ef3c7  _CTRL_getIab_filt_pu                             
0     003ef3c0  _CTRL_getIab_in_pu                               
0     003ef3b9  _CTRL_getIdq_in_pu                               
0     003ef3b2  _CTRL_getIdq_ref_pu                              
0     003ef407  _CTRL_getMagCurrent_pu                           
0     003ef404  _CTRL_getMaximumSpeed_pu                         
0     003ef3ab  _CTRL_getVab_in_pu                               
0     003ef3a4  _CTRL_getVab_out_pu                              
0     003ef39d  _CTRL_getVdq_out_pu                              
abs   003fa721  _CTRL_getVersion                                 
0     003ef394  _CTRL_getWaitTimes                               
abs   003fa6fb  _CTRL_initCtrl                                   
0     0000800a  _CTRL_run                                        
abs   003fa5d1  _CTRL_runTraj                                    
abs   003f9e64  _CTRL_setEstParams                               
0     003ef113  _CTRL_setGains                                   
0     003ef401  _CTRL_setMagCurrent_pu                           
0     003ef3fe  _CTRL_setMaximumSpeed_pu                         
0     003ef13b  _CTRL_setParams                                  
0     003ef100  _CTRL_setSpd_ref_krpm                            
0     003ef0fd  _CTRL_setSpd_ref_pu                              
abs   003f9d31  _CTRL_setUserMotorParams                         
0     003ef0f4  _CTRL_setWaitTimes                               
0     00008000  _CTRL_setup                                      
0     003ef0d8  _CTRL_setupClarke_I                              
0     003ef0c2  _CTRL_setupClarke_V                              
abs   003f9b43  _CTRL_setupCtrl                                  
abs   003f99a5  _CTRL_setupEstIdleState                          
abs   003f996a  _CTRL_setupEstOnLineState                        
abs   003f9806  _CTRL_setupTraj                                  
0     003ef00f  _CTRL_updateState                                
0     003f07e7  _CheckPacketFormat                               
0     003f07c5  _CheckPacketFormat0                              
0     003edaca  _ConvertToUnit                                   
0     003ede1b  _ConverterToEditValueString                      
0     003edc6c  _ConverterToValueString                          
0     003edcd1  _ConvertrToI16EditValueString                    
0     003edb11  _ConvertrToI16ValueString                        
0     003edd75  _ConvertrToI8EditValueString                     
0     003edbb5  _ConvertrToI8ValueString                         
0     003edd23  _ConvertrToU16EditValueString                    
0     003edb63  _ConvertrToU16ValueString                        
0     003eddc7  _ConvertrToU8EditValueString                     
0     003edc07  _ConvertrToU8ValueString                         
0     003f10da  _DATALOG_init                                    
0     003ed999  _DATAType_InRange                                
0     003edff9  _DATAType_min                                    
0     003edfe0  _DATA_CalCRC16                                   
0     003ed969  _DATA_ConvertToCnt                               
0     003edfd9  _DATA_Delay                                      
0     003edfd7  _DATA_HiByte                                     
0     003edfd5  _DATA_LoByte                                     
0     003edfd0  _DATA_MakeWord                                   
0     003edfc9  _DATA_min                                        
0     003edfac  _DM_DecEditValue                                 
0     003edf8d  _DM_IncEditValue                                 
0     003edf5c  _DM_findGroupFunctionCellIndex                   
0     003edf40  _DM_findGroupFunctionIndex                       
0     003edf3c  _DM_getAccessLevel                               
0     003edf38  _DM_getCellSizeNo                                
0     003edafb  _DM_getCellValue                                 
0     003ed974  _DM_getEEPromValue                               
0     003eda46  _DM_getFunCell                                   
0     003eda3d  _DM_getFunction                                  
0     003edf34  _DM_getFunctionSizeNo                            
0     003eda33  _DM_getGroup                                     
0     003edf30  _DM_getGroupSizeNo                               
0     003edf29  _DM_getInitModeLevel                             
0     003eda2c  _DM_getMode                                      
0     003edf20  _DM_getModeName                                  
0     003edf18  _DM_getModeSizeNo                                
0     003edf16  _DM_getOperModeSizeNo                            
0     003edee1  _DM_getToValue                                   
0     003edebc  _DM_getTotalCellSizeNo                           
0     003edea5  _DM_getTotalFunctionSizeNo                       
0     003ede9f  _DM_init                                         
0     003ede94  _DM_isWrite                                      
0     003ede3c  _DM_outEditCell                                  
0     003edc94  _DM_outFunCell                                   
0     003edaaf  _DM_outFunction                                  
0     003eda96  _DM_outGroup                                     
0     003eda90  _DM_run                                          
0     003eda50  _DM_setEEPromValue                               
0     003eda6c  _DM_setValue                                     
0     003ed9b8  _DM_setup                                        
0     003ed970  _Data_GetDelayCnt                                
0     003ed96a  _Data_SetDelayCnt                                
0     003ee1df  _DetermineBlinkDig                               
0     003efd5b  _EEPROM_Read                                     
0     003efced  _EEPROM_ReadByte                                 
0     003efe3e  _EEPROM_ReadPage                                 
0     003efe12  _EEPROM_ReadPageByte                             
0     003efd36  _EEPROM_Write                                    
0     003efcd0  _EEPROM_WriteByte                                
0     003efdd0  _EEPROM_WritePage                                
0     003efda6  _EEPROM_WritePageByte                            
0     003efd83  _EEPROM_WriteVerify                              
0     003efd13  _EEPROM_WriteVerifyByte                          
0     003efcca  _EEPROM_init                                     
0     003efcc6  _EEPROM_setup                                    
0     003f0240  _ENC_calcElecAngle                               
0     003f02a0  _ENC_getSpeedKRPM                                
0     003f029a  _ENC_init                                        
0     003f0259  _ENC_run                                         
0     003f0182  _ENC_setup                                       
abs   003f9760  _EST_doCurrentCtrl                               
abs   003f9758  _EST_doSpeedCtrl                                 
abs   003f8c0d  _EST_getAngle_pu                                 
abs   003f96be  _EST_getFlux_VpHz                                
abs   003f96ab  _EST_getFlux_pu                                  
abs   003f968e  _EST_getFm_pu                                    
abs   003f9632  _EST_getIdRated                                  
abs   003f95ff  _EST_getLs_coarse_max_pu                         
abs   003f95f5  _EST_getLs_d_H                                   
abs   003f95f0  _EST_getLs_d_pu                                  
abs   003f95ce  _EST_getLs_q_H                                   
abs   003f95c9  _EST_getLs_q_pu                                  
abs   003f95bd  _EST_getMaxCurrentSlope_pu                       
abs   003f95b3  _EST_getOneOverDcBus_pu                          
abs   003f95ad  _EST_getRr_Ohm                                   
abs   003f9513  _EST_getRs_Ohm                                   
abs   003f94c6  _EST_getSpeed_krpm                               
abs   003f861b  _EST_getState                                    
abs   003f9458  _EST_get_krpm_to_pu_sf                           
abs   003f9453  _EST_get_pu_to_krpm_sf                           
abs   003f938d  _EST_isError                                     
abs   003f9386  _EST_isIdle                                      
abs   003f937f  _EST_isLockRotor                                 
abs   003f8679  _EST_isMotorIdentified                           
abs   003f9378  _EST_isOnLine                                    
abs   003f927b  _EST_run                                         
abs   003f8bdb  _EST_setFlag_enableForceAngle                    
abs   003f8bd3  _EST_setFlag_enableRsRecalc                      
abs   003f8b80  _EST_setId_ref_pu                                
abs   003f8b7a  _EST_setIdle                                     
abs   003f8b67  _EST_setIdle_all                                 
abs   003f8b63  _EST_setIq_ref_pu                                
abs   003f8b45  _EST_setLs_d_pu                                  
abs   003f8af1  _EST_setLs_qFmt                                  
abs   003f8ae7  _EST_setLs_q_pu                                  
abs   003f8adb  _EST_setMaxCurrentSlope_pu                       
abs   003f8a18  _EST_setRs_pu                                    
abs   003f89f5  _EST_updateId_ref_pu                             
abs   003f8713  _EST_updateState                                 
abs   003f861d  _EST_useZeroIq_ref                               
0     003f0fc7  _FILTER_FO_getDenCoeffs                          
0     003f0fc0  _FILTER_FO_getInitialConditions                  
0     003f0fba  _FILTER_FO_getNumCoeffs                          
0     003f0fb4  _FILTER_FO_init                                  
0     003f0fb2  _FILTER_FO_setDenCoeffs                          
0     003f0fad  _FILTER_FO_setInitialConditions                  
0     003f0fa9  _FILTER_FO_setNumCoeffs                          
0     003f1005  _FLASH_clear3VStatus                             
0     00008564  _FLASH_disablePipelineMode                       
0     0000855e  _FLASH_enablePipelineMode                        
0     003f1002  _FLASH_get3VStatus                               
0     003f0fff  _FLASH_getActiveWaitCount                        
0     003f0ffb  _FLASH_getActiveWaitStatus                       
0     003f0ff8  _FLASH_getPowerMode                              
0     003f0ff5  _FLASH_getStandbyWaitCount                       
0     003f0ff1  _FLASH_getStandbyWaitStatus                      
0     003f0feb  _FLASH_init                                      
0     00008559  _FLASH_setActiveWaitCount                        
0     00008552  _FLASH_setNumPagedReadWaitStates                 
0     0000854b  _FLASH_setNumRandomReadWaitStates                
0     00008544  _FLASH_setOtpWaitStates                          
0     0000853d  _FLASH_setPowerMode                              
0     00008538  _FLASH_setStandbyWaitCount                       
0     003f0174  _GPIO_getData                                    
0     003f0169  _GPIO_getPortData                                
0     003f0163  _GPIO_init                                       
0     003f0159  _GPIO_lpmSelect                                  
0     003f0146  _GPIO_read                                       
0     003f012c  _GPIO_setDirection                               
0     003f0121  _GPIO_setExtInt                                  
0     003f0111  _GPIO_setHigh                                    
0     003f0101  _GPIO_setLow                                     
0     003f00c9  _GPIO_setMode                                    
0     003f00bc  _GPIO_setPortData                                
0     003f00a2  _GPIO_setPullup                                  
0     003f0065  _GPIO_setQualification                           
0     003f001e  _GPIO_setQualificationPeriod                     
0     003f000e  _GPIO_toggle                                     
0     003f0ad7  _GetModbusRegData                                
0     003ec6cc  _HAL_AdcCalChanSelect                            
0     003ec723  _HAL_AdcCalConversion                            
0     003ec885  _HAL_AdcOffsetSelfCal                            
0     003ec94b  _HAL_OscTempComp                                 
0     003ec9a4  _HAL_cal                                         
0     003ecceb  _HAL_disableGlobalInts                           
0     003ecb74  _HAL_disableWdog                                 
0     003eccd1  _HAL_enableAdcInts                               
0     003ecccd  _HAL_enableDebugInt                              
0     003eccc9  _HAL_enableGlobalInts                            
0     003eccb5  _HAL_enableI2cInt                                
0     003ecca4  _HAL_enablePwmInt                                
0     003ecc8f  _HAL_enableSciAInt                               
0     003ecc7a  _HAL_enableSciBInt                               
0     003ecc79  _HAL_enableSpiAInt                               
0     003ecc78  _HAL_enableSpiBInt                               
0     003ecc68  _HAL_enableTimer0Int                             
0     003ecc5b  _HAL_enableTimer1Int                             
0     003ec8b8  _HAL_getOscTrimValue                             
0     003ecb79  _HAL_init                                        
0     003ec8cb  _HAL_osc1Comp                                    
0     003ec90b  _HAL_osc2Comp                                    
0     003ecb1c  _HAL_readAdcDataApx                              
0     003ecb02  _HAL_setDacParameters                            
0     003ec9bb  _HAL_setParams                                   
0     003ec593  _HAL_setupAdcs                                   
0     003ec577  _HAL_setupClks                                   
0     003ec55c  _HAL_setupFaults                                 
0     0000856a  _HAL_setupFlash                                  
0     003ec38b  _HAL_setupGpios                                  
0     003ec346  _HAL_setupI2C                                    
0     003ec2f3  _HAL_setupPeripheralClks                         
0     003ec2d7  _HAL_setupPie                                    
0     003ec298  _HAL_setupPll                                    
0     003ec20b  _HAL_setupPwmDacs                                
0     003ec12d  _HAL_setupPwms                                   
0     003ec08e  _HAL_setupQEP                                    
0     003ec033  _HAL_setupSCI                                    
0     003ec032  _HAL_setupSPI                                    
0     003ec000  _HAL_setupTimers                                 
0     003f06d1  _I2CMessage_CheckStatus                          
0     003f0770  _I2CMessage_ReadMessage                          
0     003f0741  _I2CMessage_ReadMessage0                         
0     003f06ea  _I2CMessage_Synchronize                          
0     003f072b  _I2CMessage_WriteMessage                         
0     003f06fc  _I2CMessage_WriteMessage0                        
0     003f06cb  _I2CMessage_init                                 
0     003f06c3  _I2CMessage_setup                                
0     003f05cc  _I2C_Enable                                      
0     003f05c8  _I2C_Reset                                       
0     003f05c4  _I2C_StartCond                                   
0     003f05c0  _I2C_StopCond                                    
0     003f05bd  _I2C_clearNackSend                               
0     003f05ba  _I2C_clearNackStatus                             
0     003f05b6  _I2C_clearRxFifoIntFlag                          
0     003f05b2  _I2C_clearTxFifoIntFlag                          
0     003f05af  _I2C_disableAddSlaveInt                          
0     003f05ac  _I2C_disableArbiLostInt                          
0     003f05a8  _I2C_disableFreeDataFormat                       
0     003f05a4  _I2C_disableFreeMode                             
0     003f05a0  _I2C_disableLookbackMode                         
0     003f059c  _I2C_disableNAck                                 
0     003f0599  _I2C_disableNoAckInt                             
0     003f0596  _I2C_disableRXReadyInt                           
0     003f0593  _I2C_disableRegAccessReadyInt                    
0     003f058f  _I2C_disableRxFifoInt                            
0     003f058b  _I2C_disableStartByteMode                        
0     003f0588  _I2C_disableStopCondDectInt                      
0     003f0585  _I2C_disableTXReadyInt                           
0     003f0581  _I2C_disableTxFifoInt                            
0     003f057d  _I2C_disableTxFifoMode                           
0     003f057a  _I2C_enableAddSlaveInt                           
0     003f0577  _I2C_enableArbiLostInt                           
0     003f0573  _I2C_enableFifoMode                              
0     003f0570  _I2C_enableNoAckInt                              
0     003f056d  _I2C_enableRXReadyInt                            
0     003f056a  _I2C_enableRegAccessReadyInt                     
0     003f0566  _I2C_enableRxFifo                                
0     003f0562  _I2C_enableRxFifoInt                             
0     003f055f  _I2C_enableStopCondDectInt                       
0     003f055c  _I2C_enableTXReadyInt                            
0     003f0558  _I2C_enableTxFifo                                
0     003f0554  _I2C_enableTxFifoInt                             
0     003f054f  _I2C_getFifoRxInt                                
0     003f054a  _I2C_getFifoTxInt                                
0     003f0546  _I2C_getIntFlagStatus                            
0     003f0541  _I2C_getReceiveFifoNo                            
0     003f053f  _I2C_getStatusFlag                               
0     003f053a  _I2C_getStopStatus                               
0     003f0534  _I2C_init                                        
0     003f0530  _I2C_resetRxFifo                                 
0     003f052c  _I2C_resetTxFifo                                 
0     003f052a  _I2C_setAddress                                  
0     003f0523  _I2C_setAddressMode                              
0     003f051c  _I2C_setBitCountBits                             
0     003f0519  _I2C_setCMDR                                     
0     003f0517  _I2C_setClockHighTime                            
0     003f0515  _I2C_setClockLowTime                             
0     003f0513  _I2C_setDataCount                                
0     003f050f  _I2C_setFreeDataFormat                           
0     003f050b  _I2C_setFreeMode                                 
0     003f0507  _I2C_setLookbackMode                             
0     003f0500  _I2C_setMode                                     
0     003f04fc  _I2C_setNAckMode                                 
0     003f04f9  _I2C_setPrescaler                                
0     003f04f2  _I2C_setRepeatMode                               
0     003f04eb  _I2C_setRxFifoIntLevel                           
0     003f04e7  _I2C_setStartByteMode                            
0     003f04e0  _I2C_setTxFifoIntLevel                           
0     003f04d9  _I2C_setTxRxMode                                 
0     003f06c1  _I2Message_getMessageCode                        
0     003f0b5b  _IOEXPAND_ReadRegister                           
0     003f0b47  _IOEXPAND_WriteRegister                          
0     003f0b7c  _IOEXPAND_getInputs                              
0     003f0baf  _IOEXPAND_init                                   
0     003f0bac  _IOEXPAND_run                                    
0     003f0ba1  _IOEXPAND_setHigh                                
0     003f0b97  _IOEXPAND_setLow                                 
0     003f0b81  _IOEXPAND_setup                                  
0     003fe708  _IQ10mpyRndSatTable                              
0     003fe6fc  _IQ11mpyRndSatTable                              
0     003fe6f0  _IQ12mpyRndSatTable                              
0     003fe6e4  _IQ13mpyRndSatTable                              
0     003fe6d8  _IQ14mpyRndSatTable                              
0     003fe6cc  _IQ15mpyRndSatTable                              
0     003fe6c0  _IQ16mpyRndSatTable                              
0     003fe6b4  _IQ17mpyRndSatTable                              
0     003fe6a8  _IQ18mpyRndSatTable                              
0     003fe69c  _IQ19mpyRndSatTable                              
0     003fe774  _IQ1mpyRndSatTable                               
0     003fe690  _IQ20mpyRndSatTable                              
0     003fe684  _IQ21mpyRndSatTable                              
0     003fe678  _IQ22mpyRndSatTable                              
0     003fe66c  _IQ23mpyRndSatTable                              
0     003fe660  _IQ24mpyRndSatTable                              
0     003fe654  _IQ25mpyRndSatTable                              
0     003fe648  _IQ26mpyRndSatTable                              
0     003fe63c  _IQ27mpyRndSatTable                              
0     003fe630  _IQ28mpyRndSatTable                              
0     003fe624  _IQ29mpyRndSatTable                              
0     003fe768  _IQ2mpyRndSatTable                               
0     003fe618  _IQ30mpyRndSatTable                              
0     003fe75c  _IQ3mpyRndSatTable                               
0     003fe750  _IQ4mpyRndSatTable                               
0     003fe744  _IQ5mpyRndSatTable                               
0     003fe738  _IQ6mpyRndSatTable                               
0     003fe72c  _IQ7mpyRndSatTable                               
0     003fe720  _IQ8mpyRndSatTable                               
0     003fe714  _IQ9mpyRndSatTable                               
0     003fe454  _IQatan2HalfPITable                              
0     003fe492  _IQatan2Table                                    
0     003fe618  _IQatan2TableEnd                                 
0     003fdd30  _IQcosTable                                      
0     003fe132  _IQcosTableEnd                                   
0     003fe132  _IQdivRoundSatTable                              
0     003fe140  _IQdivTable                                      
0     003fe342  _IQdivTableEnd                                   
0     003fe342  _IQisqrtRoundSatTable                            
0     003fe352  _IQisqrtTable                                    
0     003fe454  _IQisqrtTableEnd                                 
0     003fe618  _IQmpyRndSatTable                                
0     003fe780  _IQmpyRndSatTableEnd                             
0     003fdc30  _IQsinTable                                      
0     003fe030  _IQsinTableEnd                                   
0     003fe342  _IQsqrtRoundSatTable                             
0     003fe352  _IQsqrtTable                                     
0     003fe454  _IQsqrtTableEnd                                  
0     003f0b40  _MODBUSMaster_callback                           
0     003f0b39  _MODBUSSlave_callback                            
0     003f0b35  _MODBUS_init                                     
0     003f0b34  _MODBUS_setup                                    
0     003f0ae5  _ModbusReadProcess                               
0     003f0ad6  _ModbusWriteProcess                              
0     003f0d61  _OFFSET_getBeta                                  
0     003f0d50  _OFFSET_init                                     
0     003f0d3a  _OFFSET_setBeta                                  
0     003f0d2b  _OFFSET_setInitCond                              
0     003f0d29  _OFFSET_setOffset                                
0     003ee6df  _OPERATOR_callback                               
0     003ee0b2  _OPERATOR_clearLCDAll                            
0     003ee6d4  _OPERATOR_clearLCDChar                           
0     003ee3e5  _OPERATOR_clearLCDLine                           
0     003ee6ce  _OPERATOR_init                                   
0     003ee62b  _OPERATOR_isKey                                  
0     003ee632  _OPERATOR_run                                    
0     003ee56b  _OPERATOR_runDownKey                             
0     003ee558  _OPERATOR_runDownKey_Level4Default               
0     003ee4b1  _OPERATOR_runEnterKey                            
0     003ee48b  _OPERATOR_runEnterKey_Level4Default              
0     003ee441  _OPERATOR_runEscKey                              
0     003ee437  _OPERATOR_runLocalKey                            
0     003ee2b0  _OPERATOR_runMenuKey                             
0     003ee3f5  _OPERATOR_runNoKey                               
0     003ee3ce  _OPERATOR_runResetKey                            
0     003ee3c6  _OPERATOR_runStartKey                            
0     003ee3be  _OPERATOR_runStopKey                             
0     003ee306  _OPERATOR_runUpKey                               
0     003ee2f3  _OPERATOR_runUpKey_Level4Default                 
0     003ee0d0  _OPERATOR_setCenterLCDString                     
0     003ee2e9  _OPERATOR_setLCDBlinkOff                         
0     003ee2e0  _OPERATOR_setLCDBlinkOn                          
0     003ee2d6  _OPERATOR_setLCDChar                             
0     003ee0c2  _OPERATOR_setLCDString                           
0     003ee262  _OPERATOR_setLEDBlink                            
0     003ee253  _OPERATOR_setLEDOff                              
0     003ee248  _OPERATOR_setLEDOn                               
0     003ee2b9  _OPERATOR_setup                                  
0     003ee268  _OPERATOR_setupLEDs                              
0     003ee218  _OPERATOR_showCellEditLevel                      
0     003ee155  _OPERATOR_showCellLevel                          
0     003ee137  _OPERATOR_showEntryLevel                         
0     003ee113  _OPERATOR_showFunLevel                           
0     003ee0f1  _OPERATOR_showGroupLevel                         
0     003ee0dd  _OPERATOR_showModeLevel                          
0     003f0ee4  _OSC_init                                        
0     003f0ed7  _OSC_setCoarseTrim                               
0     003f0ec6  _OSC_setFineTrim                                 
0     003f0ebd  _OSC_setTrim                                     
0     003ee09a  _OutInit1                                        
0     003ee083  _OutInit2                                        
0     003ee007  _OutNormal                                       
0     003f03cb  _PIE_clearAllFlags                               
0     003f03c8  _PIE_clearAllInts                                
0     003f03c5  _PIE_disable                                     
0     003f03be  _PIE_disableAllInts                              
0     003f03ba  _PIE_disableCaptureInt                           
0     003f03b1  _PIE_disableExtInt                               
0     003f03a7  _PIE_disableInt                                  
0     003f03a4  _PIE_enable                                      
0     003f0388  _PIE_enableAdcInt                                
0     003f0384  _PIE_enableCaptureInt                            
0     003f0368  _PIE_enableExtInt                                
0     003f0360  _PIE_enableI2cInt                                
0     003f0357  _PIE_enableInt                                   
0     003f0352  _PIE_enablePwmInt                                
0     003f034d  _PIE_enablePwmTzInt                              
0     003f0349  _PIE_enableSciARxInt                             
0     003f0345  _PIE_enableSciATxInt                             
0     003f0341  _PIE_enableSciBRxInt                             
0     003f033d  _PIE_enableSciBTxInt                             
0     003f0339  _PIE_enableSpiARxInt                             
[...]
0     003f19e4  _g_dmFunCellU2_01                                
0     003f19fe  _g_dmFunCellb1_03                                
0     003f1a18  _g_dmFunCellb1_04                                
0     003f1a32  _g_dmFunU1                                       
0     003f1a4c  _g_dmFunU2                                       
0     003f1a66  _g_dmFunb1                                       
0     003f1a80  _g_dmFunb2                                       
0     003f1a9a  _g_dmFunb3                                       
0     003f1ab4  _g_dmFunb4                                       
0     003f1ace  _g_dmFunb5                                       
0     003f1ae8  _g_dmFunb6                                       
0     003f1b02  _g_dmFunb7                                       
0     003f1b1c  _g_dmFunb8                                       
0     003f1b36  _g_dmFunb9                                       
0     003f1b50  _g_dmGroupA                                      
0     003f1b6a  _g_dmGroupC                                      
0     003f1b84  _g_dmGroupU                                      
0     003f1b9e  _g_dmGroupb                                      
0     003f1bb8  _g_dmModeAutotuning                              
0     003f1bd0  _g_dmModeInitialize                              
0     003f1be8  _g_dmModeOperation                               
0     003f1c00  _g_dmModeProgram                                 
0     003f1c18  _g_dmCellAccTime1                                
0     003f1c24  _g_dmCellAccessLvl                               
0     003f1c30  _g_dmCellCtlMethod                               
0     003f1c3c  _g_dmCellCtlMode                                 
0     003f1c48  _g_dmCellCurrentOut                              
0     003f1c54  _g_dmCellCurrentU                                
0     003f1c60  _g_dmCellCurrentV                                
0     003f1c6c  _g_dmCellCurrentW                                
0     003f1c78  _g_dmCellDCBus                                   
0     003f1c84  _g_dmCellDecTime1                                
0     003f1c90  _g_dmCellExtAd1                                  
0     003f1c9c  _g_dmCellExtAd2                                  
0     003f1ca8  _g_dmCellExtAd3                                  
0     003f1cb4  _g_dmCellExtAd4                                  
0     003f1cc0  _g_dmCellExtAd5                                  
0     003f1ccc  _g_dmCellExtAd6                                  
0     003f1cd8  _g_dmCellExtTemp                                 
0     003f1ce4  _g_dmCellFreqOut                                 
0     003f1cf0  _g_dmCellFreqRef                                 
0     003f1cfc  _g_dmCellInputTerm                               
0     003f1d08  _g_dmCellMotorSpd                                
0     003f1d14  _g_dmCellOperationSel                            
0     003f1d20  _g_dmCellOutputTerm                              
0     003f1d2c  _g_dmCellPowerOut                                
0     003f1d38  _g_dmCellReferenceSel                            
0     003f1d44  _g_dmCellReserved                                
0     003f1d50  _g_dmCellReverseProhibit                         
0     003f1d5c  _g_dmCellStopMethod                              
0     003f1d68  _g_dmCellTorqueRef                               
0     003f1d74  _g_dmCellVoltageOut                              
0     003f1d80  _g_dmCellVoltageU                                
0     003f1d8c  _g_dmCellVoltageV                                
0     003f1d98  _g_dmCellVoltageW                                
0     003f1de2  ___cinit__                                       
0     003f1de2  cinit                                            
0     003f1fde  __IQ24div                                        
0     003f2025  __IQ24sqrt                                       
0     003f2067  __IQ24sinPU                                      
0     003f2090  __IQ24cosPU                                      
0     003f20b7  __IQ30toF                                        
0     003f20cb  __IQ24mpyI32int                                  
0     003f7ff6  code_start                                       
0     003fdc30  _IQsinTable                                      
0     003fdd30  _IQcosTable                                      
0     003fe030  _IQsinTableEnd                                   
0     003fe132  _IQcosTableEnd                                   
0     003fe132  _IQdivRoundSatTable                              
0     003fe140  _IQdivTable                                      
0     003fe342  _IQdivTableEnd                                   
0     003fe342  _IQisqrtRoundSatTable                            
0     003fe342  _IQsqrtRoundSatTable                             
0     003fe352  _IQisqrtTable                                    
0     003fe352  _IQsqrtTable                                     
0     003fe454  _IQatan2HalfPITable                              
0     003fe454  _IQisqrtTableEnd                                 
0     003fe454  _IQsqrtTableEnd                                  
0     003fe492  _IQatan2Table                                    
0     003fe618  _IQ30mpyRndSatTable                              
0     003fe618  _IQatan2TableEnd                                 
0     003fe618  _IQmpyRndSatTable                                
0     003fe624  _IQ29mpyRndSatTable                              
0     003fe630  _IQ28mpyRndSatTable                              
0     003fe63c  _IQ27mpyRndSatTable                              
0     003fe648  _IQ26mpyRndSatTable                              
0     003fe654  _IQ25mpyRndSatTable                              
0     003fe660  _IQ24mpyRndSatTable                              
0     003fe66c  _IQ23mpyRndSatTable                              
0     003fe678  _IQ22mpyRndSatTable                              
0     003fe684  _IQ21mpyRndSatTable                              
0     003fe690  _IQ20mpyRndSatTable                              
0     003fe69c  _IQ19mpyRndSatTable                              
0     003fe6a8  _IQ18mpyRndSatTable                              
0     003fe6b4  _IQ17mpyRndSatTable                              
0     003fe6c0  _IQ16mpyRndSatTable                              
0     003fe6cc  _IQ15mpyRndSatTable                              
0     003fe6d8  _IQ14mpyRndSatTable                              
0     003fe6e4  _IQ13mpyRndSatTable                              
0     003fe6f0  _IQ12mpyRndSatTable                              
0     003fe6fc  _IQ11mpyRndSatTable                              
0     003fe708  _IQ10mpyRndSatTable                              
0     003fe714  _IQ9mpyRndSatTable                               
0     003fe720  _IQ8mpyRndSatTable                               
0     003fe72c  _IQ7mpyRndSatTable                               
0     003fe738  _IQ6mpyRndSatTable                               
0     003fe744  _IQ5mpyRndSatTable                               
0     003fe750  _IQ4mpyRndSatTable                               
0     003fe75c  _IQ3mpyRndSatTable                               
0     003fe768  _IQ2mpyRndSatTable                               
0     003fe774  _IQ1mpyRndSatTable                               
0     003fe780  _IQmpyRndSatTableEnd                             
1     00000050  __stack                                          
1     00000400  __STACK_END                                      
1     00008c00  _gu16Counter_updateGlobals                       
1     00008c01  _bFlag_Latch_softwareUpdate                      
1     00008c02  _gModbusObj                                      
1     00008c04  _ghalHandle                                      
1     00008c06  _gpcontroller_obj                                
1     00008c08  _gctrlHandle                                     
1     00008c0a  _giqMaxCurrentSlope                              
1     00008c0e  _gFilterOutEncoderHandle                         
1     00008c10  _gFilterOutCurrentHandle                         
1     00008c12  _gFilterOutFreqHandle                            
1     00008c14  _giqFlux_pu_to_Wb_sf                             
1     00008c16  _giqFlux_pu_to_VpHz_sf                           
1     00008c18  _giqTorque_Ls_Id_Iq_pu_to_Nm_sf                  
1     00008c1a  _gIoexpandHandle                                 
1     00008c1c  _gLcdHandle                                      
1     00008c1e  _gencHandle                                      
1     00008c20  _gEepromHandle                                   
1     00008c22  _gi2cMessageHandle                               
1     00008c24  _gFilterDCBusHandle                              
1     00008c26  _giqTorque_Flux_Iq_pu_to_Nm_sf                   
1     00008c28  _gModbusHandle                                   
1     00008c2a  _gLcdObj                                         
1     00008c2c  _gOperHandle                                     
1     00008c2e  _gsciMessageHandle                               
1     00008c32  _gEepromObj                                      
1     00008c36  _gIoexpandObj                                    
1     00008c40  _gPwmData                                        
1     00008c46  _gFilterOutFreq                                  
1     00008c50  _gFilterDCBus                                    
1     00008c5a  _gFilterOutCurrent                               
1     00008c64  _gFilterOutEncoder                               
1     00008c80  _gAdcData                                        
1     00008c9c  _gencObj                                         
1     00008cc0  _gDacData                                        
1     00008d00  _gOperObj                                        
1     00008d40  _gi2cMessage                                     
1     00008dc0  _gMotorVars                                      
1     00008e40  _gUserParams                                     
1     00008f00  _gsciMessage                                     
1     00008fc4  _datalogHandle                                   
1     00008fc6  _datalog                                         
1     00008fd1  _g_u16DeltaValue                                 
1     00008fd3  _g_dmTypeCurrent                                 
1     00008fd5  _g_u16EditValue                                  
1     00008fd6  _g_pdmCellCurrent                                
1     00008fd8  _g_pOperatorObj                                  
1     00008fda  ___TI_enable_exit_profile_output                 
1     00008fdc  ___TI_cleanup_ptr                                
1     00008fde  ___TI_dtors_ptr                                  
1     00008fe0  __lock                                           
1     00008fe2  __unlock                                         
1     00008fe6  _cpu                                             
1     00009000  _g_u16Password                                   
1     00009001  _g_u8Initial                                     
1     00009002  _g_u16InputTerms                                 
1     00009003  _g_u8Language                                    
1     00009004  _g_u16PowerOut                                   
1     00009005  _g_u8AccessLevel                                 
1     00009006  _g_u16AccTime1                                   
1     00009007  _g_u8ReverseProhibit                             
1     00009008  _g_u8OperSelection                               
1     00009009  _g_u8StoppingMethod                              
1     0000900a  _g_u8OutputTerms                                 
1     0000900b  _g_u8RefSelect                                   
1     0000900c  _g_u16DelayCnt                                   
1     0000900d  _g_u16Reserved                                   
1     0000900e  _g_i16FreqRef                                    
1     0000900f  _g_i16TorqueRef                                  
1     00009010  _g_u8CtlMode                                     
1     00009011  _g_u16DecTime1                                   
1     00009012  _g_u16VoltageOut                                 
1     00009013  _g_u8OperSignal                                  
1     00009014  _g_u8CtlMethod                                   
1     00009016  _g_dmFunCellArrayb6                              
1     00009018  _g_dmFunCellArrayb5                              
1     0000901a  _g_dmFunCellArrayb8                              
1     0000901c  _g_dmFunCellArrayb7                              
1     0000901e  _g_dmFunCellArrayb9                              
1     00009020  _g_dmFunAArray                                   
1     00009022  _g_dmFunCellArrayU2                              
1     00009024  _g_dmFunCellArrayb3                              
1     00009026  _g_dmFunCellArrayb2                              
1     00009028  _g_dmFunCellArrayb4                              
1     0000902a  _g_dmFunCellArrayC8                              
1     0000902c  _g_dmFunCellArrayC7                              
1     0000902e  _g_dmGroupInitArray                              
1     00009030  _g_dmGroupOperArray                              
1     00009032  _gdmHandle                                       
1     00009034  _g_dmFunCellArrayC3                              
1     00009036  _g_dmFunCellArrayC2                              
1     00009038  _g_dmFunCellArrayC5                              
1     0000903a  _g_dmFunCellArrayC4                              
1     0000903c  _g_dmFunCellArrayC6                              
1     00009040  _g_dmFunCellArrayb1                              
1     00009044  _g_dmGroupProgArray                              
1     00009048  _g_dmFunCellArrayC1                              
1     0000904c  _g_dmFunUArray                                   
1     00009050  _g_dmModeArray                                   
1     0000906c  _g_dmFunCellArrayA1                              
1     000090c0  _g_dmFunCArray                                   
1     000090d0  _g_dmFunbArray                                   
1     000090e2  _gdmObj                                          
1     00009100  _g_dmFunCellArrayU1                              
1     00009140  _ghal                                            
1     00009200  _datalogBuff2                                    
1     00009540  _datalogBuff1                                    
1     00009880  _datalogBuff3                                    
abs   000003b0  __STACK_SIZE                                     
abs   00013800  _errno                                           
abs   003f8000  _log                                             
abs   003f81d6  FD$$MPY                                          
abs   003f8259  FS$$DIV                                          
abs   003f82dc  _pow                                             
abs   003f8364  FS$$ADD                                          
abs   003f83d7  FS$$MPY                                          
abs   003f84a3  L$$DIV                                           
abs   003f84b2  L$$MOD                                           
abs   003f84cd  FS$$TOL                                          
abs   003f84f6  FS$$TOI                                          
abs   003f853d  FD$$TOL                                          
abs   003f855c  I$$TOFD                                          
abs   003f8579  FS$$TOFD                                         
abs   003f8595  I$$TOFS                                          
abs   003f85c9  FS$$CMP                                          
abs   003f85f3  UL$$TOFS                                         
abs   003f8606  U$$TOFS                                          
abs   003f8616  FS$$NEG                                          
abs   003f861b  _EST_getState                                    
abs   003f861d  _EST_useZeroIq_ref                               
abs   003f8679  _EST_isMotorIdentified                           
abs   003f8713  _EST_updateState                                 
abs   003f89f5  _EST_updateId_ref_pu                             
abs   003f8a18  _EST_setRs_pu                                    
abs   003f8adb  _EST_setMaxCurrentSlope_pu                       
abs   003f8ae7  _EST_setLs_q_pu                                  
abs   003f8af1  _EST_setLs_qFmt                                  
abs   003f8b45  _EST_setLs_d_pu                                  
abs   003f8b63  _EST_setIq_ref_pu                                
abs   003f8b67  _EST_setIdle_all                                 
abs   003f8b7a  _EST_setIdle                                     
abs   003f8b80  _EST_setId_ref_pu                                
abs   003f8bd3  _EST_setFlag_enableRsRecalc                      
abs   003f8bdb  _EST_setFlag_enableForceAngle                    
abs   003f8c0d  _EST_getAngle_pu                                 
abs   003f927b  _EST_run                                         
abs   003f9378  _EST_isOnLine                                    
abs   003f937f  _EST_isLockRotor                                 
abs   003f9386  _EST_isIdle                                      
abs   003f938d  _EST_isError                                     
abs   003f9453  _EST_get_pu_to_krpm_sf                           
abs   003f9458  _EST_get_krpm_to_pu_sf                           
abs   003f94c6  _EST_getSpeed_krpm                               
abs   003f9513  _EST_getRs_Ohm                                   
abs   003f95ad  _EST_getRr_Ohm                                   
abs   003f95b3  _EST_getOneOverDcBus_pu                          
abs   003f95bd  _EST_getMaxCurrentSlope_pu                       
abs   003f95c9  _EST_getLs_q_pu                                  
abs   003f95ce  _EST_getLs_q_H                                   
abs   003f95f0  _EST_getLs_d_pu                                  
abs   003f95f5  _EST_getLs_d_H                                   
abs   003f95ff  _EST_getLs_coarse_max_pu                         
abs   003f9632  _EST_getIdRated                                  
abs   003f968e  _EST_getFm_pu                                    
abs   003f96ab  _EST_getFlux_pu                                  
abs   003f96be  _EST_getFlux_VpHz                                
abs   003f9758  _EST_doSpeedCtrl                                 
abs   003f9760  _EST_doCurrentCtrl                               
abs   003f9806  _CTRL_setupTraj                                  
abs   003f996a  _CTRL_setupEstOnLineState                        
abs   003f99a5  _CTRL_setupEstIdleState                          
abs   003f9b43  _CTRL_setupCtrl                                  
abs   003f9d31  _CTRL_setUserMotorParams                         
abs   003f9e64  _CTRL_setEstParams                               
abs   003fa5d1  _CTRL_runTraj                                    
abs   003fa6fb  _CTRL_initCtrl                                   
abs   003fa721  _CTRL_getVersion                                 
abs   ffffffff  ___TI_pprof_out_hndl                             
abs   ffffffff  ___TI_prof_data_size                             
abs   ffffffff  ___TI_prof_data_start                            
abs   ffffffff  ___binit__                                       
abs   ffffffff  ___c_args__                                      
abs   ffffffff  ___pinit__                                       
abs   ffffffff  binit                                            
abs   ffffffff  pinit                                            

[1153 symbols]
