<?xml version="1.0"?>
<link_info>
   <banner>TMS320C2000 Linker PC v15.12.1.LTS</banner>
   <copyright>Copyright (c) 1996-2015 Texas Instruments Incorporated</copyright>
   <link_time>0x579ad5e2</link_time>
   <link_errors>0x0</link_errors>
   <output_file>EV_28069M.out</output_file>
   <entry_point>
      <name>_c_int00</name>
      <address>0x3f08ff</address>
   </entry_point>
   <input_file_list>
      <input_file id="fl-2">
         <path>.\</path>
         <kind>object</kind>
         <file>CodeStartBranch.obj</file>
         <name>CodeStartBranch.obj</name>
      </input_file>
      <input_file id="fl-3">
         <path>.\</path>
         <kind>object</kind>
         <file>Main.obj</file>
         <name>Main.obj</name>
      </input_file>
      <input_file id="fl-4">
         <path>.\</path>
         <kind>object</kind>
         <file>adc.obj</file>
         <name>adc.obj</name>
      </input_file>
      <input_file id="fl-5">
         <path>.\</path>
         <kind>object</kind>
         <file>clarke.obj</file>
         <name>clarke.obj</name>
      </input_file>
      <input_file id="fl-6">
         <path>.\</path>
         <kind>object</kind>
         <file>clk.obj</file>
         <name>clk.obj</name>
      </input_file>
      <input_file id="fl-7">
         <path>.\</path>
         <kind>object</kind>
         <file>cpu.obj</file>
         <name>cpu.obj</name>
      </input_file>
      <input_file id="fl-8">
         <path>.\</path>
         <kind>object</kind>
         <file>ctrlQEP.obj</file>
         <name>ctrlQEP.obj</name>
      </input_file>
      <input_file id="fl-9">
         <path>.\</path>
         <kind>object</kind>
         <file>drv8305.obj</file>
         <name>drv8305.obj</name>
      </input_file>
      <input_file id="fl-a">
         <path>.\</path>
         <kind>object</kind>
         <file>enc.obj</file>
         <name>enc.obj</name>
      </input_file>
      <input_file id="fl-b">
         <path>.\</path>
         <kind>object</kind>
         <file>filter_fo.obj</file>
         <name>filter_fo.obj</name>
      </input_file>
      <input_file id="fl-c">
         <path>.\</path>
         <kind>object</kind>
         <file>flash.obj</file>
         <name>flash.obj</name>
      </input_file>
      <input_file id="fl-d">
         <path>.\</path>
         <kind>object</kind>
         <file>gpio.obj</file>
         <name>gpio.obj</name>
      </input_file>
      <input_file id="fl-e">
         <path>.\</path>
         <kind>object</kind>
         <file>hal.obj</file>
         <name>hal.obj</name>
      </input_file>
      <input_file id="fl-f">
         <path>.\</path>
         <kind>object</kind>
         <file>hallbldc.obj</file>
         <name>hallbldc.obj</name>
      </input_file>
      <input_file id="fl-10">
         <path>.\</path>
         <kind>object</kind>
         <file>i2c.obj</file>
         <name>i2c.obj</name>
      </input_file>
      <input_file id="fl-11">
         <path>.\</path>
         <kind>object</kind>
         <file>i2c_24lc32.obj</file>
         <name>i2c_24lc32.obj</name>
      </input_file>
      <input_file id="fl-12">
         <path>.\</path>
         <kind>object</kind>
         <file>i2c_lcd.obj</file>
         <name>i2c_lcd.obj</name>
      </input_file>
      <input_file id="fl-13">
         <path>.\</path>
         <kind>object</kind>
         <file>i2c_mcp23017.obj</file>
         <name>i2c_mcp23017.obj</name>
      </input_file>
      <input_file id="fl-14">
         <path>.\</path>
         <kind>object</kind>
         <file>i2c_message.obj</file>
         <name>i2c_message.obj</name>
      </input_file>
      <input_file id="fl-15">
         <path>.\</path>
         <kind>object</kind>
         <file>ipark.obj</file>
         <name>ipark.obj</name>
      </input_file>
      <input_file id="fl-16">
         <path>.\</path>
         <kind>object</kind>
         <file>memCopy.obj</file>
         <name>memCopy.obj</name>
      </input_file>
      <input_file id="fl-17">
         <path>.\</path>
         <kind>object</kind>
         <file>offset.obj</file>
         <name>offset.obj</name>
      </input_file>
      <input_file id="fl-18">
         <path>.\</path>
         <kind>object</kind>
         <file>osc.obj</file>
         <name>osc.obj</name>
      </input_file>
      <input_file id="fl-19">
         <path>.\</path>
         <kind>object</kind>
         <file>park.obj</file>
         <name>park.obj</name>
      </input_file>
      <input_file id="fl-1a">
         <path>.\</path>
         <kind>object</kind>
         <file>pid.obj</file>
         <name>pid.obj</name>
      </input_file>
      <input_file id="fl-1b">
         <path>.\</path>
         <kind>object</kind>
         <file>pie.obj</file>
         <name>pie.obj</name>
      </input_file>
      <input_file id="fl-1c">
         <path>.\</path>
         <kind>object</kind>
         <file>pll.obj</file>
         <name>pll.obj</name>
      </input_file>
      <input_file id="fl-1d">
         <path>.\</path>
         <kind>object</kind>
         <file>pwm.obj</file>
         <name>pwm.obj</name>
      </input_file>
      <input_file id="fl-1e">
         <path>.\</path>
         <kind>object</kind>
         <file>pwr.obj</file>
         <name>pwr.obj</name>
      </input_file>
      <input_file id="fl-1f">
         <path>.\</path>
         <kind>object</kind>
         <file>qep.obj</file>
         <name>qep.obj</name>
      </input_file>
      <input_file id="fl-20">
         <path>.\</path>
         <kind>object</kind>
         <file>sci.obj</file>
         <name>sci.obj</name>
      </input_file>
      <input_file id="fl-21">
         <path>.\</path>
         <kind>object</kind>
         <file>sci_message.obj</file>
         <name>sci_message.obj</name>
      </input_file>
      <input_file id="fl-22">
         <path>.\</path>
         <kind>object</kind>
         <file>sci_modbus.obj</file>
         <name>sci_modbus.obj</name>
      </input_file>
      <input_file id="fl-23">
         <path>.\</path>
         <kind>object</kind>
         <file>sci_operator.obj</file>
         <name>sci_operator.obj</name>
      </input_file>
      <input_file id="fl-24">
         <path>.\</path>
         <kind>object</kind>
         <file>slip.obj</file>
         <name>slip.obj</name>
      </input_file>
      <input_file id="fl-25">
         <path>.\</path>
         <kind>object</kind>
         <file>spi.obj</file>
         <name>spi.obj</name>
      </input_file>
      <input_file id="fl-26">
         <path>.\</path>
         <kind>object</kind>
         <file>svgen.obj</file>
         <name>svgen.obj</name>
      </input_file>
      <input_file id="fl-27">
         <path>.\</path>
         <kind>object</kind>
         <file>throttle.obj</file>
         <name>throttle.obj</name>
      </input_file>
      <input_file id="fl-28">
         <path>.\</path>
         <kind>object</kind>
         <file>timer.obj</file>
         <name>timer.obj</name>
      </input_file>
      <input_file id="fl-29">
         <path>.\</path>
         <kind>object</kind>
         <file>traj.obj</file>
         <name>traj.obj</name>
      </input_file>
      <input_file id="fl-2a">
         <path>.\</path>
         <kind>object</kind>
         <file>usDelay.obj</file>
         <name>usDelay.obj</name>
      </input_file>
      <input_file id="fl-2b">
         <path>.\</path>
         <kind>object</kind>
         <file>user.obj</file>
         <name>user.obj</name>
      </input_file>
      <input_file id="fl-2c">
         <path>.\</path>
         <kind>object</kind>
         <file>user_data.obj</file>
         <name>user_data.obj</name>
      </input_file>
      <input_file id="fl-2d">
         <path>.\</path>
         <kind>object</kind>
         <file>wdog.obj</file>
         <name>wdog.obj</name>
      </input_file>
      <input_file id="fl-34">
         <path>..\sw\modules\fast\lib\32b\f28x\f2806x\</path>
         <kind>archive</kind>
         <file>2806xRevB_FastSpinROMSymbols.lib</file>
         <name>TMS320x2806x_REVB_boot_rom_out_FD$$MPY_tmp.obj</name>
      </input_file>
      <input_file id="fl-35">
         <path>..\sw\modules\fast\lib\32b\f28x\f2806x\</path>
         <kind>archive</kind>
         <file>2806xRevB_FastSpinROMSymbols.lib</file>
         <name>TMS320x2806x_REVB_boot_rom_out_FD$$TOL_tmp.obj</name>
      </input_file>
      <input_file id="fl-36">
         <path>..\sw\modules\fast\lib\32b\f28x\f2806x\</path>
         <kind>archive</kind>
         <file>2806xRevB_FastSpinROMSymbols.lib</file>
         <name>TMS320x2806x_REVB_boot_rom_out_FS$$ADD_tmp.obj</name>
      </input_file>
      <input_file id="fl-37">
         <path>..\sw\modules\fast\lib\32b\f28x\f2806x\</path>
         <kind>archive</kind>
         <file>2806xRevB_FastSpinROMSymbols.lib</file>
         <name>TMS320x2806x_REVB_boot_rom_out_FS$$DIV_tmp.obj</name>
      </input_file>
      <input_file id="fl-38">
         <path>..\sw\modules\fast\lib\32b\f28x\f2806x\</path>
         <kind>archive</kind>
         <file>2806xRevB_FastSpinROMSymbols.lib</file>
         <name>TMS320x2806x_REVB_boot_rom_out_FS$$MPY_tmp.obj</name>
      </input_file>
      <input_file id="fl-39">
         <path>..\sw\modules\fast\lib\32b\f28x\f2806x\</path>
         <kind>archive</kind>
         <file>2806xRevB_FastSpinROMSymbols.lib</file>
         <name>TMS320x2806x_REVB_boot_rom_out_FS$$NEG_tmp.obj</name>
      </input_file>
      <input_file id="fl-3a">
         <path>..\sw\modules\fast\lib\32b\f28x\f2806x\</path>
         <kind>archive</kind>
         <file>2806xRevB_FastSpinROMSymbols.lib</file>
         <name>TMS320x2806x_REVB_boot_rom_out_FS$$TOFD_tmp.obj</name>
      </input_file>
      <input_file id="fl-3b">
         <path>..\sw\modules\fast\lib\32b\f28x\f2806x\</path>
         <kind>archive</kind>
         <file>2806xRevB_FastSpinROMSymbols.lib</file>
         <name>TMS320x2806x_REVB_boot_rom_out_FS$$TOI_tmp.obj</name>
      </input_file>
      <input_file id="fl-3c">
         <path>..\sw\modules\fast\lib\32b\f28x\f2806x\</path>
         <kind>archive</kind>
         <file>2806xRevB_FastSpinROMSymbols.lib</file>
         <name>TMS320x2806x_REVB_boot_rom_out_FS$$TOL_tmp.obj</name>
      </input_file>
      <input_file id="fl-3d">
         <path>C:\ti\ccsv6\tools\compiler\ti-cgt-c2000_15.12.1.LTS\lib\</path>
         <kind>archive</kind>
         <file>rts2800_ml.lib</file>
         <name>fs_tou.obj</name>
      </input_file>
      <input_file id="fl-3e">
         <path>..\sw\modules\fast\lib\32b\f28x\f2806x\</path>
         <kind>archive</kind>
         <file>2806xRevB_FastSpinROMSymbols.lib</file>
         <name>TMS320x2806x_REVB_boot_rom_out_I$$DIV_tmp.obj</name>
      </input_file>
      <input_file id="fl-3f">
         <path>..\sw\modules\fast\lib\32b\f28x\f2806x\</path>
         <kind>archive</kind>
         <file>2806xRevB_FastSpinROMSymbols.lib</file>
         <name>TMS320x2806x_REVB_boot_rom_out_I$$MOD_tmp.obj</name>
      </input_file>
      <input_file id="fl-40">
         <path>..\sw\modules\fast\lib\32b\f28x\f2806x\</path>
         <kind>archive</kind>
         <file>2806xRevB_FastSpinROMSymbols.lib</file>
         <name>TMS320x2806x_REVB_boot_rom_out_I$$TOFS_tmp.obj</name>
      </input_file>
      <input_file id="fl-41">
         <path>..\sw\modules\fast\lib\32b\f28x\f2806x\</path>
         <kind>archive</kind>
         <file>2806xRevB_FastSpinROMSymbols.lib</file>
         <name>TMS320x2806x_REVB_boot_rom_out_L$$DIV_tmp.obj</name>
      </input_file>
      <input_file id="fl-42">
         <path>C:\ti\ccsv6\tools\compiler\ti-cgt-c2000_15.12.1.LTS\lib\</path>
         <kind>archive</kind>
         <file>rts2800_ml.lib</file>
         <name>u_div.obj</name>
      </input_file>
      <input_file id="fl-43">
         <path>..\sw\modules\fast\lib\32b\f28x\f2806x\</path>
         <kind>archive</kind>
         <file>2806xRevB_FastSpinROMSymbols.lib</file>
         <name>TMS320x2806x_REVB_boot_rom_out_U$$TOFS_tmp.obj</name>
      </input_file>
      <input_file id="fl-44">
         <path>..\sw\modules\fast\lib\32b\f28x\f2806x\</path>
         <kind>archive</kind>
         <file>2806xRevB_FastSpinROMSymbols.lib</file>
         <name>TMS320x2806x_REVB_boot_rom_out_UL$$TOFS_tmp.obj</name>
      </input_file>
      <input_file id="fl-45">
         <path>..\sw\modules\fast\lib\32b\f28x\f2806x\</path>
         <kind>archive</kind>
         <file>2806xRevB_FastSpinROMSymbols.lib</file>
         <name>TMS320x2806x_REVB_boot_rom_out__CTRL_getVersion_tmp.obj</name>
      </input_file>
      <input_file id="fl-46">
         <path>..\sw\modules\fast\lib\32b\f28x\f2806x\</path>
         <kind>archive</kind>
         <file>2806xRevB_FastSpinROMSymbols.lib</file>
         <name>TMS320x2806x_REVB_boot_rom_out__CTRL_initCtrl_tmp.obj</name>
      </input_file>
      <input_file id="fl-47">
         <path>..\sw\modules\fast\lib\32b\f28x\f2806x\</path>
         <kind>archive</kind>
         <file>2806xRevB_FastSpinROMSymbols.lib</file>
         <name>TMS320x2806x_REVB_boot_rom_out__CTRL_runTraj_tmp.obj</name>
      </input_file>
      <input_file id="fl-48">
         <path>..\sw\modules\fast\lib\32b\f28x\f2806x\</path>
         <kind>archive</kind>
         <file>2806xRevB_FastSpinROMSymbols.lib</file>
         <name>TMS320x2806x_REVB_boot_rom_out__CTRL_setEstParams_tmp.obj</name>
      </input_file>
      <input_file id="fl-49">
         <path>..\sw\modules\fast\lib\32b\f28x\f2806x\</path>
         <kind>archive</kind>
         <file>2806xRevB_FastSpinROMSymbols.lib</file>
         <name>TMS320x2806x_REVB_boot_rom_out__CTRL_setUserMotorParams_tmp.obj</name>
      </input_file>
      <input_file id="fl-4a">
         <path>..\sw\modules\fast\lib\32b\f28x\f2806x\</path>
         <kind>archive</kind>
         <file>2806xRevB_FastSpinROMSymbols.lib</file>
         <name>TMS320x2806x_REVB_boot_rom_out__CTRL_setupCtrl_tmp.obj</name>
      </input_file>
      <input_file id="fl-4b">
         <path>..\sw\modules\fast\lib\32b\f28x\f2806x\</path>
         <kind>archive</kind>
         <file>2806xRevB_FastSpinROMSymbols.lib</file>
         <name>TMS320x2806x_REVB_boot_rom_out__CTRL_setupEstIdleState_tmp.obj</name>
      </input_file>
      <input_file id="fl-4c">
         <path>..\sw\modules\fast\lib\32b\f28x\f2806x\</path>
         <kind>archive</kind>
         <file>2806xRevB_FastSpinROMSymbols.lib</file>
         <name>TMS320x2806x_REVB_boot_rom_out__CTRL_setupEstOnLineState_tmp.obj</name>
      </input_file>
      <input_file id="fl-4d">
         <path>..\sw\modules\fast\lib\32b\f28x\f2806x\</path>
         <kind>archive</kind>
         <file>2806xRevB_FastSpinROMSymbols.lib</file>
         <name>TMS320x2806x_REVB_boot_rom_out__CTRL_setupTraj_tmp.obj</name>
      </input_file>
      <input_file id="fl-4e">
         <path>..\sw\modules\fast\lib\32b\f28x\f2806x\</path>
         <kind>archive</kind>
         <file>2806xRevB_FastSpinROMSymbols.lib</file>
         <name>TMS320x2806x_REVB_boot_rom_out__EST_doCurrentCtrl_tmp.obj</name>
      </input_file>
      <input_file id="fl-4f">
         <path>..\sw\modules\fast\lib\32b\f28x\f2806x\</path>
         <kind>archive</kind>
         <file>2806xRevB_FastSpinROMSymbols.lib</file>
         <name>TMS320x2806x_REVB_boot_rom_out__EST_doSpeedCtrl_tmp.obj</name>
      </input_file>
      <input_file id="fl-50">
         <path>..\sw\modules\fast\lib\32b\f28x\f2806x\</path>
         <kind>archive</kind>
         <file>2806xRevB_FastSpinROMSymbols.lib</file>
         <name>TMS320x2806x_REVB_boot_rom_out__EST_getAngle_pu_tmp.obj</name>
      </input_file>
      <input_file id="fl-51">
         <path>..\sw\modules\fast\lib\32b\f28x\f2806x\</path>
         <kind>archive</kind>
         <file>2806xRevB_FastSpinROMSymbols.lib</file>
         <name>TMS320x2806x_REVB_boot_rom_out__EST_getFe_pu_tmp.obj</name>
      </input_file>
      <input_file id="fl-52">
         <path>..\sw\modules\fast\lib\32b\f28x\f2806x\</path>
         <kind>archive</kind>
         <file>2806xRevB_FastSpinROMSymbols.lib</file>
         <name>TMS320x2806x_REVB_boot_rom_out__EST_getFlux_VpHz_tmp.obj</name>
      </input_file>
      <input_file id="fl-53">
         <path>..\sw\modules\fast\lib\32b\f28x\f2806x\</path>
         <kind>archive</kind>
         <file>2806xRevB_FastSpinROMSymbols.lib</file>
         <name>TMS320x2806x_REVB_boot_rom_out__EST_getFlux_pu_tmp.obj</name>
      </input_file>
      <input_file id="fl-54">
         <path>..\sw\modules\fast\lib\32b\f28x\f2806x\</path>
         <kind>archive</kind>
         <file>2806xRevB_FastSpinROMSymbols.lib</file>
         <name>TMS320x2806x_REVB_boot_rom_out__EST_getFm_pu_tmp.obj</name>
      </input_file>
      <input_file id="fl-55">
         <path>..\sw\modules\fast\lib\32b\f28x\f2806x\</path>
         <kind>archive</kind>
         <file>2806xRevB_FastSpinROMSymbols.lib</file>
         <name>TMS320x2806x_REVB_boot_rom_out__EST_getIdRated_tmp.obj</name>
      </input_file>
      <input_file id="fl-56">
         <path>..\sw\modules\fast\lib\32b\f28x\f2806x\</path>
         <kind>archive</kind>
         <file>2806xRevB_FastSpinROMSymbols.lib</file>
         <name>TMS320x2806x_REVB_boot_rom_out__EST_getIdRated_pu_tmp.obj</name>
      </input_file>
      <input_file id="fl-57">
         <path>..\sw\modules\fast\lib\32b\f28x\f2806x\</path>
         <kind>archive</kind>
         <file>2806xRevB_FastSpinROMSymbols.lib</file>
         <name>TMS320x2806x_REVB_boot_rom_out__EST_getLs_coarse_max_pu_tmp.obj</name>
      </input_file>
      <input_file id="fl-58">
         <path>..\sw\modules\fast\lib\32b\f28x\f2806x\</path>
         <kind>archive</kind>
         <file>2806xRevB_FastSpinROMSymbols.lib</file>
         <name>TMS320x2806x_REVB_boot_rom_out__EST_getLs_d_H_tmp.obj</name>
      </input_file>
      <input_file id="fl-59">
         <path>..\sw\modules\fast\lib\32b\f28x\f2806x\</path>
         <kind>archive</kind>
         <file>2806xRevB_FastSpinROMSymbols.lib</file>
         <name>TMS320x2806x_REVB_boot_rom_out__EST_getLs_d_pu_tmp.obj</name>
      </input_file>
      <input_file id="fl-5a">
         <path>..\sw\modules\fast\lib\32b\f28x\f2806x\</path>
         <kind>archive</kind>
         <file>2806xRevB_FastSpinROMSymbols.lib</file>
         <name>TMS320x2806x_REVB_boot_rom_out__EST_getLs_q_H_tmp.obj</name>
      </input_file>
      <input_file id="fl-5b">
         <path>..\sw\modules\fast\lib\32b\f28x\f2806x\</path>
         <kind>archive</kind>
         <file>2806xRevB_FastSpinROMSymbols.lib</file>
         <name>TMS320x2806x_REVB_boot_rom_out__EST_getLs_q_pu_tmp.obj</name>
      </input_file>
      <input_file id="fl-5c">
         <path>..\sw\modules\fast\lib\32b\f28x\f2806x\</path>
         <kind>archive</kind>
         <file>2806xRevB_FastSpinROMSymbols.lib</file>
         <name>TMS320x2806x_REVB_boot_rom_out__EST_getMaxCurrentSlope_pu_tmp.obj</name>
      </input_file>
      <input_file id="fl-5d">
         <path>..\sw\modules\fast\lib\32b\f28x\f2806x\</path>
         <kind>archive</kind>
         <file>2806xRevB_FastSpinROMSymbols.lib</file>
         <name>TMS320x2806x_REVB_boot_rom_out__EST_getOneOverDcBus_pu_tmp.obj</name>
      </input_file>
      <input_file id="fl-5e">
         <path>..\sw\modules\fast\lib\32b\f28x\f2806x\</path>
         <kind>archive</kind>
         <file>2806xRevB_FastSpinROMSymbols.lib</file>
         <name>TMS320x2806x_REVB_boot_rom_out__EST_getRr_Ohm_tmp.obj</name>
      </input_file>
      <input_file id="fl-5f">
         <path>..\sw\modules\fast\lib\32b\f28x\f2806x\</path>
         <kind>archive</kind>
         <file>2806xRevB_FastSpinROMSymbols.lib</file>
         <name>TMS320x2806x_REVB_boot_rom_out__EST_getRs_Ohm_tmp.obj</name>
      </input_file>
      <input_file id="fl-60">
         <path>..\sw\modules\fast\lib\32b\f28x\f2806x\</path>
         <kind>archive</kind>
         <file>2806xRevB_FastSpinROMSymbols.lib</file>
         <name>TMS320x2806x_REVB_boot_rom_out__EST_getSpeed_krpm_tmp.obj</name>
      </input_file>
      <input_file id="fl-61">
         <path>..\sw\modules\fast\lib\32b\f28x\f2806x\</path>
         <kind>archive</kind>
         <file>2806xRevB_FastSpinROMSymbols.lib</file>
         <name>TMS320x2806x_REVB_boot_rom_out__EST_getState_tmp.obj</name>
      </input_file>
      <input_file id="fl-62">
         <path>..\sw\modules\fast\lib\32b\f28x\f2806x\</path>
         <kind>archive</kind>
         <file>2806xRevB_FastSpinROMSymbols.lib</file>
         <name>TMS320x2806x_REVB_boot_rom_out__EST_get_krpm_to_pu_sf_tmp.obj</name>
      </input_file>
      <input_file id="fl-63">
         <path>..\sw\modules\fast\lib\32b\f28x\f2806x\</path>
         <kind>archive</kind>
         <file>2806xRevB_FastSpinROMSymbols.lib</file>
         <name>TMS320x2806x_REVB_boot_rom_out__EST_get_pu_to_krpm_sf_tmp.obj</name>
      </input_file>
      <input_file id="fl-64">
         <path>..\sw\modules\fast\lib\32b\f28x\f2806x\</path>
         <kind>archive</kind>
         <file>2806xRevB_FastSpinROMSymbols.lib</file>
         <name>TMS320x2806x_REVB_boot_rom_out__EST_isError_tmp.obj</name>
      </input_file>
      <input_file id="fl-65">
         <path>..\sw\modules\fast\lib\32b\f28x\f2806x\</path>
         <kind>archive</kind>
         <file>2806xRevB_FastSpinROMSymbols.lib</file>
         <name>TMS320x2806x_REVB_boot_rom_out__EST_isIdle_tmp.obj</name>
      </input_file>
      <input_file id="fl-66">
         <path>..\sw\modules\fast\lib\32b\f28x\f2806x\</path>
         <kind>archive</kind>
         <file>2806xRevB_FastSpinROMSymbols.lib</file>
         <name>TMS320x2806x_REVB_boot_rom_out__EST_isLockRotor_tmp.obj</name>
      </input_file>
      <input_file id="fl-67">
         <path>..\sw\modules\fast\lib\32b\f28x\f2806x\</path>
         <kind>archive</kind>
         <file>2806xRevB_FastSpinROMSymbols.lib</file>
         <name>TMS320x2806x_REVB_boot_rom_out__EST_isMotorIdentified_tmp.obj</name>
      </input_file>
      <input_file id="fl-68">
         <path>..\sw\modules\fast\lib\32b\f28x\f2806x\</path>
         <kind>archive</kind>
         <file>2806xRevB_FastSpinROMSymbols.lib</file>
         <name>TMS320x2806x_REVB_boot_rom_out__EST_isOnLine_tmp.obj</name>
      </input_file>
      <input_file id="fl-69">
         <path>..\sw\modules\fast\lib\32b\f28x\f2806x\</path>
         <kind>archive</kind>
         <file>2806xRevB_FastSpinROMSymbols.lib</file>
         <name>TMS320x2806x_REVB_boot_rom_out__EST_run_tmp.obj</name>
      </input_file>
      <input_file id="fl-6a">
         <path>..\sw\modules\fast\lib\32b\f28x\f2806x\</path>
         <kind>archive</kind>
         <file>2806xRevB_FastSpinROMSymbols.lib</file>
         <name>TMS320x2806x_REVB_boot_rom_out__EST_setFlag_enableForceAngle_tmp.obj</name>
      </input_file>
      <input_file id="fl-6b">
         <path>..\sw\modules\fast\lib\32b\f28x\f2806x\</path>
         <kind>archive</kind>
         <file>2806xRevB_FastSpinROMSymbols.lib</file>
         <name>TMS320x2806x_REVB_boot_rom_out__EST_setFlag_enableRsRecalc_tmp.obj</name>
      </input_file>
      <input_file id="fl-6c">
         <path>..\sw\modules\fast\lib\32b\f28x\f2806x\</path>
         <kind>archive</kind>
         <file>2806xRevB_FastSpinROMSymbols.lib</file>
         <name>TMS320x2806x_REVB_boot_rom_out__EST_setId_ref_pu_tmp.obj</name>
      </input_file>
      <input_file id="fl-6d">
         <path>..\sw\modules\fast\lib\32b\f28x\f2806x\</path>
         <kind>archive</kind>
         <file>2806xRevB_FastSpinROMSymbols.lib</file>
         <name>TMS320x2806x_REVB_boot_rom_out__EST_setIdle_tmp.obj</name>
      </input_file>
      <input_file id="fl-6e">
         <path>..\sw\modules\fast\lib\32b\f28x\f2806x\</path>
         <kind>archive</kind>
         <file>2806xRevB_FastSpinROMSymbols.lib</file>
         <name>TMS320x2806x_REVB_boot_rom_out__EST_setIdle_all_tmp.obj</name>
      </input_file>
      <input_file id="fl-6f">
         <path>..\sw\modules\fast\lib\32b\f28x\f2806x\</path>
         <kind>archive</kind>
         <file>2806xRevB_FastSpinROMSymbols.lib</file>
         <name>TMS320x2806x_REVB_boot_rom_out__EST_setIq_ref_pu_tmp.obj</name>
      </input_file>
      <input_file id="fl-70">
         <path>..\sw\modules\fast\lib\32b\f28x\f2806x\</path>
         <kind>archive</kind>
         <file>2806xRevB_FastSpinROMSymbols.lib</file>
         <name>TMS320x2806x_REVB_boot_rom_out__EST_setLs_d_pu_tmp.obj</name>
      </input_file>
      <input_file id="fl-71">
         <path>..\sw\modules\fast\lib\32b\f28x\f2806x\</path>
         <kind>archive</kind>
         <file>2806xRevB_FastSpinROMSymbols.lib</file>
         <name>TMS320x2806x_REVB_boot_rom_out__EST_setLs_qFmt_tmp.obj</name>
      </input_file>
      <input_file id="fl-72">
         <path>..\sw\modules\fast\lib\32b\f28x\f2806x\</path>
         <kind>archive</kind>
         <file>2806xRevB_FastSpinROMSymbols.lib</file>
         <name>TMS320x2806x_REVB_boot_rom_out__EST_setLs_q_pu_tmp.obj</name>
      </input_file>
      <input_file id="fl-73">
         <path>..\sw\modules\fast\lib\32b\f28x\f2806x\</path>
         <kind>archive</kind>
         <file>2806xRevB_FastSpinROMSymbols.lib</file>
         <name>TMS320x2806x_REVB_boot_rom_out__EST_setMaxCurrentSlope_pu_tmp.obj</name>
      </input_file>
      <input_file id="fl-74">
         <path>..\sw\modules\fast\lib\32b\f28x\f2806x\</path>
         <kind>archive</kind>
         <file>2806xRevB_FastSpinROMSymbols.lib</file>
         <name>TMS320x2806x_REVB_boot_rom_out__EST_setRs_pu_tmp.obj</name>
      </input_file>
      <input_file id="fl-75">
         <path>..\sw\modules\fast\lib\32b\f28x\f2806x\</path>
         <kind>archive</kind>
         <file>2806xRevB_FastSpinROMSymbols.lib</file>
         <name>TMS320x2806x_REVB_boot_rom_out__EST_updateId_ref_pu_tmp.obj</name>
      </input_file>
      <input_file id="fl-76">
         <path>..\sw\modules\fast\lib\32b\f28x\f2806x\</path>
         <kind>archive</kind>
         <file>2806xRevB_FastSpinROMSymbols.lib</file>
         <name>TMS320x2806x_REVB_boot_rom_out__EST_updateState_tmp.obj</name>
      </input_file>
      <input_file id="fl-77">
         <path>..\sw\modules\fast\lib\32b\f28x\f2806x\</path>
         <kind>archive</kind>
         <file>2806xRevB_FastSpinROMSymbols.lib</file>
         <name>TMS320x2806x_REVB_boot_rom_out__EST_useZeroIq_ref_tmp.obj</name>
      </input_file>
      <input_file id="fl-78">
         <path>..\sw\modules\iqmath\lib\f28x\32b\</path>
         <kind>archive</kind>
         <file>IQmath.lib</file>
         <name>IQ24cosPU.obj</name>
      </input_file>
      <input_file id="fl-79">
         <path>..\sw\modules\iqmath\lib\f28x\32b\</path>
         <kind>archive</kind>
         <file>IQmath.lib</file>
         <name>IQmathTables.obj</name>
      </input_file>
      <input_file id="fl-7a">
         <path>..\sw\modules\iqmath\lib\f28x\32b\</path>
         <kind>archive</kind>
         <file>IQmath.lib</file>
         <name>IQ24div.obj</name>
      </input_file>
      <input_file id="fl-7b">
         <path>..\sw\modules\iqmath\lib\f28x\32b\</path>
         <kind>archive</kind>
         <file>IQmath.lib</file>
         <name>IQ24mpyI32int.obj</name>
      </input_file>
      <input_file id="fl-7c">
         <path>..\sw\modules\iqmath\lib\f28x\32b\</path>
         <kind>archive</kind>
         <file>IQmath.lib</file>
         <name>IQ24sinPU.obj</name>
      </input_file>
      <input_file id="fl-7d">
         <path>..\sw\modules\iqmath\lib\f28x\32b\</path>
         <kind>archive</kind>
         <file>IQmath.lib</file>
         <name>IQ24sqrt.obj</name>
      </input_file>
      <input_file id="fl-7e">
         <path>..\sw\modules\iqmath\lib\f28x\32b\</path>
         <kind>archive</kind>
         <file>IQmath.lib</file>
         <name>IQ30toF.obj</name>
      </input_file>
      <input_file id="fl-7f">
         <path>C:\ti\ccsv6\tools\compiler\ti-cgt-c2000_15.12.1.LTS\lib\</path>
         <kind>archive</kind>
         <file>rts2800_ml.lib</file>
         <name>boot.obj</name>
      </input_file>
      <input_file id="fl-80">
         <path>C:\ti\ccsv6\tools\compiler\ti-cgt-c2000_15.12.1.LTS\lib\</path>
         <kind>archive</kind>
         <file>rts2800_ml.lib</file>
         <name>args_main.obj</name>
      </input_file>
      <input_file id="fl-81">
         <path>C:\ti\ccsv6\tools\compiler\ti-cgt-c2000_15.12.1.LTS\lib\</path>
         <kind>archive</kind>
         <file>rts2800_ml.lib</file>
         <name>startup.obj</name>
      </input_file>
      <input_file id="fl-82">
         <path>C:\ti\ccsv6\tools\compiler\ti-cgt-c2000_15.12.1.LTS\lib\</path>
         <kind>archive</kind>
         <file>rts2800_ml.lib</file>
         <name>pre_init.obj</name>
      </input_file>
      <input_file id="fl-83">
         <path>C:\ti\ccsv6\tools\compiler\ti-cgt-c2000_15.12.1.LTS\lib\</path>
         <kind>archive</kind>
         <file>rts2800_ml.lib</file>
         <name>s_ceilf.obj</name>
      </input_file>
      <input_file id="fl-84">
         <path>..\sw\modules\fast\lib\32b\f28x\f2806x\</path>
         <kind>archive</kind>
         <file>2806xRevB_FastSpinROMSymbols.lib</file>
         <name>TMS320x2806x_REVB_boot_rom_out_FS$$CMP_tmp.obj</name>
      </input_file>
      <input_file id="fl-85">
         <path>C:\ti\ccsv6\tools\compiler\ti-cgt-c2000_15.12.1.LTS\lib\</path>
         <kind>archive</kind>
         <file>rts2800_ml.lib</file>
         <name>cpy_tbl.obj</name>
      </input_file>
      <input_file id="fl-86">
         <path>C:\ti\ccsv6\tools\compiler\ti-cgt-c2000_15.12.1.LTS\lib\</path>
         <kind>archive</kind>
         <file>rts2800_ml.lib</file>
         <name>cpy_utils.obj</name>
      </input_file>
      <input_file id="fl-87">
         <path>C:\ti\ccsv6\tools\compiler\ti-cgt-c2000_15.12.1.LTS\lib\</path>
         <kind>archive</kind>
         <file>rts2800_ml.lib</file>
         <name>exit.obj</name>
      </input_file>
      <input_file id="fl-88">
         <path>C:\ti\ccsv6\tools\compiler\ti-cgt-c2000_15.12.1.LTS\lib\</path>
         <kind>archive</kind>
         <file>rts2800_ml.lib</file>
         <name>_lock.obj</name>
      </input_file>
      <input_file id="fl-89">
         <path>..\sw\modules\fast\lib\32b\f28x\f2806x\</path>
         <kind>archive</kind>
         <file>2806xRevB_FastSpinROMSymbols.lib</file>
         <name>TMS320x2806x_REVB_boot_rom_out__log_tmp.obj</name>
      </input_file>
      <input_file id="fl-8a">
         <path>..\sw\modules\fast\lib\32b\f28x\f2806x\</path>
         <kind>archive</kind>
         <file>2806xRevB_FastSpinROMSymbols.lib</file>
         <name>TMS320x2806x_REVB_boot_rom_out__pow_tmp.obj</name>
      </input_file>
      <input_file id="fl-8b">
         <path>C:\ti\ccsv6\tools\compiler\ti-cgt-c2000_15.12.1.LTS\lib\</path>
         <kind>archive</kind>
         <file>rts2800_ml.lib</file>
         <name>sprintf.obj</name>
      </input_file>
      <input_file id="fl-8c">
         <path>C:\ti\ccsv6\tools\compiler\ti-cgt-c2000_15.12.1.LTS\lib\</path>
         <kind>archive</kind>
         <file>rts2800_ml.lib</file>
         <name>_printfi.obj</name>
      </input_file>
      <input_file id="fl-8d">
         <path>C:\ti\ccsv6\tools\compiler\ti-cgt-c2000_15.12.1.LTS\lib\</path>
         <kind>archive</kind>
         <file>rts2800_ml.lib</file>
         <name>fd_cmp.obj</name>
      </input_file>
      <input_file id="fl-8e">
         <path>C:\ti\ccsv6\tools\compiler\ti-cgt-c2000_15.12.1.LTS\lib\</path>
         <kind>archive</kind>
         <file>rts2800_ml.lib</file>
         <name>fd_div.obj</name>
      </input_file>
      <input_file id="fl-8f">
         <path>C:\ti\ccsv6\tools\compiler\ti-cgt-c2000_15.12.1.LTS\lib\</path>
         <kind>archive</kind>
         <file>rts2800_ml.lib</file>
         <name>fd_neg.obj</name>
      </input_file>
      <input_file id="fl-90">
         <path>C:\ti\ccsv6\tools\compiler\ti-cgt-c2000_15.12.1.LTS\lib\</path>
         <kind>archive</kind>
         <file>rts2800_ml.lib</file>
         <name>fd_sub.obj</name>
      </input_file>
      <input_file id="fl-91">
         <path>C:\ti\ccsv6\tools\compiler\ti-cgt-c2000_15.12.1.LTS\lib\</path>
         <kind>archive</kind>
         <file>rts2800_ml.lib</file>
         <name>fd_add.obj</name>
      </input_file>
      <input_file id="fl-92">
         <path>C:\ti\ccsv6\tools\compiler\ti-cgt-c2000_15.12.1.LTS\lib\</path>
         <kind>archive</kind>
         <file>rts2800_ml.lib</file>
         <name>fd_toi.obj</name>
      </input_file>
      <input_file id="fl-93">
         <path>..\sw\modules\fast\lib\32b\f28x\f2806x\</path>
         <kind>archive</kind>
         <file>2806xRevB_FastSpinROMSymbols.lib</file>
         <name>TMS320x2806x_REVB_boot_rom_out_I$$TOFD_tmp.obj</name>
      </input_file>
      <input_file id="fl-94">
         <path>C:\ti\ccsv6\tools\compiler\ti-cgt-c2000_15.12.1.LTS\lib\</path>
         <kind>archive</kind>
         <file>rts2800_ml.lib</file>
         <name>l_tofd.obj</name>
      </input_file>
      <input_file id="fl-95">
         <path>C:\ti\ccsv6\tools\compiler\ti-cgt-c2000_15.12.1.LTS\lib\</path>
         <kind>archive</kind>
         <file>rts2800_ml.lib</file>
         <name>ll_aox.obj</name>
      </input_file>
      <input_file id="fl-96">
         <path>C:\ti\ccsv6\tools\compiler\ti-cgt-c2000_15.12.1.LTS\lib\</path>
         <kind>archive</kind>
         <file>rts2800_ml.lib</file>
         <name>ll_cmp.obj</name>
      </input_file>
      <input_file id="fl-97">
         <path>C:\ti\ccsv6\tools\compiler\ti-cgt-c2000_15.12.1.LTS\lib\</path>
         <kind>archive</kind>
         <file>rts2800_ml.lib</file>
         <name>ll_div.obj</name>
      </input_file>
      <input_file id="fl-98">
         <path>C:\ti\ccsv6\tools\compiler\ti-cgt-c2000_15.12.1.LTS\lib\</path>
         <kind>archive</kind>
         <file>rts2800_ml.lib</file>
         <name>atoi.obj</name>
      </input_file>
      <input_file id="fl-99">
         <path>C:\ti\ccsv6\tools\compiler\ti-cgt-c2000_15.12.1.LTS\lib\</path>
         <kind>archive</kind>
         <file>rts2800_ml.lib</file>
         <name>ctype.obj</name>
      </input_file>
      <input_file id="fl-9a">
         <path>C:\ti\ccsv6\tools\compiler\ti-cgt-c2000_15.12.1.LTS\lib\</path>
         <kind>archive</kind>
         <file>rts2800_ml.lib</file>
         <name>s_frexp.obj</name>
      </input_file>
      <input_file id="fl-9b">
         <path>C:\ti\ccsv6\tools\compiler\ti-cgt-c2000_15.12.1.LTS\lib\</path>
         <kind>archive</kind>
         <file>rts2800_ml.lib</file>
         <name>s_scalbn.obj</name>
      </input_file>
      <input_file id="fl-9c">
         <path>C:\ti\ccsv6\tools\compiler\ti-cgt-c2000_15.12.1.LTS\lib\</path>
         <kind>archive</kind>
         <file>rts2800_ml.lib</file>
         <name>s_copysign.obj</name>
      </input_file>
      <input_file id="fl-9d">
         <path>..\sw\modules\fast\lib\32b\f28x\f2806x\</path>
         <kind>archive</kind>
         <file>2806xRevB_FastSpinROMSymbols.lib</file>
         <name>TMS320x2806x_REVB_boot_rom_out__errno_tmp.obj</name>
      </input_file>
      <input_file id="fl-9e">
         <path>C:\ti\ccsv6\tools\compiler\ti-cgt-c2000_15.12.1.LTS\lib\</path>
         <kind>archive</kind>
         <file>rts2800_ml.lib</file>
         <name>ltoa.obj</name>
      </input_file>
      <input_file id="fl-9f">
         <path>..\sw\modules\fast\lib\32b\f28x\f2806x\</path>
         <kind>archive</kind>
         <file>2806xRevB_FastSpinROMSymbols.lib</file>
         <name>TMS320x2806x_REVB_boot_rom_out_L$$MOD_tmp.obj</name>
      </input_file>
      <input_file id="fl-a0">
         <path>C:\ti\ccsv6\tools\compiler\ti-cgt-c2000_15.12.1.LTS\lib\</path>
         <kind>archive</kind>
         <file>rts2800_ml.lib</file>
         <name>memccpy.obj</name>
      </input_file>
      <input_file id="fl-a1">
         <path>C:\ti\ccsv6\tools\compiler\ti-cgt-c2000_15.12.1.LTS\lib\</path>
         <kind>archive</kind>
         <file>rts2800_ml.lib</file>
         <name>memcpy.obj</name>
      </input_file>
      <input_file id="fl-a2">
         <path>C:\ti\ccsv6\tools\compiler\ti-cgt-c2000_15.12.1.LTS\lib\</path>
         <kind>archive</kind>
         <file>rts2800_ml.lib</file>
         <name>memset.obj</name>
      </input_file>
      <input_file id="fl-a3">
         <path>C:\ti\ccsv6\tools\compiler\ti-cgt-c2000_15.12.1.LTS\lib\</path>
         <kind>archive</kind>
         <file>rts2800_ml.lib</file>
         <name>strcat.obj</name>
      </input_file>
      <input_file id="fl-a4">
         <path>C:\ti\ccsv6\tools\compiler\ti-cgt-c2000_15.12.1.LTS\lib\</path>
         <kind>archive</kind>
         <file>rts2800_ml.lib</file>
         <name>strchr.obj</name>
      </input_file>
      <input_file id="fl-a5">
         <path>C:\ti\ccsv6\tools\compiler\ti-cgt-c2000_15.12.1.LTS\lib\</path>
         <kind>archive</kind>
         <file>rts2800_ml.lib</file>
         <name>strcpy.obj</name>
      </input_file>
      <input_file id="fl-a6">
         <path>C:\ti\ccsv6\tools\compiler\ti-cgt-c2000_15.12.1.LTS\lib\</path>
         <kind>archive</kind>
         <file>rts2800_ml.lib</file>
         <name>strlen.obj</name>
      </input_file>
   </input_file_list>
   <object_component_list>
      <object_component id="oc-14b">
         <name>.cinit</name>
         <load_address>0x3f1f0c</load_address>
         <run_address>0x3f1f0c</run_address>
         <size>0x246</size>
         <input_file_ref idref="fl-2c"/>
      </object_component>
      <object_component id="oc-68">
         <name>.cinit</name>
         <load_address>0x3f2152</load_address>
         <run_address>0x3f2152</run_address>
         <size>0x79</size>
         <input_file_ref idref="fl-3"/>
      </object_component>
      <object_component id="oc-18e">
         <name>.cinit</name>
         <load_address>0x3f21cb</load_address>
         <run_address>0x3f21cb</run_address>
         <size>0xe</size>
         <input_file_ref idref="fl-87"/>
      </object_component>
      <object_component id="oc-11a">
         <name>.cinit</name>
         <load_address>0x3f21d9</load_address>
         <run_address>0x3f21d9</run_address>
         <size>0xc</size>
         <input_file_ref idref="fl-23"/>
      </object_component>
      <object_component id="oc-be">
         <name>.cinit</name>
         <load_address>0x3f21e5</load_address>
         <run_address>0x3f21e5</run_address>
         <size>0x7</size>
         <input_file_ref idref="fl-12"/>
      </object_component>
      <object_component id="oc-290">
         <name>.cinit:__lock</name>
         <load_address>0x3f21ec</load_address>
         <run_address>0x3f21ec</run_address>
         <size>0x5</size>
         <input_file_ref idref="fl-88"/>
      </object_component>
      <object_component id="oc-2c8">
         <name>.cinit:__unlock</name>
         <load_address>0x3f21f1</load_address>
         <run_address>0x3f21f1</run_address>
         <size>0x5</size>
         <input_file_ref idref="fl-88"/>
      </object_component>
      <object_component id="oc-8d">
         <name>.cinit</name>
         <load_address>0x3f21f6</load_address>
         <run_address>0x3f21f6</run_address>
         <size>0x4</size>
         <input_file_ref idref="fl-9"/>
      </object_component>
      <object_component id="oc-c5">
         <name>.cinit</name>
         <load_address>0x3f21fa</load_address>
         <run_address>0x3f21fa</run_address>
         <size>0x4</size>
         <input_file_ref idref="fl-13"/>
      </object_component>
      <object_component id="oc-2c2">
         <name>.text</name>
         <load_address>0x3ec000</load_address>
         <run_address>0x3ec000</run_address>
         <size>0xc33</size>
         <input_file_ref idref="fl-e"/>
      </object_component>
      <object_component id="oc-2c9">
         <name>.text</name>
         <load_address>0x3ecc33</load_address>
         <run_address>0x3ecc33</run_address>
         <size>0xb45</size>
         <input_file_ref idref="fl-8c"/>
      </object_component>
      <object_component id="oc-21c">
         <name>.text</name>
         <load_address>0x3ed778</load_address>
         <run_address>0x3ed778</run_address>
         <size>0x739</size>
         <input_file_ref idref="fl-2c"/>
      </object_component>
      <object_component id="oc-21e">
         <name>.text</name>
         <load_address>0x3edeb1</load_address>
         <run_address>0x3edeb1</run_address>
         <size>0x712</size>
         <input_file_ref idref="fl-23"/>
      </object_component>
      <object_component id="oc-2c0">
         <name>.text</name>
         <load_address>0x3ee5c3</load_address>
         <run_address>0x3ee5c3</run_address>
         <size>0x43e</size>
         <input_file_ref idref="fl-2b"/>
      </object_component>
      <object_component id="oc-28e">
         <name>.text</name>
         <load_address>0x3eea01</load_address>
         <run_address>0x3eea01</run_address>
         <size>0x3fc</size>
         <input_file_ref idref="fl-3"/>
      </object_component>
      <object_component id="oc-2c5">
         <name>.text</name>
         <load_address>0x3eedfd</load_address>
         <run_address>0x3eedfd</run_address>
         <size>0x3fb</size>
         <input_file_ref idref="fl-8"/>
      </object_component>
      <object_component id="oc-2cc">
         <name>.text</name>
         <load_address>0x3ef1f8</load_address>
         <run_address>0x3ef1f8</run_address>
         <size>0x2f6</size>
         <input_file_ref idref="fl-1d"/>
      </object_component>
      <object_component id="oc-2d0">
         <name>.text</name>
         <load_address>0x3ef4ee</load_address>
         <run_address>0x3ef4ee</run_address>
         <size>0x1f8</size>
         <input_file_ref idref="fl-4"/>
      </object_component>
      <object_component id="oc-2cd">
         <name>.text</name>
         <load_address>0x3ef6e6</load_address>
         <run_address>0x3ef6e6</run_address>
         <size>0x18a</size>
         <input_file_ref idref="fl-6"/>
      </object_component>
      <object_component id="oc-2c6">
         <name>.text</name>
         <load_address>0x3ef870</load_address>
         <run_address>0x3ef870</run_address>
         <size>0x180</size>
         <input_file_ref idref="fl-d"/>
      </object_component>
      <object_component id="oc-cc">
         <name>.text:retain</name>
         <load_address>0x3ef9f0</load_address>
         <run_address>0x3ef9f0</run_address>
         <size>0x175</size>
         <input_file_ref idref="fl-14"/>
      </object_component>
      <object_component id="oc-295">
         <name>.text</name>
         <load_address>0x3efb65</load_address>
         <run_address>0x3efb65</run_address>
         <size>0x139</size>
         <input_file_ref idref="fl-14"/>
      </object_component>
      <object_component id="oc-2cf">
         <name>.text</name>
         <load_address>0x3efc9e</load_address>
         <run_address>0x3efc9e</run_address>
         <size>0x127</size>
         <input_file_ref idref="fl-1b"/>
      </object_component>
      <object_component id="oc-1d2">
         <name>.text</name>
         <load_address>0x3efdc5</load_address>
         <run_address>0x3efdc5</run_address>
         <size>0x107</size>
         <input_file_ref idref="fl-97"/>
      </object_component>
      <object_component id="oc-221">
         <name>.text</name>
         <load_address>0x3efecc</load_address>
         <run_address>0x3efecc</run_address>
         <size>0xfe</size>
         <input_file_ref idref="fl-a"/>
      </object_component>
      <object_component id="oc-223">
         <name>.text</name>
         <load_address>0x3effca</load_address>
         <run_address>0x3effca</run_address>
         <size>0xf7</size>
         <input_file_ref idref="fl-10"/>
      </object_component>
      <object_component id="oc-224">
         <name>.text</name>
         <load_address>0x3f00c1</load_address>
         <run_address>0x3f00c1</run_address>
         <size>0xf1</size>
         <input_file_ref idref="fl-20"/>
      </object_component>
      <object_component id="oc-2c3">
         <name>.text</name>
         <load_address>0x3f01b2</load_address>
         <run_address>0x3f01b2</run_address>
         <size>0xe0</size>
         <input_file_ref idref="fl-12"/>
      </object_component>
      <object_component id="oc-10f">
         <name>.text:retain</name>
         <load_address>0x3f0292</load_address>
         <run_address>0x3f0292</run_address>
         <size>0xd8</size>
         <input_file_ref idref="fl-21"/>
      </object_component>
      <object_component id="oc-2e5">
         <name>.text</name>
         <load_address>0x3f036a</load_address>
         <run_address>0x3f036a</run_address>
         <size>0xbd</size>
         <input_file_ref idref="fl-9b"/>
      </object_component>
      <object_component id="oc-2d8">
         <name>.text</name>
         <load_address>0x3f0427</load_address>
         <run_address>0x3f0427</run_address>
         <size>0xa9</size>
         <input_file_ref idref="fl-25"/>
      </object_component>
      <object_component id="oc-291">
         <name>.text</name>
         <load_address>0x3f04d0</load_address>
         <run_address>0x3f04d0</run_address>
         <size>0x9e</size>
         <input_file_ref idref="fl-11"/>
      </object_component>
      <object_component id="oc-1b9">
         <name>.text</name>
         <load_address>0x3f056e</load_address>
         <run_address>0x3f056e</run_address>
         <size>0x9c</size>
         <input_file_ref idref="fl-91"/>
      </object_component>
      <object_component id="oc-1aa">
         <name>.text</name>
         <load_address>0x3f060a</load_address>
         <run_address>0x3f060a</run_address>
         <size>0x8b</size>
         <input_file_ref idref="fl-8e"/>
      </object_component>
      <object_component id="oc-21d">
         <name>.text</name>
         <load_address>0x3f0695</load_address>
         <run_address>0x3f0695</run_address>
         <size>0x76</size>
         <input_file_ref idref="fl-13"/>
      </object_component>
      <object_component id="oc-2cb">
         <name>.text</name>
         <load_address>0x3f070b</load_address>
         <run_address>0x3f070b</run_address>
         <size>0x6b</size>
         <input_file_ref idref="fl-83"/>
      </object_component>
      <object_component id="oc-21f">
         <name>.text</name>
         <load_address>0x3f0776</load_address>
         <run_address>0x3f0776</run_address>
         <size>0x69</size>
         <input_file_ref idref="fl-21"/>
      </object_component>
      <object_component id="oc-298">
         <name>.text</name>
         <load_address>0x3f07df</load_address>
         <run_address>0x3f07df</run_address>
         <size>0x69</size>
         <input_file_ref idref="fl-22"/>
      </object_component>
      <object_component id="oc-2e4">
         <name>.text</name>
         <load_address>0x3f0848</load_address>
         <run_address>0x3f0848</run_address>
         <size>0x5c</size>
         <input_file_ref idref="fl-9a"/>
      </object_component>
      <object_component id="oc-2ce">
         <name>.text</name>
         <load_address>0x3f08a4</load_address>
         <run_address>0x3f08a4</run_address>
         <size>0x5b</size>
         <input_file_ref idref="fl-1c"/>
      </object_component>
      <object_component id="oc-18">
         <name>.text</name>
         <load_address>0x3f08ff</load_address>
         <run_address>0x3f08ff</run_address>
         <size>0x54</size>
         <input_file_ref idref="fl-7f"/>
      </object_component>
      <object_component id="oc-6a">
         <name>.text:retain</name>
         <load_address>0x3f0953</load_address>
         <run_address>0x3f0953</run_address>
         <size>0x52</size>
         <input_file_ref idref="fl-3"/>
      </object_component>
      <object_component id="oc-2d2">
         <name>.text</name>
         <load_address>0x3f09a5</load_address>
         <run_address>0x3f09a5</run_address>
         <size>0x47</size>
         <input_file_ref idref="fl-17"/>
      </object_component>
      <object_component id="oc-218">
         <name>.text</name>
         <load_address>0x3f09ec</load_address>
         <run_address>0x3f09ec</run_address>
         <size>0x46</size>
         <input_file_ref idref="fl-85"/>
      </object_component>
      <object_component id="oc-2d5">
         <name>.text</name>
         <load_address>0x3f0a32</load_address>
         <run_address>0x3f0a32</run_address>
         <size>0x46</size>
         <input_file_ref idref="fl-2d"/>
      </object_component>
      <object_component id="oc-2d7">
         <name>.text</name>
         <load_address>0x3f0a78</load_address>
         <run_address>0x3f0a78</run_address>
         <size>0x44</size>
         <input_file_ref idref="fl-1e"/>
      </object_component>
      <object_component id="oc-292">
         <name>.text</name>
         <load_address>0x3f0abc</load_address>
         <run_address>0x3f0abc</run_address>
         <size>0x32</size>
         <input_file_ref idref="fl-8b"/>
      </object_component>
      <object_component id="oc-220">
         <name>.text</name>
         <load_address>0x3f0aee</load_address>
         <run_address>0x3f0aee</run_address>
         <size>0x32</size>
         <input_file_ref idref="fl-28"/>
      </object_component>
      <object_component id="oc-2e1">
         <name>.text</name>
         <load_address>0x3f0b20</load_address>
         <run_address>0x3f0b20</run_address>
         <size>0x31</size>
         <input_file_ref idref="fl-98"/>
      </object_component>
      <object_component id="oc-2e3">
         <name>.text</name>
         <load_address>0x3f0b51</load_address>
         <run_address>0x3f0b51</run_address>
         <size>0x2e</size>
         <input_file_ref idref="fl-9e"/>
      </object_component>
      <object_component id="oc-2d1">
         <name>.text</name>
         <load_address>0x3f0b7f</load_address>
         <run_address>0x3f0b7f</run_address>
         <size>0x2d</size>
         <input_file_ref idref="fl-18"/>
      </object_component>
      <object_component id="oc-1a5">
         <name>.text</name>
         <load_address>0x3f0bac</load_address>
         <run_address>0x3f0bac</run_address>
         <size>0x2a</size>
         <input_file_ref idref="fl-8d"/>
      </object_component>
      <object_component id="oc-21b">
         <name>.text</name>
         <load_address>0x3f0bd6</load_address>
         <run_address>0x3f0bd6</run_address>
         <size>0x29</size>
         <input_file_ref idref="fl-87"/>
      </object_component>
      <object_component id="oc-2d3">
         <name>.text</name>
         <load_address>0x3f0bff</load_address>
         <run_address>0x3f0bff</run_address>
         <size>0x25</size>
         <input_file_ref idref="fl-7"/>
      </object_component>
      <object_component id="oc-2e9">
         <name>.text</name>
         <load_address>0x3f0c24</load_address>
         <run_address>0x3f0c24</run_address>
         <size>0x21</size>
         <input_file_ref idref="fl-b"/>
      </object_component>
      <object_component id="oc-1be">
         <name>.text</name>
         <load_address>0x3f0c45</load_address>
         <run_address>0x3f0c45</run_address>
         <size>0x21</size>
         <input_file_ref idref="fl-92"/>
      </object_component>
      <object_component id="oc-2d6">
         <name>.text</name>
         <load_address>0x3f0c66</load_address>
         <run_address>0x3f0c66</run_address>
         <size>0x20</size>
         <input_file_ref idref="fl-c"/>
      </object_component>
      <object_component id="oc-2ec">
         <name>.text</name>
         <load_address>0x3f0c86</load_address>
         <run_address>0x3f0c86</run_address>
         <size>0x20</size>
         <input_file_ref idref="fl-9c"/>
      </object_component>
      <object_component id="oc-1cd">
         <name>.text</name>
         <load_address>0x3f0ca6</load_address>
         <run_address>0x3f0ca6</run_address>
         <size>0x1e</size>
         <input_file_ref idref="fl-96"/>
      </object_component>
      <object_component id="oc-157">
         <name>.text</name>
         <load_address>0x3f0cc4</load_address>
         <run_address>0x3f0cc4</run_address>
         <size>0x1d</size>
         <input_file_ref idref="fl-3d"/>
      </object_component>
      <object_component id="oc-2ca">
         <name>.text</name>
         <load_address>0x3f0ce1</load_address>
         <run_address>0x3f0ce1</run_address>
         <size>0x1d</size>
         <input_file_ref idref="fl-a1"/>
      </object_component>
      <object_component id="oc-1c3">
         <name>.text</name>
         <load_address>0x3f0cfe</load_address>
         <run_address>0x3f0cfe</run_address>
         <size>0x1c</size>
         <input_file_ref idref="fl-94"/>
      </object_component>
      <object_component id="oc-188">
         <name>.text</name>
         <load_address>0x3f0d1a</load_address>
         <run_address>0x3f0d1a</run_address>
         <size>0x1a</size>
         <input_file_ref idref="fl-86"/>
      </object_component>
      <object_component id="oc-21a">
         <name>.text</name>
         <load_address>0x3f0d34</load_address>
         <run_address>0x3f0d34</run_address>
         <size>0x19</size>
         <input_file_ref idref="fl-80"/>
      </object_component>
      <object_component id="oc-1c8">
         <name>.text</name>
         <load_address>0x3f0d4d</load_address>
         <run_address>0x3f0d4d</run_address>
         <size>0x18</size>
         <input_file_ref idref="fl-95"/>
      </object_component>
      <object_component id="oc-2c1">
         <name>.text</name>
         <load_address>0x3f0d65</load_address>
         <run_address>0x3f0d65</run_address>
         <size>0x10</size>
         <input_file_ref idref="fl-16"/>
      </object_component>
      <object_component id="oc-1b4">
         <name>.text</name>
         <load_address>0x3f0d75</load_address>
         <run_address>0x3f0d75</run_address>
         <size>0xe</size>
         <input_file_ref idref="fl-90"/>
      </object_component>
      <object_component id="oc-2e8">
         <name>.text</name>
         <load_address>0x3f0d83</load_address>
         <run_address>0x3f0d83</run_address>
         <size>0xd</size>
         <input_file_ref idref="fl-a0"/>
      </object_component>
      <object_component id="oc-2e7">
         <name>.text</name>
         <load_address>0x3f0d90</load_address>
         <run_address>0x3f0d90</run_address>
         <size>0xc</size>
         <input_file_ref idref="fl-a2"/>
      </object_component>
      <object_component id="oc-2e6">
         <name>.text</name>
         <load_address>0x3f0d9c</load_address>
         <run_address>0x3f0d9c</run_address>
         <size>0xb</size>
         <input_file_ref idref="fl-a4"/>
      </object_component>
      <object_component id="oc-15c">
         <name>.text</name>
         <load_address>0x3f0da7</load_address>
         <run_address>0x3f0da7</run_address>
         <size>0xb</size>
         <input_file_ref idref="fl-42"/>
      </object_component>
      <object_component id="oc-2c7">
         <name>.text</name>
         <load_address>0x3f0db2</load_address>
         <run_address>0x3f0db2</run_address>
         <size>0x9</size>
         <input_file_ref idref="fl-88"/>
      </object_component>
      <object_component id="oc-1af">
         <name>.text</name>
         <load_address>0x3f0dbb</load_address>
         <run_address>0x3f0dbb</run_address>
         <size>0x9</size>
         <input_file_ref idref="fl-8f"/>
      </object_component>
      <object_component id="oc-294">
         <name>.text</name>
         <load_address>0x3f0dc4</load_address>
         <run_address>0x3f0dc4</run_address>
         <size>0x9</size>
         <input_file_ref idref="fl-a3"/>
      </object_component>
      <object_component id="oc-61">
         <name>.text</name>
         <load_address>0x3f0dcd</load_address>
         <run_address>0x3f0dcd</run_address>
         <size>0x8</size>
         <input_file_ref idref="fl-2"/>
      </object_component>
      <object_component id="oc-2e2">
         <name>.text</name>
         <load_address>0x3f0dd5</load_address>
         <run_address>0x3f0dd5</run_address>
         <size>0x8</size>
         <input_file_ref idref="fl-a6"/>
      </object_component>
      <object_component id="oc-2d9">
         <name>.text</name>
         <load_address>0x3f0ddd</load_address>
         <run_address>0x3f0ddd</run_address>
         <size>0x6</size>
         <input_file_ref idref="fl-1f"/>
      </object_component>
      <object_component id="oc-f0">
         <name>.text:retain</name>
         <load_address>0x3f0de3</load_address>
         <run_address>0x3f0de3</run_address>
         <size>0x5</size>
         <input_file_ref idref="fl-1b"/>
      </object_component>
      <object_component id="oc-293">
         <name>.text</name>
         <load_address>0x3f0de8</load_address>
         <run_address>0x3f0de8</run_address>
         <size>0x5</size>
         <input_file_ref idref="fl-a5"/>
      </object_component>
      <object_component id="oc-217">
         <name>.text</name>
         <load_address>0x3f0ded</load_address>
         <run_address>0x3f0ded</run_address>
         <size>0x2</size>
         <input_file_ref idref="fl-82"/>
      </object_component>
      <object_component id="oc-219">
         <name>.text</name>
         <load_address>0x3f0def</load_address>
         <run_address>0x3f0def</run_address>
         <size>0x1</size>
         <input_file_ref idref="fl-81"/>
      </object_component>
      <object_component id="oc-62">
         <name>codestart</name>
         <load_address>0x3f7ff6</load_address>
         <run_address>0x3f7ff6</run_address>
         <size>0x2</size>
         <input_file_ref idref="fl-2"/>
      </object_component>
      <object_component id="oc-222">
         <name>ramfuncs</name>
         <load_address>0x3e8000</load_address>
         <run_address>0x8000</run_address>
         <size>0x506</size>
         <input_file_ref idref="fl-8"/>
      </object_component>
      <object_component id="oc-6b">
         <name>ramfuncs:retain</name>
         <load_address>0x3e8506</load_address>
         <run_address>0x8506</run_address>
         <size>0xdc</size>
         <input_file_ref idref="fl-3"/>
      </object_component>
      <object_component id="oc-2ea">
         <name>ramfuncs</name>
         <load_address>0x3e85e2</load_address>
         <run_address>0x85e2</run_address>
         <size>0x32</size>
         <input_file_ref idref="fl-c"/>
      </object_component>
      <object_component id="oc-2d4">
         <name>ramfuncs</name>
         <load_address>0x3e8614</load_address>
         <run_address>0x8614</run_address>
         <size>0x1e</size>
         <input_file_ref idref="fl-e"/>
      </object_component>
      <object_component id="oc-13f">
         <name>ramfuncs</name>
         <load_address>0x3e8632</load_address>
         <run_address>0x8632</run_address>
         <size>0x4</size>
         <input_file_ref idref="fl-2a"/>
      </object_component>
      <object_component id="oc-168">
         <name>.stack</name>
         <uninitialized>true</uninitialized>
         <run_address>0x50</run_address>
         <size>0x0</size>
         <input_file_ref idref="fl-7f"/>
      </object_component>
      <object_component id="oc-30f">
         <name>.stack</name>
         <uninitialized>true</uninitialized>
         <run_address>0x50</run_address>
         <size>0x0</size>
      </object_component>
      <object_component id="oc-69">
         <name>.ebss</name>
         <uninitialized>true</uninitialized>
         <run_address>0x8c00</run_address>
         <size>0x33c</size>
         <input_file_ref idref="fl-3"/>
      </object_component>
      <object_component id="oc-81">
         <name>.ebss</name>
         <uninitialized>true</uninitialized>
         <run_address>0x91c8</run_address>
         <size>0x1</size>
         <input_file_ref idref="fl-7"/>
      </object_component>
      <object_component id="oc-8e">
         <name>.ebss</name>
         <uninitialized>true</uninitialized>
         <run_address>0x91c6</run_address>
         <size>0x2</size>
         <input_file_ref idref="fl-9"/>
      </object_component>
      <object_component id="oc-a8">
         <name>.ebss</name>
         <uninitialized>true</uninitialized>
         <run_address>0x9100</run_address>
         <size>0xb2</size>
         <input_file_ref idref="fl-e"/>
      </object_component>
      <object_component id="oc-bf">
         <name>.ebss</name>
         <uninitialized>true</uninitialized>
         <run_address>0x8f3c</run_address>
         <size>0x4</size>
         <input_file_ref idref="fl-12"/>
      </object_component>
      <object_component id="oc-c6">
         <name>.ebss</name>
         <uninitialized>true</uninitialized>
         <run_address>0x91c9</run_address>
         <size>0x1</size>
         <input_file_ref idref="fl-13"/>
      </object_component>
      <object_component id="oc-11b">
         <name>.ebss</name>
         <uninitialized>true</uninitialized>
         <run_address>0x91b2</run_address>
         <size>0xe</size>
         <input_file_ref idref="fl-23"/>
      </object_component>
      <object_component id="oc-14c">
         <name>.ebss</name>
         <uninitialized>true</uninitialized>
         <run_address>0x8f40</run_address>
         <size>0x1bc</size>
         <input_file_ref idref="fl-2c"/>
      </object_component>
      <object_component id="oc-18f">
         <name>.ebss</name>
         <uninitialized>true</uninitialized>
         <run_address>0x91c0</run_address>
         <size>0x6</size>
         <input_file_ref idref="fl-87"/>
      </object_component>
      <object_component id="oc-2e0">
         <name>.ebss:__unlock</name>
         <uninitialized>true</uninitialized>
         <run_address>0x90fe</run_address>
         <size>0x2</size>
         <input_file_ref idref="fl-88"/>
      </object_component>
      <object_component id="oc-28f">
         <name>.ebss:__lock</name>
         <uninitialized>true</uninitialized>
         <run_address>0x90fc</run_address>
         <size>0x2</size>
         <input_file_ref idref="fl-88"/>
      </object_component>
      <object_component id="oc-14d">
         <name>.econst:.string</name>
         <load_address>0x3f0df0</load_address>
         <run_address>0x3f0df0</run_address>
         <size>0x141</size>
         <input_file_ref idref="fl-2c"/>
      </object_component>
      <object_component id="oc-2eb">
         <name>.econst:.string:__ctypes_</name>
         <load_address>0x3f0f31</load_address>
         <run_address>0x3f0f31</run_address>
         <size>0x101</size>
         <input_file_ref idref="fl-99"/>
      </object_component>
      <object_component id="oc-2a6">
         <name>.econst:_g_ai8DescAccessLevel</name>
         <load_address>0x3f1032</load_address>
         <run_address>0x3f1032</run_address>
         <size>0x55</size>
         <input_file_ref idref="fl-2c"/>
      </object_component>
      <object_component id="oc-2aa">
         <name>.econst:_g_ai8DescInitial</name>
         <load_address>0x3f1087</load_address>
         <run_address>0x3f1087</run_address>
         <size>0x44</size>
         <input_file_ref idref="fl-2c"/>
      </object_component>
      <object_component id="oc-29d">
         <name>.econst:_g_ai8DescReferSelect</name>
         <load_address>0x3f10cb</load_address>
         <run_address>0x3f10cb</run_address>
         <size>0x44</size>
         <input_file_ref idref="fl-2c"/>
      </object_component>
      <object_component id="oc-2a0">
         <name>.econst:_g_ai8DescStopMethod</name>
         <load_address>0x3f110f</load_address>
         <run_address>0x3f110f</run_address>
         <size>0x44</size>
         <input_file_ref idref="fl-2c"/>
      </object_component>
      <object_component id="oc-2a8">
         <name>.econst:_g_ai8DescCtrlMethod</name>
         <load_address>0x3f1153</load_address>
         <run_address>0x3f1153</run_address>
         <size>0x33</size>
         <input_file_ref idref="fl-2c"/>
      </object_component>
      <object_component id="oc-296">
         <name>.econst:_$P$T1$5</name>
         <load_address>0x3f1186</load_address>
         <run_address>0x3f1186</run_address>
         <size>0x2e</size>
         <input_file_ref idref="fl-23"/>
      </object_component>
      <object_component id="oc-1a0">
         <name>.econst:.string</name>
         <load_address>0x3f11b4</load_address>
         <run_address>0x3f11b4</run_address>
         <size>0x26</size>
         <input_file_ref idref="fl-8c"/>
      </object_component>
      <object_component id="oc-297">
         <name>.econst:_$P$T0$4</name>
         <load_address>0x3f11da</load_address>
         <run_address>0x3f11da</run_address>
         <size>0x25</size>
         <input_file_ref idref="fl-23"/>
      </object_component>
      <object_component id="oc-2a2">
         <name>.econst:_g_ai8DescEnable</name>
         <load_address>0x3f11ff</load_address>
         <run_address>0x3f11ff</run_address>
         <size>0x22</size>
         <input_file_ref idref="fl-2c"/>
      </object_component>
      <object_component id="oc-2a4">
         <name>.econst:_g_ai8DescLanguage</name>
         <load_address>0x3f1221</load_address>
         <run_address>0x3f1221</run_address>
         <size>0x22</size>
         <input_file_ref idref="fl-2c"/>
      </object_component>
      <object_component id="oc-11c">
         <name>.econst:.string</name>
         <load_address>0x3f1244</load_address>
         <run_address>0x3f1244</run_address>
         <size>0x1f</size>
         <input_file_ref idref="fl-23"/>
      </object_component>
      <object_component id="oc-19f">
         <name>.econst</name>
         <load_address>0x3f1264</load_address>
         <run_address>0x3f1264</run_address>
         <size>0x1c</size>
         <input_file_ref idref="fl-8c"/>
      </object_component>
      <object_component id="oc-1e5">
         <name>.econst</name>
         <load_address>0x3f1280</load_address>
         <run_address>0x3f1280</run_address>
         <size>0x1c</size>
         <input_file_ref idref="fl-9b"/>
      </object_component>
      <object_component id="oc-22c">
         <name>.econst:_g_dmFunA1</name>
         <load_address>0x3f129c</load_address>
         <run_address>0x3f129c</run_address>
         <size>0x1a</size>
         <input_file_ref idref="fl-2c"/>
      </object_component>
      <object_component id="oc-22d">
         <name>.econst:_g_dmFunA2</name>
         <load_address>0x3f12b6</load_address>
         <run_address>0x3f12b6</run_address>
         <size>0x1a</size>
         <input_file_ref idref="fl-2c"/>
      </object_component>
      <object_component id="oc-257">
         <name>.econst:_g_dmFunC1</name>
         <load_address>0x3f12d0</load_address>
         <run_address>0x3f12d0</run_address>
         <size>0x1a</size>
         <input_file_ref idref="fl-2c"/>
      </object_component>
      <object_component id="oc-258">
         <name>.econst:_g_dmFunC2</name>
         <load_address>0x3f12ea</load_address>
         <run_address>0x3f12ea</run_address>
         <size>0x1a</size>
         <input_file_ref idref="fl-2c"/>
      </object_component>
      <object_component id="oc-259">
         <name>.econst:_g_dmFunC3</name>
         <load_address>0x3f1304</load_address>
         <run_address>0x3f1304</run_address>
         <size>0x1a</size>
         <input_file_ref idref="fl-2c"/>
      </object_component>
      <object_component id="oc-25a">
         <name>.econst:_g_dmFunC4</name>
         <load_address>0x3f131e</load_address>
         <run_address>0x3f131e</run_address>
         <size>0x1a</size>
         <input_file_ref idref="fl-2c"/>
      </object_component>
      <object_component id="oc-25b">
         <name>.econst:_g_dmFunC5</name>
         <load_address>0x3f1338</load_address>
         <run_address>0x3f1338</run_address>
         <size>0x1a</size>
         <input_file_ref idref="fl-2c"/>
      </object_component>
      <object_component id="oc-25c">
         <name>.econst:_g_dmFunC6</name>
         <load_address>0x3f1352</load_address>
         <run_address>0x3f1352</run_address>
         <size>0x1a</size>
         <input_file_ref idref="fl-2c"/>
      </object_component>
      <object_component id="oc-25d">
         <name>.econst:_g_dmFunC7</name>
         <load_address>0x3f136c</load_address>
         <run_address>0x3f136c</run_address>
         <size>0x1a</size>
         <input_file_ref idref="fl-2c"/>
      </object_component>
      <object_component id="oc-25e">
         <name>.econst:_g_dmFunC8</name>
         <load_address>0x3f1386</load_address>
         <run_address>0x3f1386</run_address>
         <size>0x1a</size>
         <input_file_ref idref="fl-2c"/>
      </object_component>
      <object_component id="oc-23b">
         <name>.econst:_g_dmFunCellA1_01</name>
         <load_address>0x3f13a0</load_address>
         <run_address>0x3f13a0</run_address>
         <size>0x1a</size>
         <input_file_ref idref="fl-2c"/>
      </object_component>
      <object_component id="oc-23c">
         <name>.econst:_g_dmFunCellA1_02</name>
         <load_address>0x3f13ba</load_address>
         <run_address>0x3f13ba</run_address>
         <size>0x1a</size>
         <input_file_ref idref="fl-2c"/>
      </object_component>
      <object_component id="oc-23d">
         <name>.econst:_g_dmFunCellA1_03</name>
         <load_address>0x3f13d4</load_address>
         <run_address>0x3f13d4</run_address>
         <size>0x1a</size>
         <input_file_ref idref="fl-2c"/>
      </object_component>
      <object_component id="oc-23e">
         <name>.econst:_g_dmFunCellA1_04</name>
         <load_address>0x3f13ee</load_address>
         <run_address>0x3f13ee</run_address>
         <size>0x1a</size>
         <input_file_ref idref="fl-2c"/>
      </object_component>
      <object_component id="oc-23f">
         <name>.econst:_g_dmFunCellA1_05</name>
         <load_address>0x3f1408</load_address>
         <run_address>0x3f1408</run_address>
         <size>0x1a</size>
         <input_file_ref idref="fl-2c"/>
      </object_component>
      <object_component id="oc-22a">
         <name>.econst:_g_dmFunCellC1_01</name>
         <load_address>0x3f1422</load_address>
         <run_address>0x3f1422</run_address>
         <size>0x1a</size>
         <input_file_ref idref="fl-2c"/>
      </object_component>
      <object_component id="oc-22b">
         <name>.econst:_g_dmFunCellC1_02</name>
         <load_address>0x3f143c</load_address>
         <run_address>0x3f143c</run_address>
         <size>0x1a</size>
         <input_file_ref idref="fl-2c"/>
      </object_component>
      <object_component id="oc-225">
         <name>.econst:_g_dmFunCellReserved</name>
         <load_address>0x3f1456</load_address>
         <run_address>0x3f1456</run_address>
         <size>0x1a</size>
         <input_file_ref idref="fl-2c"/>
      </object_component>
      <object_component id="oc-279">
         <name>.econst:_g_dmFunCellU1_01</name>
         <load_address>0x3f1470</load_address>
         <run_address>0x3f1470</run_address>
         <size>0x1a</size>
         <input_file_ref idref="fl-2c"/>
      </object_component>
      <object_component id="oc-27a">
         <name>.econst:_g_dmFunCellU1_02</name>
         <load_address>0x3f148a</load_address>
         <run_address>0x3f148a</run_address>
         <size>0x1a</size>
         <input_file_ref idref="fl-2c"/>
      </object_component>
      <object_component id="oc-27b">
         <name>.econst:_g_dmFunCellU1_03</name>
         <load_address>0x3f14a4</load_address>
         <run_address>0x3f14a4</run_address>
         <size>0x1a</size>
         <input_file_ref idref="fl-2c"/>
      </object_component>
      <object_component id="oc-27c">
         <name>.econst:_g_dmFunCellU1_04</name>
         <load_address>0x3f14be</load_address>
         <run_address>0x3f14be</run_address>
         <size>0x1a</size>
         <input_file_ref idref="fl-2c"/>
      </object_component>
      <object_component id="oc-27d">
         <name>.econst:_g_dmFunCellU1_05</name>
         <load_address>0x3f14d8</load_address>
         <run_address>0x3f14d8</run_address>
         <size>0x1a</size>
         <input_file_ref idref="fl-2c"/>
      </object_component>
      <object_component id="oc-27e">
         <name>.econst:_g_dmFunCellU1_06</name>
         <load_address>0x3f14f2</load_address>
         <run_address>0x3f14f2</run_address>
         <size>0x1a</size>
         <input_file_ref idref="fl-2c"/>
      </object_component>
      <object_component id="oc-27f">
         <name>.econst:_g_dmFunCellU1_07</name>
         <load_address>0x3f150c</load_address>
         <run_address>0x3f150c</run_address>
         <size>0x1a</size>
         <input_file_ref idref="fl-2c"/>
      </object_component>
      <object_component id="oc-280">
         <name>.econst:_g_dmFunCellU1_08</name>
         <load_address>0x3f1526</load_address>
         <run_address>0x3f1526</run_address>
         <size>0x1a</size>
         <input_file_ref idref="fl-2c"/>
      </object_component>
      <object_component id="oc-281">
         <name>.econst:_g_dmFunCellU1_09</name>
         <load_address>0x3f1540</load_address>
         <run_address>0x3f1540</run_address>
         <size>0x1a</size>
         <input_file_ref idref="fl-2c"/>
      </object_component>
      <object_component id="oc-282">
         <name>.econst:_g_dmFunCellU1_10</name>
         <load_address>0x3f155a</load_address>
         <run_address>0x3f155a</run_address>
         <size>0x1a</size>
         <input_file_ref idref="fl-2c"/>
      </object_component>
      <object_component id="oc-283">
         <name>.econst:_g_dmFunCellU1_11</name>
         <load_address>0x3f1574</load_address>
         <run_address>0x3f1574</run_address>
         <size>0x1a</size>
         <input_file_ref idref="fl-2c"/>
      </object_component>
      <object_component id="oc-284">
         <name>.econst:_g_dmFunCellU1_12</name>
         <load_address>0x3f158e</load_address>
         <run_address>0x3f158e</run_address>
         <size>0x1a</size>
         <input_file_ref idref="fl-2c"/>
      </object_component>
      <object_component id="oc-285">
         <name>.econst:_g_dmFunCellU1_13</name>
         <load_address>0x3f15a8</load_address>
         <run_address>0x3f15a8</run_address>
         <size>0x1a</size>
         <input_file_ref idref="fl-2c"/>
      </object_component>
      <object_component id="oc-286">
         <name>.econst:_g_dmFunCellU1_14</name>
         <load_address>0x3f15c2</load_address>
         <run_address>0x3f15c2</run_address>
         <size>0x1a</size>
         <input_file_ref idref="fl-2c"/>
      </object_component>
      <object_component id="oc-287">
         <name>.econst:_g_dmFunCellU1_15</name>
         <load_address>0x3f15dc</load_address>
         <run_address>0x3f15dc</run_address>
         <size>0x1a</size>
         <input_file_ref idref="fl-2c"/>
      </object_component>
      <object_component id="oc-288">
         <name>.econst:_g_dmFunCellU1_16</name>
         <load_address>0x3f15f6</load_address>
         <run_address>0x3f15f6</run_address>
         <size>0x1a</size>
         <input_file_ref idref="fl-2c"/>
      </object_component>
      <object_component id="oc-289">
         <name>.econst:_g_dmFunCellU1_17</name>
         <load_address>0x3f1610</load_address>
         <run_address>0x3f1610</run_address>
         <size>0x1a</size>
         <input_file_ref idref="fl-2c"/>
      </object_component>
      <object_component id="oc-28a">
         <name>.econst:_g_dmFunCellU1_18</name>
         <load_address>0x3f162a</load_address>
         <run_address>0x3f162a</run_address>
         <size>0x1a</size>
         <input_file_ref idref="fl-2c"/>
      </object_component>
      <object_component id="oc-28b">
         <name>.econst:_g_dmFunCellU1_19</name>
         <load_address>0x3f1644</load_address>
         <run_address>0x3f1644</run_address>
         <size>0x1a</size>
         <input_file_ref idref="fl-2c"/>
      </object_component>
      <object_component id="oc-28c">
         <name>.econst:_g_dmFunCellU1_20</name>
         <load_address>0x3f165e</load_address>
         <run_address>0x3f165e</run_address>
         <size>0x1a</size>
         <input_file_ref idref="fl-2c"/>
      </object_component>
      <object_component id="oc-28d">
         <name>.econst:_g_dmFunCellU1_21</name>
         <load_address>0x3f1678</load_address>
         <run_address>0x3f1678</run_address>
         <size>0x1a</size>
         <input_file_ref idref="fl-2c"/>
      </object_component>
      <object_component id="oc-229">
         <name>.econst:_g_dmFunCellU2_01</name>
         <load_address>0x3f1692</load_address>
         <run_address>0x3f1692</run_address>
         <size>0x1a</size>
         <input_file_ref idref="fl-2c"/>
      </object_component>
      <object_component id="oc-228">
         <name>.econst:_g_dmFunCellU3_01</name>
         <load_address>0x3f16ac</load_address>
         <run_address>0x3f16ac</run_address>
         <size>0x1a</size>
         <input_file_ref idref="fl-2c"/>
      </object_component>
      <object_component id="oc-237">
         <name>.econst:_g_dmFunCellb1_01</name>
         <load_address>0x3f16c6</load_address>
         <run_address>0x3f16c6</run_address>
         <size>0x1a</size>
         <input_file_ref idref="fl-2c"/>
      </object_component>
      <object_component id="oc-238">
         <name>.econst:_g_dmFunCellb1_02</name>
         <load_address>0x3f16e0</load_address>
         <run_address>0x3f16e0</run_address>
         <size>0x1a</size>
         <input_file_ref idref="fl-2c"/>
      </object_component>
      <object_component id="oc-239">
         <name>.econst:_g_dmFunCellb1_03</name>
         <load_address>0x3f16fa</load_address>
         <run_address>0x3f16fa</run_address>
         <size>0x1a</size>
         <input_file_ref idref="fl-2c"/>
      </object_component>
      <object_component id="oc-23a">
         <name>.econst:_g_dmFunCellb1_04</name>
         <load_address>0x3f1714</load_address>
         <run_address>0x3f1714</run_address>
         <size>0x1a</size>
         <input_file_ref idref="fl-2c"/>
      </object_component>
      <object_component id="oc-240">
         <name>.econst:_g_dmFunE1</name>
         <load_address>0x3f172e</load_address>
         <run_address>0x3f172e</run_address>
         <size>0x1a</size>
         <input_file_ref idref="fl-2c"/>
      </object_component>
      <object_component id="oc-241">
         <name>.econst:_g_dmFunE2</name>
         <load_address>0x3f1748</load_address>
         <run_address>0x3f1748</run_address>
         <size>0x1a</size>
         <input_file_ref idref="fl-2c"/>
      </object_component>
      <object_component id="oc-242">
         <name>.econst:_g_dmFunE3</name>
         <load_address>0x3f1762</load_address>
         <run_address>0x3f1762</run_address>
         <size>0x1a</size>
         <input_file_ref idref="fl-2c"/>
      </object_component>
      <object_component id="oc-243">
         <name>.econst:_g_dmFunE4</name>
         <load_address>0x3f177c</load_address>
         <run_address>0x3f177c</run_address>
         <size>0x1a</size>
         <input_file_ref idref="fl-2c"/>
      </object_component>
      <object_component id="oc-244">
         <name>.econst:_g_dmFunE5</name>
         <load_address>0x3f1796</load_address>
         <run_address>0x3f1796</run_address>
         <size>0x1a</size>
         <input_file_ref idref="fl-2c"/>
      </object_component>
      <object_component id="oc-267">
         <name>.econst:_g_dmFunF1</name>
         <load_address>0x3f17b0</load_address>
         <run_address>0x3f17b0</run_address>
         <size>0x1a</size>
         <input_file_ref idref="fl-2c"/>
[...]
         <value>0x3f8679</value>
      </symbol>
      <symbol id="sm-b69">
         <name>_EST_isOnLine</name>
         <value>0x3f9378</value>
      </symbol>
      <symbol id="sm-b6b">
         <name>_EST_run</name>
         <value>0x3f927b</value>
      </symbol>
      <symbol id="sm-b6d">
         <name>_EST_setFlag_enableForceAngle</name>
         <value>0x3f8bdb</value>
      </symbol>
      <symbol id="sm-b6f">
         <name>_EST_setFlag_enableRsRecalc</name>
         <value>0x3f8bd3</value>
      </symbol>
      <symbol id="sm-b71">
         <name>_EST_setId_ref_pu</name>
         <value>0x3f8b80</value>
      </symbol>
      <symbol id="sm-b73">
         <name>_EST_setIdle</name>
         <value>0x3f8b7a</value>
      </symbol>
      <symbol id="sm-b75">
         <name>_EST_setIdle_all</name>
         <value>0x3f8b67</value>
      </symbol>
      <symbol id="sm-b77">
         <name>_EST_setIq_ref_pu</name>
         <value>0x3f8b63</value>
      </symbol>
      <symbol id="sm-b79">
         <name>_EST_setLs_d_pu</name>
         <value>0x3f8b45</value>
      </symbol>
      <symbol id="sm-b7b">
         <name>_EST_setLs_qFmt</name>
         <value>0x3f8af1</value>
      </symbol>
      <symbol id="sm-b7d">
         <name>_EST_setLs_q_pu</name>
         <value>0x3f8ae7</value>
      </symbol>
      <symbol id="sm-b7f">
         <name>_EST_setMaxCurrentSlope_pu</name>
         <value>0x3f8adb</value>
      </symbol>
      <symbol id="sm-b81">
         <name>_EST_setRs_pu</name>
         <value>0x3f8a18</value>
      </symbol>
      <symbol id="sm-b83">
         <name>_EST_updateId_ref_pu</name>
         <value>0x3f89f5</value>
      </symbol>
      <symbol id="sm-b85">
         <name>_EST_updateState</name>
         <value>0x3f8713</value>
      </symbol>
      <symbol id="sm-b87">
         <name>_EST_useZeroIq_ref</name>
         <value>0x3f861d</value>
      </symbol>
      <symbol id="sm-b92">
         <name>__IQ24cosPU</name>
         <value>0x3f22b2</value>
         <object_component_ref idref="oc-161"/>
      </symbol>
      <symbol id="sm-b96">
         <name>_IQ16mpyRndSatTable</name>
         <value>0x3fe6c0</value>
         <object_component_ref idref="oc-162"/>
      </symbol>
      <symbol id="sm-b97">
         <name>_IQ24mpyRndSatTable</name>
         <value>0x3fe660</value>
         <object_component_ref idref="oc-162"/>
      </symbol>
      <symbol id="sm-b98">
         <name>_IQ13mpyRndSatTable</name>
         <value>0x3fe6e4</value>
         <object_component_ref idref="oc-162"/>
      </symbol>
      <symbol id="sm-b99">
         <name>_IQ21mpyRndSatTable</name>
         <value>0x3fe684</value>
         <object_component_ref idref="oc-162"/>
      </symbol>
      <symbol id="sm-b9a">
         <name>_IQ10mpyRndSatTable</name>
         <value>0x3fe708</value>
         <object_component_ref idref="oc-162"/>
      </symbol>
      <symbol id="sm-b9b">
         <name>_IQdivTable</name>
         <value>0x3fe140</value>
         <object_component_ref idref="oc-162"/>
      </symbol>
      <symbol id="sm-b9c">
         <name>_IQ9mpyRndSatTable</name>
         <value>0x3fe714</value>
         <object_component_ref idref="oc-162"/>
      </symbol>
      <symbol id="sm-b9d">
         <name>_IQ6mpyRndSatTable</name>
         <value>0x3fe738</value>
         <object_component_ref idref="oc-162"/>
      </symbol>
      <symbol id="sm-b9e">
         <name>_IQatan2TableEnd</name>
         <value>0x3fe618</value>
         <object_component_ref idref="oc-162"/>
      </symbol>
      <symbol id="sm-b9f">
         <name>_IQdivTableEnd</name>
         <value>0x3fe342</value>
         <object_component_ref idref="oc-162"/>
      </symbol>
      <symbol id="sm-ba0">
         <name>_IQ29mpyRndSatTable</name>
         <value>0x3fe624</value>
         <object_component_ref idref="oc-162"/>
      </symbol>
      <symbol id="sm-ba1">
         <name>_IQ3mpyRndSatTable</name>
         <value>0x3fe75c</value>
         <object_component_ref idref="oc-162"/>
      </symbol>
      <symbol id="sm-ba2">
         <name>_IQ18mpyRndSatTable</name>
         <value>0x3fe6a8</value>
         <object_component_ref idref="oc-162"/>
      </symbol>
      <symbol id="sm-ba3">
         <name>_IQ26mpyRndSatTable</name>
         <value>0x3fe648</value>
         <object_component_ref idref="oc-162"/>
      </symbol>
      <symbol id="sm-ba4">
         <name>_IQcosTableEnd</name>
         <value>0x3fe132</value>
         <object_component_ref idref="oc-162"/>
      </symbol>
      <symbol id="sm-ba5">
         <name>_IQsinTableEnd</name>
         <value>0x3fe030</value>
         <object_component_ref idref="oc-162"/>
      </symbol>
      <symbol id="sm-ba6">
         <name>_IQ15mpyRndSatTable</name>
         <value>0x3fe6cc</value>
         <object_component_ref idref="oc-162"/>
      </symbol>
      <symbol id="sm-ba7">
         <name>_IQ23mpyRndSatTable</name>
         <value>0x3fe66c</value>
         <object_component_ref idref="oc-162"/>
      </symbol>
      <symbol id="sm-ba8">
         <name>_IQ12mpyRndSatTable</name>
         <value>0x3fe6f0</value>
         <object_component_ref idref="oc-162"/>
      </symbol>
      <symbol id="sm-ba9">
         <name>_IQ20mpyRndSatTable</name>
         <value>0x3fe690</value>
         <object_component_ref idref="oc-162"/>
      </symbol>
      <symbol id="sm-baa">
         <name>_IQisqrtTableEnd</name>
         <value>0x3fe454</value>
         <object_component_ref idref="oc-162"/>
      </symbol>
      <symbol id="sm-bab">
         <name>_IQ8mpyRndSatTable</name>
         <value>0x3fe720</value>
         <object_component_ref idref="oc-162"/>
      </symbol>
      <symbol id="sm-bac">
         <name>_IQisqrtRoundSatTable</name>
         <value>0x3fe342</value>
         <object_component_ref idref="oc-162"/>
      </symbol>
      <symbol id="sm-bad">
         <name>_IQ5mpyRndSatTable</name>
         <value>0x3fe744</value>
         <object_component_ref idref="oc-162"/>
      </symbol>
      <symbol id="sm-bae">
         <name>_IQmpyRndSatTable</name>
         <value>0x3fe618</value>
         <object_component_ref idref="oc-162"/>
      </symbol>
      <symbol id="sm-baf">
         <name>_IQ28mpyRndSatTable</name>
         <value>0x3fe630</value>
         <object_component_ref idref="oc-162"/>
      </symbol>
      <symbol id="sm-bb0">
         <name>_IQatan2Table</name>
         <value>0x3fe492</value>
         <object_component_ref idref="oc-162"/>
      </symbol>
      <symbol id="sm-bb1">
         <name>_IQ2mpyRndSatTable</name>
         <value>0x3fe768</value>
         <object_component_ref idref="oc-162"/>
      </symbol>
      <symbol id="sm-bb2">
         <name>_IQatan2HalfPITable</name>
         <value>0x3fe454</value>
         <object_component_ref idref="oc-162"/>
      </symbol>
      <symbol id="sm-bb3">
         <name>_IQ17mpyRndSatTable</name>
         <value>0x3fe6b4</value>
         <object_component_ref idref="oc-162"/>
      </symbol>
      <symbol id="sm-bb4">
         <name>_IQ25mpyRndSatTable</name>
         <value>0x3fe654</value>
         <object_component_ref idref="oc-162"/>
      </symbol>
      <symbol id="sm-bb5">
         <name>_IQsqrtTable</name>
         <value>0x3fe352</value>
         <object_component_ref idref="oc-162"/>
      </symbol>
      <symbol id="sm-bb6">
         <name>_IQsqrtTableEnd</name>
         <value>0x3fe454</value>
         <object_component_ref idref="oc-162"/>
      </symbol>
      <symbol id="sm-bb7">
         <name>_IQ14mpyRndSatTable</name>
         <value>0x3fe6d8</value>
         <object_component_ref idref="oc-162"/>
      </symbol>
      <symbol id="sm-bb8">
         <name>_IQ22mpyRndSatTable</name>
         <value>0x3fe678</value>
         <object_component_ref idref="oc-162"/>
      </symbol>
      <symbol id="sm-bb9">
         <name>_IQ30mpyRndSatTable</name>
         <value>0x3fe618</value>
         <object_component_ref idref="oc-162"/>
      </symbol>
      <symbol id="sm-bba">
         <name>_IQsqrtRoundSatTable</name>
         <value>0x3fe342</value>
         <object_component_ref idref="oc-162"/>
      </symbol>
      <symbol id="sm-bbb">
         <name>_IQ11mpyRndSatTable</name>
         <value>0x3fe6fc</value>
         <object_component_ref idref="oc-162"/>
      </symbol>
      <symbol id="sm-bbc">
         <name>_IQdivRoundSatTable</name>
         <value>0x3fe132</value>
         <object_component_ref idref="oc-162"/>
      </symbol>
      <symbol id="sm-bbd">
         <name>_IQ7mpyRndSatTable</name>
         <value>0x3fe72c</value>
         <object_component_ref idref="oc-162"/>
      </symbol>
      <symbol id="sm-bbe">
         <name>_IQcosTable</name>
         <value>0x3fdd30</value>
         <object_component_ref idref="oc-162"/>
      </symbol>
      <symbol id="sm-bbf">
         <name>_IQisqrtTable</name>
         <value>0x3fe352</value>
         <object_component_ref idref="oc-162"/>
      </symbol>
      <symbol id="sm-bc0">
         <name>_IQ4mpyRndSatTable</name>
         <value>0x3fe750</value>
         <object_component_ref idref="oc-162"/>
      </symbol>
      <symbol id="sm-bc1">
         <name>_IQ19mpyRndSatTable</name>
         <value>0x3fe69c</value>
         <object_component_ref idref="oc-162"/>
      </symbol>
      <symbol id="sm-bc2">
         <name>_IQ27mpyRndSatTable</name>
         <value>0x3fe63c</value>
         <object_component_ref idref="oc-162"/>
      </symbol>
      <symbol id="sm-bc3">
         <name>_IQmpyRndSatTableEnd</name>
         <value>0x3fe780</value>
         <object_component_ref idref="oc-162"/>
      </symbol>
      <symbol id="sm-bc4">
         <name>_IQ1mpyRndSatTable</name>
         <value>0x3fe774</value>
         <object_component_ref idref="oc-162"/>
      </symbol>
      <symbol id="sm-bc5">
         <name>_IQsinTable</name>
         <value>0x3fdc30</value>
         <object_component_ref idref="oc-162"/>
      </symbol>
      <symbol id="sm-bd0">
         <name>__IQ24div</name>
         <value>0x3f2200</value>
         <object_component_ref idref="oc-163"/>
      </symbol>
      <symbol id="sm-bda">
         <name>__IQ24mpyI32int</name>
         <value>0x3f22ed</value>
         <object_component_ref idref="oc-164"/>
      </symbol>
      <symbol id="sm-be5">
         <name>__IQ24sinPU</name>
         <value>0x3f2289</value>
         <object_component_ref idref="oc-165"/>
      </symbol>
      <symbol id="sm-bef">
         <name>__IQ24sqrt</name>
         <value>0x3f2247</value>
         <object_component_ref idref="oc-166"/>
      </symbol>
      <symbol id="sm-bf9">
         <name>__IQ30toF</name>
         <value>0x3f22d9</value>
         <object_component_ref idref="oc-167"/>
      </symbol>
      <symbol id="sm-c14">
         <name>_c_int00</name>
         <value>0x3f08ff</value>
         <object_component_ref idref="oc-18"/>
      </symbol>
      <symbol id="sm-c15">
         <name>__stack</name>
         <value>0x50</value>
         <object_component_ref idref="oc-168"/>
      </symbol>
      <symbol id="sm-c25">
         <name>__args_main</name>
         <value>0x3f0d34</value>
         <object_component_ref idref="oc-21a"/>
      </symbol>
      <symbol id="sm-c32">
         <name>__system_post_cinit</name>
         <value>0x3f0def</value>
         <object_component_ref idref="oc-219"/>
      </symbol>
      <symbol id="sm-c3f">
         <name>__system_pre_init</name>
         <value>0x3f0ded</value>
         <object_component_ref idref="oc-217"/>
      </symbol>
      <symbol id="sm-c58">
         <name>_ceilf</name>
         <value>0x3f070b</value>
         <object_component_ref idref="oc-2cb"/>
      </symbol>
      <symbol id="sm-c59">
         <name>_ceil</name>
         <value>0x3f070b</value>
         <object_component_ref idref="oc-2cb"/>
      </symbol>
      <symbol id="sm-c5b">
         <name>FS$$CMP</name>
         <value>0x3f85c9</value>
      </symbol>
      <symbol id="sm-c71">
         <name>_copy_in</name>
         <value>0x3f09ec</value>
         <object_component_ref idref="oc-218"/>
      </symbol>
      <symbol id="sm-c80">
         <name>_ppcopy</name>
         <value>0x3f0d1a</value>
         <object_component_ref idref="oc-188"/>
      </symbol>
      <symbol id="sm-c81">
         <name>_dpcopy</name>
         <value>0x3f0d1a</value>
         <object_component_ref idref="oc-188"/>
      </symbol>
      <symbol id="sm-c82">
         <name>_pdcopy</name>
         <value>0x3f0d1a</value>
         <object_component_ref idref="oc-188"/>
      </symbol>
      <symbol id="sm-c83">
         <name>_ddcopy</name>
         <value>0x3f0d1a</value>
         <object_component_ref idref="oc-188"/>
      </symbol>
      <symbol id="sm-c98">
         <name>C$$EXIT</name>
         <value>0x3f0bd6</value>
         <object_component_ref idref="oc-21b"/>
      </symbol>
      <symbol id="sm-c99">
         <name>_exit</name>
         <value>0x3f0bd8</value>
         <object_component_ref idref="oc-21b"/>
      </symbol>
      <symbol id="sm-c9a">
         <name>___TI_cleanup_ptr</name>
         <value>0x91c2</value>
         <object_component_ref idref="oc-18f"/>
      </symbol>
      <symbol id="sm-c9b">
         <name>___TI_enable_exit_profile_output</name>
         <value>0x91c0</value>
         <object_component_ref idref="oc-18f"/>
      </symbol>
      <symbol id="sm-c9c">
         <name>_abort</name>
         <value>0x3f0bd6</value>
         <object_component_ref idref="oc-21b"/>
      </symbol>
      <symbol id="sm-c9d">
         <name>___TI_dtors_ptr</name>
         <value>0x91c4</value>
         <object_component_ref idref="oc-18f"/>
      </symbol>
      <symbol id="sm-cb2">
         <name>__unlock</name>
         <value>0x90fe</value>
         <object_component_ref idref="oc-2e0"/>
      </symbol>
      <symbol id="sm-cb3">
         <name>__lock</name>
         <value>0x90fc</value>
         <object_component_ref idref="oc-28f"/>
      </symbol>
      <symbol id="sm-cb4">
         <name>__register_lock</name>
         <value>0x3f0db6</value>
         <object_component_ref idref="oc-2c7"/>
      </symbol>
      <symbol id="sm-cb5">
         <name>__nop</name>
         <value>0x3f0dba</value>
         <object_component_ref idref="oc-2c7"/>
      </symbol>
      <symbol id="sm-cb6">
         <name>__register_unlock</name>
         <value>0x3f0db2</value>
         <object_component_ref idref="oc-2c7"/>
      </symbol>
      <symbol id="sm-cb8">
         <name>_log</name>
         <value>0x3f8000</value>
      </symbol>
      <symbol id="sm-cba">
         <name>_pow</name>
         <value>0x3f82dc</value>
      </symbol>
      <symbol id="sm-cc9">
         <name>_sprintf</name>
         <value>0x3f0abc</value>
         <object_component_ref idref="oc-292"/>
      </symbol>
      <symbol id="sm-dfb">
         <name>___TI_printfi</name>
         <value>0x3ed661</value>
         <object_component_ref idref="oc-2c9"/>
      </symbol>
      <symbol id="sm-e0b">
         <name>FD$$CMP</name>
         <value>0x3f0bac</value>
         <object_component_ref idref="oc-1a5"/>
      </symbol>
      <symbol id="sm-e22">
         <name>FD$$DIV</name>
         <value>0x3f060a</value>
         <object_component_ref idref="oc-1aa"/>
      </symbol>
      <symbol id="sm-e2f">
         <name>FD$$NEG</name>
         <value>0x3f0dbb</value>
         <object_component_ref idref="oc-1af"/>
      </symbol>
      <symbol id="sm-e3b">
         <name>FD$$SUB</name>
         <value>0x3f0d75</value>
         <object_component_ref idref="oc-1b4"/>
      </symbol>
      <symbol id="sm-e56">
         <name>FD$$ADD</name>
         <value>0x3f056e</value>
         <object_component_ref idref="oc-1b9"/>
      </symbol>
      <symbol id="sm-e65">
         <name>FD$$TOI</name>
         <value>0x3f0c45</value>
         <object_component_ref idref="oc-1be"/>
      </symbol>
      <symbol id="sm-e67">
         <name>I$$TOFD</name>
         <value>0x3f855c</value>
      </symbol>
      <symbol id="sm-e77">
         <name>L$$TOFD</name>
         <value>0x3f0cfe</value>
         <object_component_ref idref="oc-1c3"/>
      </symbol>
      <symbol id="sm-e83">
         <name>LL$$AND</name>
         <value>0x3f0d4d</value>
         <object_component_ref idref="oc-1c8"/>
      </symbol>
      <symbol id="sm-e84">
         <name>LL$$OR</name>
         <value>0x3f0d55</value>
         <object_component_ref idref="oc-1c8"/>
      </symbol>
      <symbol id="sm-e85">
         <name>LL$$XOR</name>
         <value>0x3f0d5d</value>
         <object_component_ref idref="oc-1c8"/>
      </symbol>
      <symbol id="sm-e93">
         <name>ULL$$CMP</name>
         <value>0x3f0cb8</value>
         <object_component_ref idref="oc-1cd"/>
      </symbol>
      <symbol id="sm-e94">
         <name>LL$$CMP</name>
         <value>0x3f0ca6</value>
         <object_component_ref idref="oc-1cd"/>
      </symbol>
      <symbol id="sm-ec0">
         <name>ULL$$MOD</name>
         <value>0x3efe6a</value>
         <object_component_ref idref="oc-1d2"/>
      </symbol>
      <symbol id="sm-ec1">
         <name>ULL$$DIV</name>
         <value>0x3efe3b</value>
         <object_component_ref idref="oc-1d2"/>
      </symbol>
      <symbol id="sm-ec2">
         <name>LL$$MOD</name>
         <value>0x3efe01</value>
         <object_component_ref idref="oc-1d2"/>
      </symbol>
      <symbol id="sm-ec3">
         <name>LL$$DIV</name>
         <value>0x3efdc5</value>
         <object_component_ref idref="oc-1d2"/>
      </symbol>
      <symbol id="sm-ed8">
         <name>_atoi</name>
         <value>0x3f0b20</value>
         <object_component_ref idref="oc-2e1"/>
      </symbol>
      <symbol id="sm-ee1">
         <name>__ctypes_</name>
         <value>0x3f0f31</value>
         <object_component_ref idref="oc-2eb"/>
      </symbol>
      <symbol id="sm-ef5">
         <name>_frexpl</name>
         <value>0x3f0848</value>
         <object_component_ref idref="oc-2e4"/>
      </symbol>
      <symbol id="sm-f13">
         <name>_scalbnl</name>
         <value>0x3f036a</value>
         <object_component_ref idref="oc-2e5"/>
      </symbol>
      <symbol id="sm-f14">
         <name>_ldexpl</name>
         <value>0x3f036a</value>
         <object_component_ref idref="oc-2e5"/>
      </symbol>
      <symbol id="sm-f22">
         <name>_copysignl</name>
         <value>0x3f0c86</value>
         <object_component_ref idref="oc-2ec"/>
      </symbol>
      <symbol id="sm-f24">
         <name>_errno</name>
         <value>0x13800</value>
      </symbol>
      <symbol id="sm-f33">
         <name>_ltoa</name>
         <value>0x3f0b51</value>
         <object_component_ref idref="oc-2e3"/>
      </symbol>
      <symbol id="sm-f35">
         <name>L$$MOD</name>
         <value>0x3f84b2</value>
      </symbol>
      <symbol id="sm-f45">
         <name>_memccpy</name>
         <value>0x3f0d83</value>
         <object_component_ref idref="oc-2e8"/>
      </symbol>
      <symbol id="sm-f57">
         <name>_memcpy</name>
         <value>0x3f0ce1</value>
         <object_component_ref idref="oc-2ca"/>
      </symbol>
      <symbol id="sm-f66">
         <name>_memset</name>
         <value>0x3f0d90</value>
         <object_component_ref idref="oc-2e7"/>
      </symbol>
      <symbol id="sm-f76">
         <name>_strcat</name>
         <value>0x3f0dc4</value>
         <object_component_ref idref="oc-294"/>
      </symbol>
      <symbol id="sm-f86">
         <name>_strchr</name>
         <value>0x3f0d9c</value>
         <object_component_ref idref="oc-2e6"/>
      </symbol>
      <symbol id="sm-f94">
         <name>_strcpy</name>
         <value>0x3f0de8</value>
         <object_component_ref idref="oc-293"/>
      </symbol>
      <symbol id="sm-fa2">
         <name>_strlen</name>
         <value>0x3f0dd5</value>
         <object_component_ref idref="oc-2e2"/>
      </symbol>
   </symbol_table>
   <title>Link successful</title>
</link_info>
