******************************************************************************
             TMS320C2000 Linker PC v15.12.1                    
******************************************************************************
>> Linked Fri Jul 29 12:04:50 2016

OUTPUT FILE NAME:   <EV_28069M.out>
ENTRY POINT SYMBOL: "_c_int00"  address: 003f08ff


MEMORY CONFIGURATION

         name            origin    length      used     unused   attr    fill
----------------------  --------  ---------  --------  --------  ----  --------
PAGE 0:
  RAML0_1               00008000   00000c00  00000636  000005ca  RWIX
  OTP                   003d7800   00000400  00000000  00000400  RWIX
  FLASHH                003d8000   00004000  00000000  00004000  RWIX
  FLASHG                003dc000   00004000  00000000  00004000  RWIX
  FLASHF                003e0000   00004000  00000000  00004000  RWIX
  FLASHE                003e4000   00004000  00000000  00004000  RWIX
  FLASHD                003e8000   00004000  00000636  000039ca  RWIX
  FLASHA_C              003ec000   0000bf80  000062fe  00005c82  RWIX
  CSM_RSVD              003f7f80   00000076  00000000  00000076  RWIX
  BEGIN                 003f7ff6   00000002  00000002  00000000  RWIX
  CSM_PWL_P0            003f7ff8   00000008  00000000  00000008  RWIX
  FPUTABLES             003fd590   000006a0  00000000  000006a0  RWIX
  IQTABLES              003fdc30   00000b50  00000b50  00000000  RWIX
  IQTABLES2             003fe780   0000008c  00000000  0000008c  RWIX
  IQTABLES3             003fe80c   000000aa  00000000  000000aa  RWIX
  ROM                   003ff3b0   00000c10  00000000  00000c10  RWIX
  RESET                 003fffc0   00000002  00000000  00000002  RWIX
  VECTORS               003fffc2   0000003e  00000000  0000003e  RWIX

PAGE 1:
  BOOT_RSVD             00000000   00000050  00000000  00000050  RWIX
  RAMM0                 00000050   000003b0  000003b0  00000000  RWIX
  RAMM1                 00000400   00000400  00000000  00000400  RWIX
  RAML2_3               00008c00   00001400  000005ca  00000e36  RWIX
  RAML4                 0000a000   00002000  00000000  00002000  RWIX
  RAML5                 0000c000   00002000  00000000  00002000  RWIX
  RAML6                 0000e000   00002000  00000000  00002000  RWIX
  RAML7                 00010000   00002000  00000000  00002000  RWIX
  RAML8                 00012000   00001800  00000000  00001800  RWIX
  USB_RAM               00040000   00000800  00000000  00000800  RWIX


SECTION ALLOCATION MAP

 output                                  attributes/
section   page    origin      length       input sections
--------  ----  ----------  ----------   ----------------
ramfuncs   0    003e8000    00000636     RUN ADDR = 00008000
                  003e8000    00000506     ctrlQEP.obj (ramfuncs)
                  003e8506    000000dc     Main.obj (ramfuncs:retain)
                  003e85e2    00000032     flash.obj (ramfuncs)
                  003e8614    0000001e     hal.obj (ramfuncs)
                  003e8632    00000004     usDelay.obj (ramfuncs)

.text      0    003ec000    00004df0     
                  003ec000    00000c33     hal.obj (.text)
                  003ecc33    00000b45     rts2800_ml.lib : _printfi.obj (.text)
                  003ed778    00000739     user_data.obj (.text)
                  003edeb1    00000712     sci_operator.obj (.text)
                  003ee5c3    0000043e     user.obj (.text)
                  003eea01    000003fc     Main.obj (.text)
                  003eedfd    000003fb     ctrlQEP.obj (.text)
                  003ef1f8    000002f6     pwm.obj (.text)
                  003ef4ee    000001f8     adc.obj (.text)
                  003ef6e6    0000018a     clk.obj (.text)
                  003ef870    00000180     gpio.obj (.text)
                  003ef9f0    00000175     i2c_message.obj (.text:retain)
                  003efb65    00000139     i2c_message.obj (.text)
                  003efc9e    00000127     pie.obj (.text)
                  003efdc5    00000107     rts2800_ml.lib : ll_div.obj (.text)
                  003efecc    000000fe     enc.obj (.text)
                  003effca    000000f7     i2c.obj (.text)
                  003f00c1    000000f1     sci.obj (.text)
                  003f01b2    000000e0     i2c_lcd.obj (.text)
                  003f0292    000000d8     sci_message.obj (.text:retain)
                  003f036a    000000bd     rts2800_ml.lib : s_scalbn.obj (.text)
                  003f0427    000000a9     spi.obj (.text)
                  003f04d0    0000009e     i2c_24lc32.obj (.text)
                  003f056e    0000009c     rts2800_ml.lib : fd_add.obj (.text)
                  003f060a    0000008b                    : fd_div.obj (.text)
                  003f0695    00000076     i2c_mcp23017.obj (.text)
                  003f070b    0000006b     rts2800_ml.lib : s_ceilf.obj (.text)
                  003f0776    00000069     sci_message.obj (.text)
                  003f07df    00000069     sci_modbus.obj (.text)
                  003f0848    0000005c     rts2800_ml.lib : s_frexp.obj (.text)
                  003f08a4    0000005b     pll.obj (.text)
                  003f08ff    00000054     rts2800_ml.lib : boot.obj (.text)
                  003f0953    00000052     Main.obj (.text:retain)
                  003f09a5    00000047     offset.obj (.text)
                  003f09ec    00000046     rts2800_ml.lib : cpy_tbl.obj (.text)
                  003f0a32    00000046     wdog.obj (.text)
                  003f0a78    00000044     pwr.obj (.text)
                  003f0abc    00000032     rts2800_ml.lib : sprintf.obj (.text)
                  003f0aee    00000032     timer.obj (.text)
                  003f0b20    00000031     rts2800_ml.lib : atoi.obj (.text)
                  003f0b51    0000002e                    : ltoa.obj (.text)
                  003f0b7f    0000002d     osc.obj (.text)
                  003f0bac    0000002a     rts2800_ml.lib : fd_cmp.obj (.text)
                  003f0bd6    00000029                    : exit.obj (.text)
                  003f0bff    00000025     cpu.obj (.text)
                  003f0c24    00000021     filter_fo.obj (.text)
                  003f0c45    00000021     rts2800_ml.lib : fd_toi.obj (.text)
                  003f0c66    00000020     flash.obj (.text)
                  003f0c86    00000020     rts2800_ml.lib : s_copysign.obj (.text)
                  003f0ca6    0000001e                    : ll_cmp.obj (.text)
                  003f0cc4    0000001d                    : fs_tou.obj (.text)
                  003f0ce1    0000001d                    : memcpy.obj (.text)
                  003f0cfe    0000001c                    : l_tofd.obj (.text)
                  003f0d1a    0000001a                    : cpy_utils.obj (.text)
                  003f0d34    00000019                    : args_main.obj (.text)
                  003f0d4d    00000018                    : ll_aox.obj (.text)
                  003f0d65    00000010     memCopy.obj (.text)
                  003f0d75    0000000e     rts2800_ml.lib : fd_sub.obj (.text)
                  003f0d83    0000000d                    : memccpy.obj (.text)
                  003f0d90    0000000c                    : memset.obj (.text)
                  003f0d9c    0000000b                    : strchr.obj (.text)
                  003f0da7    0000000b                    : u_div.obj (.text)
                  003f0db2    00000009                    : _lock.obj (.text)
                  003f0dbb    00000009                    : fd_neg.obj (.text)
                  003f0dc4    00000009                    : strcat.obj (.text)
                  003f0dcd    00000008     CodeStartBranch.obj (.text)
                  003f0dd5    00000008     rts2800_ml.lib : strlen.obj (.text)
                  003f0ddd    00000006     qep.obj (.text)
                  003f0de3    00000005     pie.obj (.text:retain)
                  003f0de8    00000005     rts2800_ml.lib : strcpy.obj (.text)
                  003f0ded    00000002                    : pre_init.obj (.text)
                  003f0def    00000001                    : startup.obj (.text)

.econst    0    003f0df0    0000111c     
                  003f0df0    00000141     user_data.obj (.econst:.string)
                  003f0f31    00000101     rts2800_ml.lib : ctype.obj (.econst:.string:__ctypes_)
                  003f1032    00000055     user_data.obj (.econst:_g_ai8DescAccessLevel)
                  003f1087    00000044     user_data.obj (.econst:_g_ai8DescInitial)
                  003f10cb    00000044     user_data.obj (.econst:_g_ai8DescReferSelect)
                  003f110f    00000044     user_data.obj (.econst:_g_ai8DescStopMethod)
                  003f1153    00000033     user_data.obj (.econst:_g_ai8DescCtrlMethod)
                  003f1186    0000002e     sci_operator.obj (.econst:_$P$T1$5)
                  003f11b4    00000026     rts2800_ml.lib : _printfi.obj (.econst:.string)
                  003f11da    00000025     sci_operator.obj (.econst:_$P$T0$4)
                  003f11ff    00000022     user_data.obj (.econst:_g_ai8DescEnable)
                  003f1221    00000022     user_data.obj (.econst:_g_ai8DescLanguage)
                  003f1243    00000001     --HOLE-- [fill = 0]
                  003f1244    0000001f     sci_operator.obj (.econst:.string)
                  003f1263    00000001     --HOLE-- [fill = 0]
                  003f1264    0000001c     rts2800_ml.lib : _printfi.obj (.econst)
                  003f1280    0000001c                    : s_scalbn.obj (.econst)
                  003f129c    0000001a     user_data.obj (.econst:_g_dmFunA1)
                  003f12b6    0000001a     user_data.obj (.econst:_g_dmFunA2)
                  003f12d0    0000001a     user_data.obj (.econst:_g_dmFunC1)
                  003f12ea    0000001a     user_data.obj (.econst:_g_dmFunC2)
                  003f1304    0000001a     user_data.obj (.econst:_g_dmFunC3)
                  003f131e    0000001a     user_data.obj (.econst:_g_dmFunC4)
                  003f1338    0000001a     user_data.obj (.econst:_g_dmFunC5)
                  003f1352    0000001a     user_data.obj (.econst:_g_dmFunC6)
                  003f136c    0000001a     user_data.obj (.econst:_g_dmFunC7)
                  003f1386    0000001a     user_data.obj (.econst:_g_dmFunC8)
                  003f13a0    0000001a     user_data.obj (.econst:_g_dmFunCellA1_01)
                  003f13ba    0000001a     user_data.obj (.econst:_g_dmFunCellA1_02)
                  003f13d4    0000001a     user_data.obj (.econst:_g_dmFunCellA1_03)
                  003f13ee    0000001a     user_data.obj (.econst:_g_dmFunCellA1_04)
                  003f1408    0000001a     user_data.obj (.econst:_g_dmFunCellA1_05)
                  003f1422    0000001a     user_data.obj (.econst:_g_dmFunCellC1_01)
                  003f143c    0000001a     user_data.obj (.econst:_g_dmFunCellC1_02)
                  003f1456    0000001a     user_data.obj (.econst:_g_dmFunCellReserved)
                  003f1470    0000001a     user_data.obj (.econst:_g_dmFunCellU1_01)
                  003f148a    0000001a     user_data.obj (.econst:_g_dmFunCellU1_02)
                  003f14a4    0000001a     user_data.obj (.econst:_g_dmFunCellU1_03)
                  003f14be    0000001a     user_data.obj (.econst:_g_dmFunCellU1_04)
                  003f14d8    0000001a     user_data.obj (.econst:_g_dmFunCellU1_05)
                  003f14f2    0000001a     user_data.obj (.econst:_g_dmFunCellU1_06)
                  003f150c    0000001a     user_data.obj (.econst:_g_dmFunCellU1_07)
                  003f1526    0000001a     user_data.obj (.econst:_g_dmFunCellU1_08)
                  003f1540    0000001a     user_data.obj (.econst:_g_dmFunCellU1_09)
                  003f155a    0000001a     user_data.obj (.econst:_g_dmFunCellU1_10)
                  003f1574    0000001a     user_data.obj (.econst:_g_dmFunCellU1_11)
                  003f158e    0000001a     user_data.obj (.econst:_g_dmFunCellU1_12)
                  003f15a8    0000001a     user_data.obj (.econst:_g_dmFunCellU1_13)
                  003f15c2    0000001a     user_data.obj (.econst:_g_dmFunCellU1_14)
                  003f15dc    0000001a     user_data.obj (.econst:_g_dmFunCellU1_15)
                  003f15f6    0000001a     user_data.obj (.econst:_g_dmFunCellU1_16)
                  003f1610    0000001a     user_data.obj (.econst:_g_dmFunCellU1_17)
                  003f162a    0000001a     user_data.obj (.econst:_g_dmFunCellU1_18)
                  003f1644    0000001a     user_data.obj (.econst:_g_dmFunCellU1_19)
                  003f165e    0000001a     user_data.obj (.econst:_g_dmFunCellU1_20)
                  003f1678    0000001a     user_data.obj (.econst:_g_dmFunCellU1_21)
                  003f1692    0000001a     user_data.obj (.econst:_g_dmFunCellU2_01)
                  003f16ac    0000001a     user_data.obj (.econst:_g_dmFunCellU3_01)
                  003f16c6    0000001a     user_data.obj (.econst:_g_dmFunCellb1_01)
                  003f16e0    0000001a     user_data.obj (.econst:_g_dmFunCellb1_02)
                  003f16fa    0000001a     user_data.obj (.econst:_g_dmFunCellb1_03)
                  003f1714    0000001a     user_data.obj (.econst:_g_dmFunCellb1_04)
                  003f172e    0000001a     user_data.obj (.econst:_g_dmFunE1)
                  003f1748    0000001a     user_data.obj (.econst:_g_dmFunE2)
                  003f1762    0000001a     user_data.obj (.econst:_g_dmFunE3)
                  003f177c    0000001a     user_data.obj (.econst:_g_dmFunE4)
                  003f1796    0000001a     user_data.obj (.econst:_g_dmFunE5)
                  003f17b0    0000001a     user_data.obj (.econst:_g_dmFunF1)
                  003f17ca    0000001a     user_data.obj (.econst:_g_dmFunF2)
                  003f17e4    0000001a     user_data.obj (.econst:_g_dmFunF3)
                  003f17fe    0000001a     user_data.obj (.econst:_g_dmFunF4)
                  003f1818    0000001a     user_data.obj (.econst:_g_dmFunF5)
                  003f1832    0000001a     user_data.obj (.econst:_g_dmFunF6)
                  003f184c    0000001a     user_data.obj (.econst:_g_dmFunF7)
                  003f1866    0000001a     user_data.obj (.econst:_g_dmFunF8)
                  003f1880    0000001a     user_data.obj (.econst:_g_dmFunF9)
                  003f189a    0000001a     user_data.obj (.econst:_g_dmFunH1)
                  003f18b4    0000001a     user_data.obj (.econst:_g_dmFunH2)
                  003f18ce    0000001a     user_data.obj (.econst:_g_dmFunH3)
                  003f18e8    0000001a     user_data.obj (.econst:_g_dmFunH4)
                  003f1902    0000001a     user_data.obj (.econst:_g_dmFunH5)
                  003f191c    0000001a     user_data.obj (.econst:_g_dmFunL1)
                  003f1936    0000001a     user_data.obj (.econst:_g_dmFunL2)
                  003f1950    0000001a     user_data.obj (.econst:_g_dmFunL3)
                  003f196a    0000001a     user_data.obj (.econst:_g_dmFunL4)
                  003f1984    0000001a     user_data.obj (.econst:_g_dmFunL5)
                  003f199e    0000001a     user_data.obj (.econst:_g_dmFunL6)
                  003f19b8    0000001a     user_data.obj (.econst:_g_dmFunL7)
                  003f19d2    0000001a     user_data.obj (.econst:_g_dmFunL8)
                  003f19ec    0000001a     user_data.obj (.econst:_g_dmFunU1)
                  003f1a06    0000001a     user_data.obj (.econst:_g_dmFunU2)
                  003f1a20    0000001a     user_data.obj (.econst:_g_dmFunU3)
                  003f1a3a    0000001a     user_data.obj (.econst:_g_dmFunb1)
                  003f1a54    0000001a     user_data.obj (.econst:_g_dmFunb2)
                  003f1a6e    0000001a     user_data.obj (.econst:_g_dmFunb3)
                  003f1a88    0000001a     user_data.obj (.econst:_g_dmFunb4)
                  003f1aa2    0000001a     user_data.obj (.econst:_g_dmFunb5)
                  003f1abc    0000001a     user_data.obj (.econst:_g_dmFunb6)
                  003f1ad6    0000001a     user_data.obj (.econst:_g_dmFunb7)
                  003f1af0    0000001a     user_data.obj (.econst:_g_dmFunb8)
                  003f1b0a    0000001a     user_data.obj (.econst:_g_dmFunb9)
                  003f1b24    0000001a     user_data.obj (.econst:_g_dmFund1)
                  003f1b3e    0000001a     user_data.obj (.econst:_g_dmFund2)
                  003f1b58    0000001a     user_data.obj (.econst:_g_dmFund3)
                  003f1b72    0000001a     user_data.obj (.econst:_g_dmFund4)
                  003f1b8c    0000001a     user_data.obj (.econst:_g_dmFund5)
                  003f1ba6    0000001a     user_data.obj (.econst:_g_dmFuno1)
                  003f1bc0    0000001a     user_data.obj (.econst:_g_dmFuno2)
                  003f1bda    0000001a     user_data.obj (.econst:_g_dmGroupA)
                  003f1bf4    0000001a     user_data.obj (.econst:_g_dmGroupC)
                  003f1c0e    0000001a     user_data.obj (.econst:_g_dmGroupE)
                  003f1c28    0000001a     user_data.obj (.econst:_g_dmGroupF)
                  003f1c42    0000001a     user_data.obj (.econst:_g_dmGroupH)
                  003f1c5c    0000001a     user_data.obj (.econst:_g_dmGroupL)
                  003f1c76    0000001a     user_data.obj (.econst:_g_dmGroupU)
                  003f1c90    0000001a     user_data.obj (.econst:_g_dmGroupb)
                  003f1caa    0000001a     user_data.obj (.econst:_g_dmGroupd)
                  003f1cc4    0000001a     user_data.obj (.econst:_g_dmGroupo)
                  003f1cde    00000018     user_data.obj (.econst:_g_dmModeAutotuning)
                  003f1cf6    00000018     user_data.obj (.econst:_g_dmModeInitialize)
                  003f1d0e    00000018     user_data.obj (.econst:_g_dmModeOperation)
                  003f1d26    00000018     user_data.obj (.econst:_g_dmModeProgram)
                  003f1d3e    00000018     user_data.obj (.econst:_gdmObj)
                  003f1d56    0000000c     user_data.obj (.econst:_g_dmCellAccTime1)
                  003f1d62    0000000c     user_data.obj (.econst:_g_dmCellAccessLvl)
                  003f1d6e    0000000c     user_data.obj (.econst:_g_dmCellCtlMethod)
                  003f1d7a    0000000c     user_data.obj (.econst:_g_dmCellCurrentOut)
                  003f1d86    0000000c     user_data.obj (.econst:_g_dmCellCurrentU)
                  003f1d92    0000000c     user_data.obj (.econst:_g_dmCellCurrentV)
                  003f1d9e    0000000c     user_data.obj (.econst:_g_dmCellCurrentW)
                  003f1daa    0000000c     user_data.obj (.econst:_g_dmCellDCBus)
                  003f1db6    0000000c     user_data.obj (.econst:_g_dmCellDecTime1)
                  003f1dc2    0000000c     user_data.obj (.econst:_g_dmCellExtAd1)
                  003f1dce    0000000c     user_data.obj (.econst:_g_dmCellExtAd2)
                  003f1dda    0000000c     user_data.obj (.econst:_g_dmCellExtAd3)
                  003f1de6    0000000c     user_data.obj (.econst:_g_dmCellExtTemp)
                  003f1df2    0000000c     user_data.obj (.econst:_g_dmCellFreqOut)
                  003f1dfe    0000000c     user_data.obj (.econst:_g_dmCellFreqRef)
                  003f1e0a    0000000c     user_data.obj (.econst:_g_dmCellInitial)
                  003f1e16    0000000c     user_data.obj (.econst:_g_dmCellInputTerm)
                  003f1e22    0000000c     user_data.obj (.econst:_g_dmCellLanguage)
                  003f1e2e    0000000c     user_data.obj (.econst:_g_dmCellMotorSpd)
                  003f1e3a    0000000c     user_data.obj (.econst:_g_dmCellOperationSel)
                  003f1e46    0000000c     user_data.obj (.econst:_g_dmCellOutputTerm)
                  003f1e52    0000000c     user_data.obj (.econst:_g_dmCellPassword)
                  003f1e5e    0000000c     user_data.obj (.econst:_g_dmCellPowerOut)
                  003f1e6a    0000000c     user_data.obj (.econst:_g_dmCellReferenceSel)
                  003f1e76    0000000c     user_data.obj (.econst:_g_dmCellReserved)
                  003f1e82    0000000c     user_data.obj (.econst:_g_dmCellReverseProhibit)
                  003f1e8e    0000000c     user_data.obj (.econst:_g_dmCellStopMethod)
                  003f1e9a    0000000c     user_data.obj (.econst:_g_dmCellTorqueRef)
                  003f1ea6    0000000c     user_data.obj (.econst:_g_dmCellVoltageOut)
                  003f1eb2    0000000c     user_data.obj (.econst:_g_dmCellVoltageU)
                  003f1ebe    0000000c     user_data.obj (.econst:_g_dmCellVoltageV)
                  003f1eca    0000000c     user_data.obj (.econst:_g_dmCellVoltageW)
                  003f1ed6    00000008     rts2800_ml.lib : s_frexp.obj (.econst)
                  003f1ede    00000008     user.obj (.econst)
                  003f1ee6    00000004     Main.obj (.econst)
                  003f1eea    00000004     ctrlQEP.obj (.econst:_$P$T0$1)
                  003f1eee    00000004     ctrlQEP.obj (.econst:_$P$T1$2)
                  003f1ef2    00000004     ctrlQEP.obj (.econst:_$P$T2$3)
                  003f1ef6    00000004     ctrlQEP.obj (.econst:_$P$T3$4)
                  003f1efa    00000004     ctrlQEP.obj (.econst:_$P$T4$5)
                  003f1efe    00000004     ctrlQEP.obj (.econst:_$P$T5$6)
                  003f1f02    00000004     ctrlQEP.obj (.econst)
                  003f1f06    00000004     hal.obj (.econst)
                  003f1f0a    00000002     rts2800_ml.lib : s_ceilf.obj (.econst)

.cinit     0    003f1f0c    000002f4     
                  003f1f0c    00000246     user_data.obj (.cinit)
                  003f2152    00000079     Main.obj (.cinit)
                  003f21cb    0000000e     rts2800_ml.lib : exit.obj (.cinit)
                  003f21d9    0000000c     sci_operator.obj (.cinit)
                  003f21e5    00000007     i2c_lcd.obj (.cinit)
                  003f21ec    00000005     rts2800_ml.lib : _lock.obj (.cinit:__lock)
                  003f21f1    00000005                    : _lock.obj (.cinit:__unlock)
                  003f21f6    00000004     drv8305.obj (.cinit)
                  003f21fa    00000004     i2c_mcp23017.obj (.cinit)
                  003f21fe    00000002     --HOLE-- [fill = 0]

.pinit     0    003ec000    00000000     UNINITIALIZED

IQmath     0    003f2200    000000fe     
                  003f2200    00000047     IQmath.lib : IQ24div.obj (IQmath)
                  003f2247    00000042                : IQ24sqrt.obj (IQmath)
                  003f2289    00000029                : IQ24sinPU.obj (IQmath)
                  003f22b2    00000027                : IQ24cosPU.obj (IQmath)
                  003f22d9    00000014                : IQ30toF.obj (IQmath)
                  003f22ed    00000011                : IQ24mpyI32int.obj (IQmath)

codestart 
*          0    003f7ff6    00000002     
                  003f7ff6    00000002     CodeStartBranch.obj (codestart)

IQmathTables 
*          0    003fdc30    00000b50     NOLOAD SECTION
                  003fdc30    00000b50     IQmath.lib : IQmathTables.obj (IQmathTables)

.stack     1    00000050    000003b0     UNINITIALIZED
                  00000050    000003b0     --HOLE--

.ebss      1    00008c00    000005ca     UNINITIALIZED
                  00008c00    0000033c     Main.obj (.ebss)
                  00008f3c    00000004     i2c_lcd.obj (.ebss)
                  00008f40    000001bc     user_data.obj (.ebss)
                  000090fc    00000002     rts2800_ml.lib : _lock.obj (.ebss:__lock)
                  000090fe    00000002                    : _lock.obj (.ebss:__unlock)
                  00009100    000000b2     hal.obj (.ebss)
                  000091b2    0000000e     sci_operator.obj (.ebss)
                  000091c0    00000006     rts2800_ml.lib : exit.obj (.ebss)
                  000091c6    00000002     drv8305.obj (.ebss)
                  000091c8    00000001     cpu.obj (.ebss)
                  000091c9    00000001     i2c_mcp23017.obj (.ebss)

.reset     0    003fffc0    00000002     DSECT
                  003fffc0    00000002     rts2800_ml.lib : boot.obj (.reset)

vectors    0    003fffc2    00000000     DSECT

MODULE SUMMARY

       Module                code    ro data   rw data
       ------                ----    -------   -------
    .\
       user_data.obj         1849    0         4885   
       ctrlQEP.obj           3591    0         28     
       hal.obj               3183    0         182    
       Main.obj              1542    0         953    
       sci_operator.obj      1810    0         140    
       user.obj              1086    0         8      
       pwm.obj               758     0         0      
       i2c_message.obj       686     0         0      
       adc.obj               504     0         0      
       clk.obj               394     0         0      
       gpio.obj              384     0         0      
       sci_message.obj       321     0         0      
       pie.obj               300     0         0      
       enc.obj               254     0         0      
       i2c.obj               247     0         0      
       sci.obj               241     0         0      
       i2c_lcd.obj           224     0         11     
       spi.obj               169     0         0      
       i2c_24lc32.obj        158     0         0      
       flash.obj             132     0         0      
       i2c_mcp23017.obj      118     0         5      
       sci_modbus.obj        105     0         0      
       pll.obj               91      0         0      
       offset.obj            71      0         0      
       wdog.obj              70      0         0      
       pwr.obj               68      0         0      
       timer.obj             50      0         0      
       osc.obj               45      0         0      
       cpu.obj               37      0         1      
       filter_fo.obj         33      0         0      
       memCopy.obj           16      0         0      
       CodeStartBranch.obj   10      0         0      
       usDelay.obj           8       0         0      
       drv8305.obj           0       0         6      
       qep.obj               6       0         0      
    +--+---------------------+-------+---------+---------+
       Total:                18561   0         6219   
                                                      
    ../sw/modules/iqmath/lib/f28x/32b/IQmath.lib
       IQmathTables.obj      0       0         2896   
       IQ24div.obj           0       0         71     
       IQ24sqrt.obj          0       0         66     
       IQ24sinPU.obj         0       0         41     
       IQ24cosPU.obj         0       0         39     
       IQ30toF.obj           0       0         20     
       IQ24mpyI32int.obj     0       0         17     
    +--+---------------------+-------+---------+---------+
       Total:                0       0         3150   
                                                      
    C:/ti/ccsv6/tools/compiler/ti-cgt-c2000_15.12.1.LTS/lib/rts2800_ml.lib
       _printfi.obj          2885    0         66     
       ll_div.obj            263     0         0      
       ctype.obj             0       0         257    
       s_scalbn.obj          189     0         28     
       fd_add.obj            156     0         0      
       fd_div.obj            139     0         0      
       s_ceilf.obj           107     0         2      
       s_frexp.obj           92      0         8      
       boot.obj              84      0         0      
       cpy_tbl.obj           70      0         0      
       exit.obj              41      0         20     
       sprintf.obj           50      0         0      
       atoi.obj              49      0         0      
       ltoa.obj              46      0         0      
       fd_cmp.obj            42      0         0      
       fd_toi.obj            33      0         0      
       s_copysign.obj        32      0         0      
       ll_cmp.obj            30      0         0      
       fs_tou.obj            29      0         0      
       memcpy.obj            29      0         0      
       l_tofd.obj            28      0         0      
       cpy_utils.obj         26      0         0      
       args_main.obj         25      0         0      
       ll_aox.obj            24      0         0      
       _lock.obj             9       0         14     
       fd_sub.obj            14      0         0      
       memccpy.obj           13      0         0      
       memset.obj            12      0         0      
       strchr.obj            11      0         0      
       u_div.obj             11      0         0      
       fd_neg.obj            9       0         0      
       strcat.obj            9       0         0      
       strlen.obj            8       0         0      
       strcpy.obj            5       0         0      
       pre_init.obj          2       0         0      
       startup.obj           1       0         0      
    +--+---------------------+-------+---------+---------+
       Total:                4573    0         395    
                                                      
       Stack:                0       0         944    
    +--+---------------------+-------+---------+---------+
       Grand Total:          23134   0         10708  


GLOBAL DATA SYMBOLS: SORTED BY DATA PAGE

address     data page           name
--------    ----------------    ----
00000050       1 (00000040)     __stack

00008c00     230 (00008c00)     _gModbusObj
00008c02     230 (00008c00)     _bFlag_Latch_softwareUpdate
00008c03     230 (00008c00)     _gu16Counter_updateGlobals
00008c04     230 (00008c00)     _ghalHandle
00008c06     230 (00008c00)     _gi2cMessageHandle
00008c08     230 (00008c00)     _gpcontroller_obj
00008c0a     230 (00008c00)     _gctrlHandle
00008c0c     230 (00008c00)     _giqMaxCurrentSlope
00008c0e     230 (00008c00)     _giqTorque_Ls_Id_Iq_pu_to_Nm_sf
00008c10     230 (00008c00)     _giqTorque_Flux_Iq_pu_to_Nm_sf
00008c12     230 (00008c00)     _giqFlux_pu_to_Wb_sf
00008c14     230 (00008c00)     _giqFlux_pu_to_VpHz_sf
00008c16     230 (00008c00)     _gEepromHandle
00008c18     230 (00008c00)     _gIoexpandHandle
00008c1a     230 (00008c00)     _gencHandle
00008c1c     230 (00008c00)     _gModbusHandle
00008c1e     230 (00008c00)     _gLcdObj
00008c20     230 (00008c00)     _gLcdHandle
00008c22     230 (00008c00)     _gOperHandle
00008c24     230 (00008c00)     _gEepromObj
00008c28     230 (00008c00)     _gIoexpandObj
00008c2c     230 (00008c00)     _gsciMessageHandle
00008c30     230 (00008c00)     _gPwmData

00008c40     231 (00008c40)     _gAdcData
00008c56     231 (00008c40)     _gencObj

00008c80     232 (00008c80)     _gOperObj

00008cc0     233 (00008cc0)     _gi2cMessage

00008d40     235 (00008d40)     _gMotorVars

00008dc0     237 (00008dc0)     _gUserParams

00008e80     23a (00008e80)     _gsciMessage

00008f40     23d (00008f40)     _g_u16DelayCnt
00008f41     23d (00008f40)     _g_u8RefSelect
00008f42     23d (00008f40)     _g_u8OperSelection
00008f43     23d (00008f40)     _g_u8Initial
00008f44     23d (00008f40)     _g_u16Password
00008f45     23d (00008f40)     _g_u16AccTime1
00008f46     23d (00008f40)     _g_u16DecTime1
00008f47     23d (00008f40)     _g_u8StoppingMethod
00008f48     23d (00008f40)     _g_u8ReverseProhibit
00008f49     23d (00008f40)     _g_u8AccessLevel
00008f4a     23d (00008f40)     _g_i16FreqRef
00008f4b     23d (00008f40)     _g_i16TorqueRef
00008f4c     23d (00008f40)     _g_u8OperSignal
00008f4d     23d (00008f40)     _g_u8CtlMethod
00008f4e     23d (00008f40)     _g_u8OutputTerm
00008f4f     23d (00008f40)     _g_u8Language
00008f50     23d (00008f40)     _g_u16VoltageOut
00008f51     23d (00008f40)     _g_u16PowerOut
00008f52     23d (00008f40)     _g_u16Reserved
00008f54     23d (00008f40)     _g_dmFunCellArrayF6
00008f56     23d (00008f40)     _g_dmFunCellArrayH4
00008f58     23d (00008f40)     _g_dmFunCellArrayH5
00008f5a     23d (00008f40)     _g_dmFunCellArrayL1
00008f5c     23d (00008f40)     _g_dmFunCellArrayb6
00008f5e     23d (00008f40)     _g_dmFunCellArrayL2
00008f60     23d (00008f40)     _g_dmFunCellArrayH1
00008f62     23d (00008f40)     _g_dmFunCellArrayF9
00008f64     23d (00008f40)     _g_dmFunCellArrayF8
00008f66     23d (00008f40)     _g_dmFunCellArrayF7
00008f68     23d (00008f40)     _g_dmFunCellArrayH2
00008f6a     23d (00008f40)     _g_dmFunCellArrayH3
00008f6c     23d (00008f40)     _g_dmGroupOperArray
00008f6e     23d (00008f40)     _g_dmGroupInitArray
00008f70     23d (00008f40)     _g_dmFunCellArrayo1
00008f72     23d (00008f40)     _g_dmFunCellArrayb5
00008f74     23d (00008f40)     _g_dmFunCellArrayb4
00008f76     23d (00008f40)     _g_dmFunCellArrayo2
00008f78     23d (00008f40)     _g_dmFunCellArrayL5
00008f7a     23d (00008f40)     _g_dmFunCellArrayL6
00008f7c     23d (00008f40)     _g_dmFunCellArrayL3
00008f7e     23d (00008f40)     _g_dmFunCellArrayL8

00008f80     23e (00008f80)     _gdmHandle
00008f82     23e (00008f80)     _g_dmFunCellArrayL4
00008f84     23e (00008f80)     _g_dmFunCellArrayC8
00008f86     23e (00008f80)     _g_dmFunCellArrayd1
00008f88     23e (00008f80)     _g_dmFunCellArrayC6
00008f8a     23e (00008f80)     _g_dmFunCellArrayd3
00008f8c     23e (00008f80)     _g_dmFunCellArrayd4
00008f8e     23e (00008f80)     _g_dmFunCellArrayC7
00008f90     23e (00008f80)     _g_dmFunCellArrayd2
00008f92     23e (00008f80)     _g_dmFunCellArrayU3
00008f94     23e (00008f80)     _g_dmFunCellArrayU2
00008f96     23e (00008f80)     _g_dmFunCellArrayb9
00008f98     23e (00008f80)     _g_dmFunCellArrayC4
00008f9a     23e (00008f80)     _g_dmFunCellArrayC5
00008f9c     23e (00008f80)     _g_dmFunCellArrayC2
00008f9e     23e (00008f80)     _g_dmFunCellArrayC3
00008fa0     23e (00008f80)     _g_dmFunCellArrayF2
00008fa2     23e (00008f80)     _g_dmFunCellArrayF3
00008fa4     23e (00008f80)     _g_dmFunCellArrayb7
00008fa6     23e (00008f80)     _g_dmFunCellArrayF5
00008fa8     23e (00008f80)     _g_dmFunCellArrayL7
00008faa     23e (00008f80)     _g_dmFunCellArrayF1
00008fac     23e (00008f80)     _g_dmFunCellArrayF4
00008fae     23e (00008f80)     _g_dmFunCellArrayE1
00008fb0     23e (00008f80)     _g_dmFunCellArrayE2
00008fb2     23e (00008f80)     _g_dmFunCellArrayd5
00008fb4     23e (00008f80)     _g_dmFunCellArrayE4
00008fb6     23e (00008f80)     _g_dmFunCellArrayE5
00008fb8     23e (00008f80)     _g_dmFunCellArrayb8
00008fba     23e (00008f80)     _g_dmFunCellArrayb3
00008fbc     23e (00008f80)     _g_dmFunCellArrayE3
00008fbe     23e (00008f80)     _g_dmFunCellArrayb2

00008fc0     23f (00008fc0)     _g_dmFunCellArrayA2
00008fc2     23f (00008fc0)     _g_dmFunCellArrayC1
00008fc6     23f (00008fc0)     _g_dmFunAArray
00008fca     23f (00008fc0)     _g_dmFunoArray
00008fce     23f (00008fc0)     _g_dmFunUArray
00008fd4     23f (00008fc0)     _g_dmModeArray
00008fdc     23f (00008fc0)     _g_dmFunCellArrayb1
00008fe4     23f (00008fc0)     _g_dmFunCellArrayA1

00009032     240 (00009000)     _g_dmFunEArray

00009040     241 (00009040)     _g_dmFundArray
00009054     241 (00009040)     _g_dmFunHArray
00009068     241 (00009040)     _g_dmFunLArray

00009080     242 (00009080)     _g_dmFunCArray
00009090     242 (00009080)     _g_dmGroupProgArray
000090a0     242 (00009080)     _g_dmFunFArray

000090c0     243 (000090c0)     _g_dmFunbArray
000090d2     243 (000090c0)     _g_dmFunCellArrayU1
000090fc     243 (000090c0)     __lock
000090fe     243 (000090c0)     __unlock

00009100     244 (00009100)     _ghal

000091b6     246 (00009180)     _g_i32EditMaxValue
000091b8     246 (00009180)     _g_i32EditMinValue
000091ba     246 (00009180)     _g_i32DeltaValue
000091bc     246 (00009180)     _g_pOperatorObj
000091be     246 (00009180)     _g_i32EditValue

000091c0     247 (000091c0)     ___TI_enable_exit_profile_output
000091c2     247 (000091c0)     ___TI_cleanup_ptr
000091c4     247 (000091c0)     ___TI_dtors_ptr
000091c8     247 (000091c0)     _cpu
000091c9     247 (000091c0)     _bSetupFlag

003f0f31    fc3c (003f0f00)     __ctypes_

003f1032    fc40 (003f1000)     _g_ai8DescAccessLevel

003f1087    fc42 (003f1080)     _g_ai8DescInitial

003f10cb    fc43 (003f10c0)     _g_ai8DescReferSelect

003f110f    fc44 (003f1100)     _g_ai8DescStopMethod

003f1153    fc45 (003f1140)     _g_ai8DescCtrlMethod

003f11ff    fc47 (003f11c0)     _g_ai8DescEnable

003f1221    fc48 (003f1200)     _g_ai8DescLanguage

003f129c    fc4a (003f1280)     _g_dmFunA1
003f12b6    fc4a (003f1280)     _g_dmFunA2

003f12d0    fc4b (003f12c0)     _g_dmFunC1
003f12ea    fc4b (003f12c0)     _g_dmFunC2

003f1304    fc4c (003f1300)     _g_dmFunC3
003f131e    fc4c (003f1300)     _g_dmFunC4
003f1338    fc4c (003f1300)     _g_dmFunC5

003f1352    fc4d (003f1340)     _g_dmFunC6
003f136c    fc4d (003f1340)     _g_dmFunC7

003f1386    fc4e (003f1380)     _g_dmFunC8
003f13a0    fc4e (003f1380)     _g_dmFunCellA1_01
003f13ba    fc4e (003f1380)     _g_dmFunCellA1_02

003f13d4    fc4f (003f13c0)     _g_dmFunCellA1_03
003f13ee    fc4f (003f13c0)     _g_dmFunCellA1_04

003f1408    fc50 (003f1400)     _g_dmFunCellA1_05
003f1422    fc50 (003f1400)     _g_dmFunCellC1_01
003f143c    fc50 (003f1400)     _g_dmFunCellC1_02

003f1456    fc51 (003f1440)     _g_dmFunCellReserved
003f1470    fc51 (003f1440)     _g_dmFunCellU1_01

003f148a    fc52 (003f1480)     _g_dmFunCellU1_02
003f14a4    fc52 (003f1480)     _g_dmFunCellU1_03
003f14be    fc52 (003f1480)     _g_dmFunCellU1_04

003f14d8    fc53 (003f14c0)     _g_dmFunCellU1_05
003f14f2    fc53 (003f14c0)     _g_dmFunCellU1_06

003f150c    fc54 (003f1500)     _g_dmFunCellU1_07
003f1526    fc54 (003f1500)     _g_dmFunCellU1_08

003f1540    fc55 (003f1540)     _g_dmFunCellU1_09
003f155a    fc55 (003f1540)     _g_dmFunCellU1_10
003f1574    fc55 (003f1540)     _g_dmFunCellU1_11

003f158e    fc56 (003f1580)     _g_dmFunCellU1_12
003f15a8    fc56 (003f1580)     _g_dmFunCellU1_13

003f15c2    fc57 (003f15c0)     _g_dmFunCellU1_14
003f15dc    fc57 (003f15c0)     _g_dmFunCellU1_15
003f15f6    fc57 (003f15c0)     _g_dmFunCellU1_16

003f1610    fc58 (003f1600)     _g_dmFunCellU1_17
003f162a    fc58 (003f1600)     _g_dmFunCellU1_18

003f1644    fc59 (003f1640)     _g_dmFunCellU1_19
003f165e    fc59 (003f1640)     _g_dmFunCellU1_20
003f1678    fc59 (003f1640)     _g_dmFunCellU1_21

003f1692    fc5a (003f1680)     _g_dmFunCellU2_01
003f16ac    fc5a (003f1680)     _g_dmFunCellU3_01

003f16c6    fc5b (003f16c0)     _g_dmFunCellb1_01
003f16e0    fc5b (003f16c0)     _g_dmFunCellb1_02
003f16fa    fc5b (003f16c0)     _g_dmFunCellb1_03

003f1714    fc5c (003f1700)     _g_dmFunCellb1_04
003f172e    fc5c (003f1700)     _g_dmFunE1

003f1748    fc5d (003f1740)     _g_dmFunE2
003f1762    fc5d (003f1740)     _g_dmFunE3
003f177c    fc5d (003f1740)     _g_dmFunE4

003f1796    fc5e (003f1780)     _g_dmFunE5
003f17b0    fc5e (003f1780)     _g_dmFunF1

003f17ca    fc5f (003f17c0)     _g_dmFunF2
003f17e4    fc5f (003f17c0)     _g_dmFunF3
003f17fe    fc5f (003f17c0)     _g_dmFunF4

003f1818    fc60 (003f1800)     _g_dmFunF5
003f1832    fc60 (003f1800)     _g_dmFunF6

003f184c    fc61 (003f1840)     _g_dmFunF7
003f1866    fc61 (003f1840)     _g_dmFunF8

003f1880    fc62 (003f1880)     _g_dmFunF9
003f189a    fc62 (003f1880)     _g_dmFunH1
003f18b4    fc62 (003f1880)     _g_dmFunH2

003f18ce    fc63 (003f18c0)     _g_dmFunH3
003f18e8    fc63 (003f18c0)     _g_dmFunH4

003f1902    fc64 (003f1900)     _g_dmFunH5
003f191c    fc64 (003f1900)     _g_dmFunL1
003f1936    fc64 (003f1900)     _g_dmFunL2

003f1950    fc65 (003f1940)     _g_dmFunL3
003f196a    fc65 (003f1940)     _g_dmFunL4

003f1984    fc66 (003f1980)     _g_dmFunL5
003f199e    fc66 (003f1980)     _g_dmFunL6
003f19b8    fc66 (003f1980)     _g_dmFunL7

003f19d2    fc67 (003f19c0)     _g_dmFunL8
003f19ec    fc67 (003f19c0)     _g_dmFunU1

003f1a06    fc68 (003f1a00)     _g_dmFunU2
003f1a20    fc68 (003f1a00)     _g_dmFunU3
003f1a3a    fc68 (003f1a00)     _g_dmFunb1

003f1a54    fc69 (003f1a40)     _g_dmFunb2
003f1a6e    fc69 (003f1a40)     _g_dmFunb3

003f1a88    fc6a (003f1a80)     _g_dmFunb4
003f1aa2    fc6a (003f1a80)     _g_dmFunb5
003f1abc    fc6a (003f1a80)     _g_dmFunb6

003f1ad6    fc6b (003f1ac0)     _g_dmFunb7
003f1af0    fc6b (003f1ac0)     _g_dmFunb8

003f1b0a    fc6c (003f1b00)     _g_dmFunb9
003f1b24    fc6c (003f1b00)     _g_dmFund1
003f1b3e    fc6c (003f1b00)     _g_dmFund2

003f1b58    fc6d (003f1b40)     _g_dmFund3
003f1b72    fc6d (003f1b40)     _g_dmFund4

003f1b8c    fc6e (003f1b80)     _g_dmFund5
003f1ba6    fc6e (003f1b80)     _g_dmFuno1

003f1bc0    fc6f (003f1bc0)     _g_dmFuno2
003f1bda    fc6f (003f1bc0)     _g_dmGroupA
003f1bf4    fc6f (003f1bc0)     _g_dmGroupC

003f1c0e    fc70 (003f1c00)     _g_dmGroupE
003f1c28    fc70 (003f1c00)     _g_dmGroupF

003f1c42    fc71 (003f1c40)     _g_dmGroupH
003f1c5c    fc71 (003f1c40)     _g_dmGroupL
003f1c76    fc71 (003f1c40)     _g_dmGroupU

003f1c90    fc72 (003f1c80)     _g_dmGroupb
003f1caa    fc72 (003f1c80)     _g_dmGroupd

003f1cc4    fc73 (003f1cc0)     _g_dmGroupo
003f1cde    fc73 (003f1cc0)     _g_dmModeAutotuning
003f1cf6    fc73 (003f1cc0)     _g_dmModeInitialize

003f1d0e    fc74 (003f1d00)     _g_dmModeOperation
003f1d26    fc74 (003f1d00)     _g_dmModeProgram
003f1d3e    fc74 (003f1d00)     _gdmObj

003f1d56    fc75 (003f1d40)     _g_dmCellAccTime1
003f1d62    fc75 (003f1d40)     _g_dmCellAccessLvl
003f1d6e    fc75 (003f1d40)     _g_dmCellCtlMethod
003f1d7a    fc75 (003f1d40)     _g_dmCellCurrentOut

003f1d86    fc76 (003f1d80)     _g_dmCellCurrentU
003f1d92    fc76 (003f1d80)     _g_dmCellCurrentV
003f1d9e    fc76 (003f1d80)     _g_dmCellCurrentW
003f1daa    fc76 (003f1d80)     _g_dmCellDCBus
003f1db6    fc76 (003f1d80)     _g_dmCellDecTime1

003f1dc2    fc77 (003f1dc0)     _g_dmCellExtAd1
003f1dce    fc77 (003f1dc0)     _g_dmCellExtAd2
003f1dda    fc77 (003f1dc0)     _g_dmCellExtAd3
003f1de6    fc77 (003f1dc0)     _g_dmCellExtTemp
003f1df2    fc77 (003f1dc0)     _g_dmCellFreqOut
003f1dfe    fc77 (003f1dc0)     _g_dmCellFreqRef

003f1e0a    fc78 (003f1e00)     _g_dmCellInitial
003f1e16    fc78 (003f1e00)     _g_dmCellInputTerm
003f1e22    fc78 (003f1e00)     _g_dmCellLanguage
003f1e2e    fc78 (003f1e00)     _g_dmCellMotorSpd
003f1e3a    fc78 (003f1e00)     _g_dmCellOperationSel

003f1e46    fc79 (003f1e40)     _g_dmCellOutputTerm
003f1e52    fc79 (003f1e40)     _g_dmCellPassword
003f1e5e    fc79 (003f1e40)     _g_dmCellPowerOut
003f1e6a    fc79 (003f1e40)     _g_dmCellReferenceSel
003f1e76    fc79 (003f1e40)     _g_dmCellReserved

003f1e82    fc7a (003f1e80)     _g_dmCellReverseProhibit
003f1e8e    fc7a (003f1e80)     _g_dmCellStopMethod
003f1e9a    fc7a (003f1e80)     _g_dmCellTorqueRef
003f1ea6    fc7a (003f1e80)     _g_dmCellVoltageOut
003f1eb2    fc7a (003f1e80)     _g_dmCellVoltageU
003f1ebe    fc7a (003f1e80)     _g_dmCellVoltageV

003f1eca    fc7b (003f1ec0)     _g_dmCellVoltageW

003f2200    fc88 (003f2200)     __IQ24div

003f2247    fc89 (003f2240)     __IQ24sqrt

003f2289    fc8a (003f2280)     __IQ24sinPU
003f22b2    fc8a (003f2280)     __IQ24cosPU

003f22d9    fc8b (003f22c0)     __IQ30toF
003f22ed    fc8b (003f22c0)     __IQ24mpyI32int

003fdc30    ff70 (003fdc00)     _IQsinTable

003fdd30    ff74 (003fdd00)     _IQcosTable

003fe030    ff80 (003fe000)     _IQsinTableEnd

003fe132    ff84 (003fe100)     _IQcosTableEnd
003fe132    ff84 (003fe100)     _IQdivRoundSatTable

003fe140    ff85 (003fe140)     _IQdivTable

003fe342    ff8d (003fe340)     _IQdivTableEnd
003fe342    ff8d (003fe340)     _IQisqrtRoundSatTable
003fe342    ff8d (003fe340)     _IQsqrtRoundSatTable
003fe352    ff8d (003fe340)     _IQisqrtTable
003fe352    ff8d (003fe340)     _IQsqrtTable

003fe454    ff91 (003fe440)     _IQatan2HalfPITable
003fe454    ff91 (003fe440)     _IQisqrtTableEnd
003fe454    ff91 (003fe440)     _IQsqrtTableEnd

003fe492    ff92 (003fe480)     _IQatan2Table

003fe618    ff98 (003fe600)     _IQ30mpyRndSatTable
003fe618    ff98 (003fe600)     _IQatan2TableEnd
003fe618    ff98 (003fe600)     _IQmpyRndSatTable
003fe624    ff98 (003fe600)     _IQ29mpyRndSatTable
003fe630    ff98 (003fe600)     _IQ28mpyRndSatTable
003fe63c    ff98 (003fe600)     _IQ27mpyRndSatTable

003fe648    ff99 (003fe640)     _IQ26mpyRndSatTable
003fe654    ff99 (003fe640)     _IQ25mpyRndSatTable
003fe660    ff99 (003fe640)     _IQ24mpyRndSatTable
003fe66c    ff99 (003fe640)     _IQ23mpyRndSatTable
003fe678    ff99 (003fe640)     _IQ22mpyRndSatTable

003fe684    ff9a (003fe680)     _IQ21mpyRndSatTable
003fe690    ff9a (003fe680)     _IQ20mpyRndSatTable
003fe69c    ff9a (003fe680)     _IQ19mpyRndSatTable
003fe6a8    ff9a (003fe680)     _IQ18mpyRndSatTable
003fe6b4    ff9a (003fe680)     _IQ17mpyRndSatTable

003fe6c0    ff9b (003fe6c0)     _IQ16mpyRndSatTable
003fe6cc    ff9b (003fe6c0)     _IQ15mpyRndSatTable
003fe6d8    ff9b (003fe6c0)     _IQ14mpyRndSatTable
003fe6e4    ff9b (003fe6c0)     _IQ13mpyRndSatTable
003fe6f0    ff9b (003fe6c0)     _IQ12mpyRndSatTable
003fe6fc    ff9b (003fe6c0)     _IQ11mpyRndSatTable

003fe708    ff9c (003fe700)     _IQ10mpyRndSatTable
003fe714    ff9c (003fe700)     _IQ9mpyRndSatTable
003fe720    ff9c (003fe700)     _IQ8mpyRndSatTable
003fe72c    ff9c (003fe700)     _IQ7mpyRndSatTable
003fe738    ff9c (003fe700)     _IQ6mpyRndSatTable

003fe744    ff9d (003fe740)     _IQ5mpyRndSatTable
003fe750    ff9d (003fe740)     _IQ4mpyRndSatTable
003fe75c    ff9d (003fe740)     _IQ3mpyRndSatTable
003fe768    ff9d (003fe740)     _IQ2mpyRndSatTable
003fe774    ff9d (003fe740)     _IQ1mpyRndSatTable

003fe780    ff9e (003fe780)     _IQmpyRndSatTableEnd


GLOBAL SYMBOLS: SORTED ALPHABETICALLY BY Name 

page  address   name                                             
----  -------   ----                                             
0     003ec000  .text                                            
0     003f0bd6  C$$EXIT                                          
0     003f056e  FD$$ADD                                          
0     003f0bac  FD$$CMP                                          
0     003f060a  FD$$DIV                                          
abs   003f81d6  FD$$MPY                                          
0     003f0dbb  FD$$NEG                                          
0     003f0d75  FD$$SUB                                          
0     003f0c45  FD$$TOI                                          
abs   003f853d  FD$$TOL                                          
abs   003f8364  FS$$ADD                                          
abs   003f85c9  FS$$CMP                                          
abs   003f8259  FS$$DIV                                          
abs   003f83d7  FS$$MPY                                          
abs   003f8616  FS$$NEG                                          
abs   003f8579  FS$$TOFD                                         
abs   003f84f6  FS$$TOI                                          
abs   003f84cd  FS$$TOL                                          
0     003f0cc4  FS$$TOU                                          
abs   003f851b  I$$DIV                                           
abs   003f852c  I$$MOD                                           
abs   003f855c  I$$TOFD                                          
abs   003f8595  I$$TOFS                                          
abs   003f84a3  L$$DIV                                           
abs   003f84b2  L$$MOD                                           
0     003f0cfe  L$$TOFD                                          
0     003f0d4d  LL$$AND                                          
0     003f0ca6  LL$$CMP                                          
0     003efdc5  LL$$DIV                                          
0     003efe01  LL$$MOD                                          
0     003f0d55  LL$$OR                                           
0     003f0d5d  LL$$XOR                                          
0     003f0da7  U$$DIV                                           
0     003f0dac  U$$MOD                                           
abs   003f8606  U$$TOFS                                          
abs   003f85f3  UL$$TOFS                                         
0     003f0cb8  ULL$$CMP                                         
0     003efe3b  ULL$$DIV                                         
0     003efe6a  ULL$$MOD                                         
0     003ef6dc  _ADC_disable                                     
0     003ef6d2  _ADC_disableBandGap                              
0     003ef6bb  _ADC_disableInt                                  
0     003ef6b1  _ADC_disableNoOverlapMode                        
0     003ef6a7  _ADC_disableRefBuffers                           
0     003ef69d  _ADC_disableVoltRefLoConv                        
0     003ef693  _ADC_enable                                      
0     003ef689  _ADC_enableBandGap                               
0     003ef673  _ADC_enableInt                                   
0     003ef669  _ADC_enableNoOverlapMode                         
0     003ef65f  _ADC_enableRefBuffers                            
0     003ef655  _ADC_enableVoltRefLoConv                         
0     003ef64b  _ADC_getDivideSelect                             
0     003ef643  _ADC_init                                        
0     003ef639  _ADC_powerDown                                   
0     003ef62f  _ADC_powerUp                                     
0     003ef625  _ADC_reset                                       
0     003ef614  _ADC_setDivideSelect                             
0     003ef5f3  _ADC_setIntMode                                  
0     003ef5e2  _ADC_setIntPulseGenMode                          
0     003ef5c1  _ADC_setIntSrc                                   
0     003ef5b7  _ADC_setOffTrim                                  
0     003ef5a0  _ADC_setSampleMode                               
0     003ef58d  _ADC_setSampleOverlapMode                        
0     003ef579  _ADC_setSocChanNumber                            
0     003ef56c  _ADC_setSocFrc                                   
0     003ef562  _ADC_setSocFrcWord                               
0     003ef54e  _ADC_setSocSampleDelay                           
0     003ef53a  _ADC_setSocTrigSrc                               
0     003ef529  _ADC_setTempSensorSrc                            
0     003ef518  _ADC_setVoltRefSrc                               
0     003ef4ee  _ADC_setupSocTrigSrc                             
0     003ef869  _CLK_disableAdcClock                             
0     003ef862  _CLK_disableClaClock                             
0     003ef85c  _CLK_disableClkIn                                
0     003ef858  _CLK_disableCompClock                            
0     003ef851  _CLK_disableCpuTimerClock                        
0     003ef84b  _CLK_disableCrystalOsc                           
0     003ef844  _CLK_disableEcanaClock                           
0     003ef83d  _CLK_disableEcap1Clock                           
0     003ef836  _CLK_disableEqep1Clock                           
0     003ef82f  _CLK_disableEqep2Clock                           
0     003ef828  _CLK_disableGpioInputClock                       
0     003ef821  _CLK_disableHrPwmClock                           
0     003ef81a  _CLK_disableI2cClock                             
0     003ef813  _CLK_disableLinAClock                            
0     003ef80d  _CLK_disableOsc1                                 
0     003ef807  _CLK_disableOsc1HaltMode                         
0     003ef801  _CLK_disableOsc2                                 
0     003ef7fb  _CLK_disableOsc2HaltMode                         
0     003ef7f1  _CLK_disablePwmClock                             
0     003ef7ea  _CLK_disableSciaClock                            
0     003ef7e3  _CLK_disableScibClock                            
0     003ef7dc  _CLK_disableSpiaClock                            
0     003ef7d8  _CLK_disableSpibClock                            
0     003ef7d1  _CLK_disableTbClockSync                          
0     003ef7cb  _CLK_disableWatchDogHaltMode                     
0     003ef7c4  _CLK_enableAdcClock                              
0     003ef7bd  _CLK_enableClaClock                              
0     003ef7b7  _CLK_enableClkIn                                 
0     003ef7b1  _CLK_enableCompClock                             
0     003ef7ab  _CLK_enableCpuTimerClock                         
0     003ef7a5  _CLK_enableCrystalOsc                            
0     003ef79e  _CLK_enableEcanaClock                            
0     003ef797  _CLK_enableEcap1Clock                            
0     003ef790  _CLK_enableEqep1Clock                            
0     003ef789  _CLK_enableEqep2Clock                            
0     003ef782  _CLK_enableGpioInputClock                        
0     003ef77b  _CLK_enableHrPwmClock                            
0     003ef774  _CLK_enableI2cClock                              
0     003ef76d  _CLK_enableLinAClock                             
0     003ef767  _CLK_enableOsc1                                  
0     003ef761  _CLK_enableOsc1HaltMode                          
0     003ef75b  _CLK_enableOsc2                                  
0     003ef755  _CLK_enableOsc2HaltMode                          
0     003ef74c  _CLK_enablePwmClock                              
0     003ef745  _CLK_enableSciaClock                             
0     003ef73e  _CLK_enableScibClock                             
0     003ef737  _CLK_enableSpiaClock                             
0     003ef730  _CLK_enableSpibClock                             
0     003ef729  _CLK_enableTbClockSync                           
0     003ef723  _CLK_enableWatchDogHaltMode                      
0     003ef71d  _CLK_init                                        
0     003ef716  _CLK_setClkOutPreScaler                          
0     003ef710  _CLK_setLowSpdPreScaler                          
0     003ef709  _CLK_setOsc2Src                                  
0     003ef702  _CLK_setOscSrc                                   
0     003ef6fb  _CLK_setTimer2PreScale                           
0     003ef6f4  _CLK_setTimer2Src                                
0     003ef6ed  _CLK_setWatchDogSrc                              
0     003ef6e6  _CLK_setXClkInSrc                                
0     003f0c21  _CPU_clearIntFlags                               
0     003f0c1e  _CPU_disableDebugInt                             
0     003f0c1b  _CPU_disableGlobalInts                           
0     003f0c16  _CPU_disableInt                                  
0     003f0c13  _CPU_disableInts                                 
0     003f0c10  _CPU_disableProtectedRegisterWrite               
0     003f0c0d  _CPU_enableDebugInt                              
0     003f0c0a  _CPU_enableGlobalInts                            
0     003f0c06  _CPU_enableInt                                   
0     003f0c03  _CPU_enableProtectedRegisterWrite                
0     003f0bff  _CPU_init                                        
0     003ef1bc  _CTRL_getGains                                   
0     003ef1b5  _CTRL_getIab_filt_pu                             
0     003ef1ae  _CTRL_getIab_in_pu                               
0     003ef1a7  _CTRL_getIdq_in_pu                               
0     003ef1a0  _CTRL_getIdq_ref_pu                              
0     003ef1f5  _CTRL_getMagCurrent_pu                           
0     003ef1f2  _CTRL_getMaximumSpeed_pu                         
0     003ef199  _CTRL_getVab_in_pu                               
0     003ef192  _CTRL_getVab_out_pu                              
0     003ef18b  _CTRL_getVdq_out_pu                              
abs   003fa721  _CTRL_getVersion                                 
0     003ef182  _CTRL_getWaitTimes                               
abs   003fa6fb  _CTRL_initCtrl                                   
0     0000800a  _CTRL_run                                        
abs   003fa5d1  _CTRL_runTraj                                    
abs   003f9e64  _CTRL_setEstParams                               
0     003eef01  _CTRL_setGains                                   
0     003ef1ec  _CTRL_setMagCurrent_pu                           
0     003ef1ef  _CTRL_setMaximumSpeed_pu                         
0     003eef29  _CTRL_setParams                                  
0     003eeeee  _CTRL_setSpd_ref_krpm                            
0     003eeeeb  _CTRL_setSpd_ref_pu                              
abs   003f9d31  _CTRL_setUserMotorParams                         
0     003eeee2  _CTRL_setWaitTimes                               
0     00008000  _CTRL_setup                                      
0     003eeec6  _CTRL_setupClarke_I                              
0     003eeeb0  _CTRL_setupClarke_V                              
abs   003f9b43  _CTRL_setupCtrl                                  
abs   003f99a5  _CTRL_setupEstIdleState                          
abs   003f996a  _CTRL_setupEstOnLineState                        
abs   003f9806  _CTRL_setupTraj                                  
0     003eedfd  _CTRL_updateState                                
0     003f077e  _CheckPacketFormat                               
0     003ed99f  _ConvertToUnit                                   
0     003edcfa  _ConverterToEditValueString                      
0     003edb48  _ConverterToValueString                          
0     003edbaf  _ConvertrToI16EditValueString                    
0     003ed9eb  _ConvertrToI16ValueString                        
0     003edc58  _ConvertrToI8EditValueString                     
0     003eda93  _ConvertrToI8ValueString                         
0     003edc0c  _ConvertrToU16EditValueString                    
0     003eda47  _ConvertrToU16ValueString                        
0     003edcac  _ConvertrToU8EditValueString                     
0     003edae7  _ConvertrToU8ValueString                         
0     003ede98  _DATA_CalCRC16                                   
0     003ed880  _DATA_ConvertToCnt                               
0     003ede91  _DATA_Delay                                      
0     003ede8f  _DATA_HiByte                                     
0     003ed88b  _DATA_InRange                                    
0     003ede8d  _DATA_LoByte                                     
0     003ede88  _DATA_MakeWord                                   
0     003ede81  _DATA_min                                        
0     003ede50  _DM_findGroupFunctionCellIndex                   
0     003ede34  _DM_findGroupFunctionIndex                       
0     003ede30  _DM_getAccessLevel                               
0     003ede2c  _DM_getCellSizeNo                                
0     003ed9d0  _DM_getCellValue                                 
0     003ed93d  _DM_getFunCell                                   
0     003ed934  _DM_getFunction                                  
0     003ede28  _DM_getFunctionSizeNo                            
0     003ed92a  _DM_getGroup                                     
0     003ede24  _DM_getGroupSizeNo                               
0     003ede1d  _DM_getInitModeLevel                             
0     003ed923  _DM_getMode                                      
0     003ede14  _DM_getModeName                                  
0     003ede0c  _DM_getModeSizeNo                                
0     003ede0a  _DM_getOperModeSizeNo                            
0     003eddc3  _DM_getToValueInt32                              
0     003edd9e  _DM_getTotalCellSizeNo                           
0     003edd87  _DM_getTotalFunctionSizeNo                       
0     003edd81  _DM_init                                         
0     003edd76  _DM_isWrite                                      
0     003edd1b  _DM_outEditCell                                  
0     003edb70  _DM_outFunCell                                   
0     003ed984  _DM_outFunction                                  
0     003ed96b  _DM_outGroup                                     
0     003ed965  _DM_run                                          
0     003ed947  _DM_setValue                                     
0     003ed8aa  _DM_setup                                        
0     003ed887  _Data_GetDelayCnt                                
0     003ed881  _Data_SetDelayCnt                                
0     003ee099  _DetermineBlinkDig                               
0     003f04f5  _EEPROM_Read                                     
0     003f0558  _EEPROM_ReadPage                                 
0     003f04da  _EEPROM_Write                                    
0     003f052d  _EEPROM_WritePage                                
0     003f050b  _EEPROM_WriteVerify                              
0     003f04d4  _EEPROM_init                                     
0     003f04d0  _EEPROM_setup                                    
0     003eff64  _ENC_calcElecAngle                               
0     003effbe  _ENC_getSpeedRPM                                 
0     003effb8  _ENC_init                                        
0     003eff7e  _ENC_run                                         
0     003efecc  _ENC_setup                                       
abs   003f9760  _EST_doCurrentCtrl                               
abs   003f9758  _EST_doSpeedCtrl                                 
abs   003f8c0d  _EST_getAngle_pu                                 
abs   003f96e2  _EST_getFe_pu                                    
abs   003f96be  _EST_getFlux_VpHz                                
abs   003f96ab  _EST_getFlux_pu                                  
abs   003f968e  _EST_getFm_pu                                    
abs   003f9632  _EST_getIdRated                                  
abs   003f9622  _EST_getIdRated_pu                               
abs   003f95ff  _EST_getLs_coarse_max_pu                         
abs   003f95f5  _EST_getLs_d_H                                   
abs   003f95f0  _EST_getLs_d_pu                                  
abs   003f95ce  _EST_getLs_q_H                                   
abs   003f95c9  _EST_getLs_q_pu                                  
abs   003f95bd  _EST_getMaxCurrentSlope_pu                       
abs   003f95b3  _EST_getOneOverDcBus_pu                          
abs   003f95ad  _EST_getRr_Ohm                                   
abs   003f9513  _EST_getRs_Ohm                                   
abs   003f94c6  _EST_getSpeed_krpm                               
abs   003f861b  _EST_getState                                    
abs   003f9458  _EST_get_krpm_to_pu_sf                           
abs   003f9453  _EST_get_pu_to_krpm_sf                           
abs   003f938d  _EST_isError                                     
abs   003f9386  _EST_isIdle                                      
abs   003f937f  _EST_isLockRotor                                 
abs   003f8679  _EST_isMotorIdentified                           
abs   003f9378  _EST_isOnLine                                    
abs   003f927b  _EST_run                                         
abs   003f8bdb  _EST_setFlag_enableForceAngle                    
abs   003f8bd3  _EST_setFlag_enableRsRecalc                      
abs   003f8b80  _EST_setId_ref_pu                                
abs   003f8b7a  _EST_setIdle                                     
abs   003f8b67  _EST_setIdle_all                                 
abs   003f8b63  _EST_setIq_ref_pu                                
abs   003f8b45  _EST_setLs_d_pu                                  
abs   003f8af1  _EST_setLs_qFmt                                  
abs   003f8ae7  _EST_setLs_q_pu                                  
abs   003f8adb  _EST_setMaxCurrentSlope_pu                       
abs   003f8a18  _EST_setRs_pu                                    
abs   003f89f5  _EST_updateId_ref_pu                             
abs   003f8713  _EST_updateState                                 
abs   003f861d  _EST_useZeroIq_ref                               
0     003f0c42  _FILTER_FO_getDenCoeffs                          
0     003f0c3b  _FILTER_FO_getInitialConditions                  
0     003f0c35  _FILTER_FO_getNumCoeffs                          
0     003f0c2f  _FILTER_FO_init                                  
0     003f0c2d  _FILTER_FO_setDenCoeffs                          
0     003f0c28  _FILTER_FO_setInitialConditions                  
0     003f0c24  _FILTER_FO_setNumCoeffs                          
0     003f0c80  _FLASH_clear3VStatus                             
0     0000860e  _FLASH_disablePipelineMode                       
0     00008608  _FLASH_enablePipelineMode                        
0     003f0c7d  _FLASH_get3VStatus                               
0     003f0c7a  _FLASH_getActiveWaitCount                        
0     003f0c76  _FLASH_getActiveWaitStatus                       
0     003f0c73  _FLASH_getPowerMode                              
0     003f0c70  _FLASH_getStandbyWaitCount                       
0     003f0c6c  _FLASH_getStandbyWaitStatus                      
0     003f0c66  _FLASH_init                                      
0     00008603  _FLASH_setActiveWaitCount                        
0     000085fc  _FLASH_setNumPagedReadWaitStates                 
0     000085f5  _FLASH_setNumRandomReadWaitStates                
0     000085ee  _FLASH_setOtpWaitStates                          
0     000085e7  _FLASH_setPowerMode                              
0     000085e2  _FLASH_setStandbyWaitCount                       
0     003ef9e2  _GPIO_getData                                    
0     003ef9d7  _GPIO_getPortData                                
0     003ef9d1  _GPIO_init                                       
0     003ef9c7  _GPIO_lpmSelect                                  
0     003ef9a8  _GPIO_read                                       
0     003ef98e  _GPIO_setDirection                               
0     003ef983  _GPIO_setExtInt                                  
0     003ef973  _GPIO_setHigh                                    
0     003ef963  _GPIO_setLow                                     
0     003ef92b  _GPIO_setMode                                    
0     003ef91e  _GPIO_setPortData                                
0     003ef904  _GPIO_setPullup                                  
0     003ef8c7  _GPIO_setQualification                           
0     003ef880  _GPIO_setQualificationPeriod                     
0     003ef870  _GPIO_toggle                                     
0     003f07e0  _GetModbusRegData                                
0     003ec68b  _HAL_AdcCalChanSelect                            
0     003ec6e2  _HAL_AdcCalConversion                            
0     003ec844  _HAL_AdcOffsetSelfCal                            
0     003ec90a  _HAL_OscTempComp                                 
0     003ec963  _HAL_cal                                         
0     003ecc2f  _HAL_disableGlobalInts                           
0     003ecac1  _HAL_disableWdog                                 
0     003ecc1e  _HAL_enableAdcInts                               
0     003ecc1a  _HAL_enableDebugInt                              
0     003ecc16  _HAL_enableGlobalInts                            
0     003ecc02  _HAL_enableI2cInt                                
0     003ecbf1  _HAL_enablePwmInt                                
0     003ecbdc  _HAL_enableSciAInt                               
0     003ecbc7  _HAL_enableSciBInt                               
0     003ecbc6  _HAL_enableSpiAInt                               
0     003ecbc5  _HAL_enableSpiBInt                               
0     003ecbb5  _HAL_enableTimer0Int                             
0     003ecba8  _HAL_enableTimer1Int                             
0     003ec877  _HAL_getOscTrimValue                             
0     003ecac6  _HAL_init                                        
0     003ec88a  _HAL_osc1Comp                                    
0     003ec8ca  _HAL_osc2Comp                                    
0     003ec97a  _HAL_setParams                                   
0     003ec593  _HAL_setupAdcs                                   
0     003ec577  _HAL_setupClks                                   
0     003ec55c  _HAL_setupFaults                                 
0     00008614  _HAL_setupFlash                                  
0     003ec38b  _HAL_setupGpios                                  
0     003ec346  _HAL_setupI2C                                    
0     003ec2f3  _HAL_setupPeripheralClks                         
0     003ec2d7  _HAL_setupPie                                    
0     003ec298  _HAL_setupPll                                    
0     003ec20b  _HAL_setupPwmDacs                                
0     003ec12d  _HAL_setupPwms                                   
0     003ec08e  _HAL_setupQEP                                    
0     003ec033  _HAL_setupSCI                                    
0     003ec032  _HAL_setupSPI                                    
0     003ec000  _HAL_setupTimers                                 
0     003efb79  _I2CMessage_CheckStatus                          
0     003efc89  _I2CMessage_ReadMessage                          
0     003efc5d  _I2CMessage_ReadMessage0                         
0     003efc48  _I2CMessage_ReadMessageAck                       
0     003efc1f  _I2CMessage_ReadMessageAck0                      
0     003efbbb  _I2CMessage_Synchronize                          
0     003efc0a  _I2CMessage_WriteMessage                         
0     003efbde  _I2CMessage_WriteMessage0                        
0     003efbc9  _I2CMessage_WriteMessageAck                      
0     003efb92  _I2CMessage_WriteMessageAck0                     
0     003efb73  _I2CMessage_init                                 
0     003efb67  _I2CMessage_setup                                
0     003f00bd  _I2C_Enable                                      
0     003f00b9  _I2C_Reset                                       
0     003f00b5  _I2C_StartCond                                   
0     003f00b1  _I2C_StopCond                                    
0     003f00ae  _I2C_clearNackSend                               
0     003f00ab  _I2C_clearNackStatus                             
0     003f00a7  _I2C_clearRxFifoIntFlag                          
0     003f00a3  _I2C_clearTxFifoIntFlag                          
0     003f00a0  _I2C_disableAddSlaveInt                          
0     003f009d  _I2C_disableArbiLostInt                          
0     003f0099  _I2C_disableFreeDataFormat                       
0     003f0095  _I2C_disableFreeMode                             
0     003f0091  _I2C_disableLookbackMode                         
0     003f008d  _I2C_disableNAck                                 
0     003f008a  _I2C_disableNoAckInt                             
0     003f0087  _I2C_disableRXReadyInt                           
0     003f0084  _I2C_disableRegAccessReadyInt                    
0     003f0080  _I2C_disableRxFifoInt                            
0     003f007c  _I2C_disableStartByteMode                        
0     003f0079  _I2C_disableStopCondDectInt                      
0     003f0076  _I2C_disableTXReadyInt                           
0     003f0072  _I2C_disableTxFifoInt                            
0     003f006e  _I2C_disableTxFifoMode                           
0     003f006b  _I2C_enableAddSlaveInt                           
0     003f0068  _I2C_enableArbiLostInt                           
0     003f0064  _I2C_enableFifoMode                              
0     003f0061  _I2C_enableNoAckInt                              
0     003f005e  _I2C_enableRXReadyInt                            
0     003f005b  _I2C_enableRegAccessReadyInt                     
0     003f0057  _I2C_enableRxFifo                                
0     003f0053  _I2C_enableRxFifoInt                             
0     003f0050  _I2C_enableStopCondDectInt                       
0     003f004d  _I2C_enableTXReadyInt                            
0     003f0049  _I2C_enableTxFifo                                
0     003f0045  _I2C_enableTxFifoInt                             
0     003f0040  _I2C_getFifoRxInt                                
0     003f003b  _I2C_getFifoTxInt                                
0     003f0037  _I2C_getIntFlagStatus                            
0     003f0032  _I2C_getReceiveFifoNo                            
0     003f0030  _I2C_getStatusFlag                               
0     003f002b  _I2C_getStopStatus                               
0     003f0025  _I2C_init                                        
0     003f0021  _I2C_resetRxFifo                                 
0     003f001d  _I2C_resetTxFifo                                 
0     003f001b  _I2C_setAddress                                  
0     003f0014  _I2C_setAddressMode                              
0     003f000d  _I2C_setBitCountBits                             
0     003f000a  _I2C_setCMDR                                     
0     003f0008  _I2C_setClockHighTime                            
0     003f0006  _I2C_setClockLowTime                             
0     003f0004  _I2C_setDataCount                                
0     003f0000  _I2C_setFreeDataFormat                           
0     003efffc  _I2C_setFreeMode                                 
0     003efff8  _I2C_setLookbackMode                             
0     003efff1  _I2C_setMode                                     
0     003effed  _I2C_setNAckMode                                 
0     003effea  _I2C_setPrescaler                                
0     003effe3  _I2C_setRepeatMode                               
0     003effdc  _I2C_setRxFifoIntLevel                           
0     003effd8  _I2C_setStartByteMode                            
0     003effd1  _I2C_setTxFifoIntLevel                           
0     003effca  _I2C_setTxRxMode                                 
0     003efb65  _I2Message_getMessageCode                        
0     003f0708  _IOEXPAND_Capacity                               
0     003f0705  _IOEXPAND_InputTerminals                         
0     003f06b4  _IOEXPAND_ReadRegister                           
0     003f0695  _IOEXPAND_WriteRegister                          
0     003f06c5  _IOEXPAND_getInputs                              
0     003f06ff  _IOEXPAND_init                                   
0     003f06f7  _IOEXPAND_run                                    
0     003f06ea  _IOEXPAND_setHigh                                
0     003f06ab  _IOEXPAND_setLow                                 
0     003f06cc  _IOEXPAND_setup                                  
0     003fe708  _IQ10mpyRndSatTable                              
0     003fe6fc  _IQ11mpyRndSatTable                              
0     003fe6f0  _IQ12mpyRndSatTable                              
0     003fe6e4  _IQ13mpyRndSatTable                              
0     003fe6d8  _IQ14mpyRndSatTable                              
0     003fe6cc  _IQ15mpyRndSatTable                              
0     003fe6c0  _IQ16mpyRndSatTable                              
0     003fe6b4  _IQ17mpyRndSatTable                              
0     003fe6a8  _IQ18mpyRndSatTable                              
0     003fe69c  _IQ19mpyRndSatTable                              
0     003fe774  _IQ1mpyRndSatTable                               
0     003fe690  _IQ20mpyRndSatTable                              
0     003fe684  _IQ21mpyRndSatTable                              
0     003fe678  _IQ22mpyRndSatTable                              
0     003fe66c  _IQ23mpyRndSatTable                              
0     003fe660  _IQ24mpyRndSatTable                              
0     003fe654  _IQ25mpyRndSatTable                              
0     003fe648  _IQ26mpyRndSatTable                              
0     003fe63c  _IQ27mpyRndSatTable                              
0     003fe630  _IQ28mpyRndSatTable                              
0     003fe624  _IQ29mpyRndSatTable                              
0     003fe768  _IQ2mpyRndSatTable                               
0     003fe618  _IQ30mpyRndSatTable                              
0     003fe75c  _IQ3mpyRndSatTable                               
0     003fe750  _IQ4mpyRndSatTable                               
0     003fe744  _IQ5mpyRndSatTable                               
0     003fe738  _IQ6mpyRndSatTable                               
0     003fe72c  _IQ7mpyRndSatTable                               
0     003fe720  _IQ8mpyRndSatTable                               
0     003fe714  _IQ9mpyRndSatTable                               
0     003fe454  _IQatan2HalfPITable                              
0     003fe492  _IQatan2Table                                    
0     003fe618  _IQatan2TableEnd                                 
0     003fdd30  _IQcosTable                                      
0     003fe132  _IQcosTableEnd                                   
0     003fe132  _IQdivRoundSatTable                              
0     003fe140  _IQdivTable                                      
0     003fe342  _IQdivTableEnd                                   
0     003fe342  _IQisqrtRoundSatTable                            
0     003fe352  _IQisqrtTable                                    
0     003fe454  _IQisqrtTableEnd                                 
0     003fe618  _IQmpyRndSatTable                                
0     003fe780  _IQmpyRndSatTableEnd                             
0     003fdc30  _IQsinTable                                      
0     003fe030  _IQsinTableEnd                                   
0     003fe342  _IQsqrtRoundSatTable                             
0     003fe352  _IQsqrtTable                                     
0     003fe454  _IQsqrtTableEnd                                  
0     003f0285  _LCD_Home                                        
0     003f0278  _LCD_clearDisplay                                
0     003f0274  _LCD_entryMode                                   
0     003f026e  _LCD_init                                        
0     003f0260  _LCD_outString                                   
0     003f0256  _LCD_setCursor                                   
0     003f01d1  _LCD_setDataBuff                                 
0     003f0226  _LCD_setup                                       
0     003f0209  _LCD_writeChar4bits                              
0     003f01ec  _LCD_writeCmd4bits                               
0     003f01da  _LCD_writeCmd8bits                               
0     003f01b2  _LCD_writeCommnication                           
0     003f0841  _MODBUS_callback                                 
0     003f083d  _MODBUS_init                                     
0     003f083c  _MODBUS_setup                                    
0     003f07ee  _ModbusReadProcess                               
0     003f07df  _ModbusWriteProcess                              
0     003f09dd  _OFFSET_getBeta                                  
0     003f09cc  _OFFSET_init                                     
0     003f09b6  _OFFSET_setBeta                                  
0     003f09a7  _OFFSET_setInitCond                              
0     003f09a5  _OFFSET_setOffset                                
0     003ee5b0  _OPERATOR_callback                               
[...]
0     003f1d7a  _g_dmCellCurrentOut                              
0     003f1d86  _g_dmCellCurrentU                                
0     003f1d92  _g_dmCellCurrentV                                
0     003f1d9e  _g_dmCellCurrentW                                
0     003f1daa  _g_dmCellDCBus                                   
0     003f1db6  _g_dmCellDecTime1                                
0     003f1dc2  _g_dmCellExtAd1                                  
0     003f1dce  _g_dmCellExtAd2                                  
0     003f1dda  _g_dmCellExtAd3                                  
0     003f1de6  _g_dmCellExtTemp                                 
0     003f1df2  _g_dmCellFreqOut                                 
0     003f1dfe  _g_dmCellFreqRef                                 
0     003f1e0a  _g_dmCellInitial                                 
0     003f1e16  _g_dmCellInputTerm                               
0     003f1e22  _g_dmCellLanguage                                
0     003f1e2e  _g_dmCellMotorSpd                                
0     003f1e3a  _g_dmCellOperationSel                            
0     003f1e46  _g_dmCellOutputTerm                              
0     003f1e52  _g_dmCellPassword                                
0     003f1e5e  _g_dmCellPowerOut                                
0     003f1e6a  _g_dmCellReferenceSel                            
0     003f1e76  _g_dmCellReserved                                
0     003f1e82  _g_dmCellReverseProhibit                         
0     003f1e8e  _g_dmCellStopMethod                              
0     003f1e9a  _g_dmCellTorqueRef                               
0     003f1ea6  _g_dmCellVoltageOut                              
0     003f1eb2  _g_dmCellVoltageU                                
0     003f1ebe  _g_dmCellVoltageV                                
0     003f1eca  _g_dmCellVoltageW                                
0     003f1f0c  ___cinit__                                       
0     003f1f0c  cinit                                            
0     003f2200  __IQ24div                                        
0     003f2247  __IQ24sqrt                                       
0     003f2289  __IQ24sinPU                                      
0     003f22b2  __IQ24cosPU                                      
0     003f22d9  __IQ30toF                                        
0     003f22ed  __IQ24mpyI32int                                  
0     003f7ff6  code_start                                       
0     003fdc30  _IQsinTable                                      
0     003fdd30  _IQcosTable                                      
0     003fe030  _IQsinTableEnd                                   
0     003fe132  _IQcosTableEnd                                   
0     003fe132  _IQdivRoundSatTable                              
0     003fe140  _IQdivTable                                      
0     003fe342  _IQdivTableEnd                                   
0     003fe342  _IQisqrtRoundSatTable                            
0     003fe342  _IQsqrtRoundSatTable                             
0     003fe352  _IQisqrtTable                                    
0     003fe352  _IQsqrtTable                                     
0     003fe454  _IQatan2HalfPITable                              
0     003fe454  _IQisqrtTableEnd                                 
0     003fe454  _IQsqrtTableEnd                                  
0     003fe492  _IQatan2Table                                    
0     003fe618  _IQ30mpyRndSatTable                              
0     003fe618  _IQatan2TableEnd                                 
0     003fe618  _IQmpyRndSatTable                                
0     003fe624  _IQ29mpyRndSatTable                              
0     003fe630  _IQ28mpyRndSatTable                              
0     003fe63c  _IQ27mpyRndSatTable                              
0     003fe648  _IQ26mpyRndSatTable                              
0     003fe654  _IQ25mpyRndSatTable                              
0     003fe660  _IQ24mpyRndSatTable                              
0     003fe66c  _IQ23mpyRndSatTable                              
0     003fe678  _IQ22mpyRndSatTable                              
0     003fe684  _IQ21mpyRndSatTable                              
0     003fe690  _IQ20mpyRndSatTable                              
0     003fe69c  _IQ19mpyRndSatTable                              
0     003fe6a8  _IQ18mpyRndSatTable                              
0     003fe6b4  _IQ17mpyRndSatTable                              
0     003fe6c0  _IQ16mpyRndSatTable                              
0     003fe6cc  _IQ15mpyRndSatTable                              
0     003fe6d8  _IQ14mpyRndSatTable                              
0     003fe6e4  _IQ13mpyRndSatTable                              
0     003fe6f0  _IQ12mpyRndSatTable                              
0     003fe6fc  _IQ11mpyRndSatTable                              
0     003fe708  _IQ10mpyRndSatTable                              
0     003fe714  _IQ9mpyRndSatTable                               
0     003fe720  _IQ8mpyRndSatTable                               
0     003fe72c  _IQ7mpyRndSatTable                               
0     003fe738  _IQ6mpyRndSatTable                               
0     003fe744  _IQ5mpyRndSatTable                               
0     003fe750  _IQ4mpyRndSatTable                               
0     003fe75c  _IQ3mpyRndSatTable                               
0     003fe768  _IQ2mpyRndSatTable                               
0     003fe774  _IQ1mpyRndSatTable                               
0     003fe780  _IQmpyRndSatTableEnd                             
1     00000050  __stack                                          
1     00000400  __STACK_END                                      
1     00008c00  _gModbusObj                                      
1     00008c02  _bFlag_Latch_softwareUpdate                      
1     00008c03  _gu16Counter_updateGlobals                       
1     00008c04  _ghalHandle                                      
1     00008c06  _gi2cMessageHandle                               
1     00008c08  _gpcontroller_obj                                
1     00008c0a  _gctrlHandle                                     
1     00008c0c  _giqMaxCurrentSlope                              
1     00008c0e  _giqTorque_Ls_Id_Iq_pu_to_Nm_sf                  
1     00008c10  _giqTorque_Flux_Iq_pu_to_Nm_sf                   
1     00008c12  _giqFlux_pu_to_Wb_sf                             
1     00008c14  _giqFlux_pu_to_VpHz_sf                           
1     00008c16  _gEepromHandle                                   
1     00008c18  _gIoexpandHandle                                 
1     00008c1a  _gencHandle                                      
1     00008c1c  _gModbusHandle                                   
1     00008c1e  _gLcdObj                                         
1     00008c20  _gLcdHandle                                      
1     00008c22  _gOperHandle                                     
1     00008c24  _gEepromObj                                      
1     00008c28  _gIoexpandObj                                    
1     00008c2c  _gsciMessageHandle                               
1     00008c30  _gPwmData                                        
1     00008c40  _gAdcData                                        
1     00008c56  _gencObj                                         
1     00008c80  _gOperObj                                        
1     00008cc0  _gi2cMessage                                     
1     00008d40  _gMotorVars                                      
1     00008dc0  _gUserParams                                     
1     00008e80  _gsciMessage                                     
1     00008f40  _g_u16DelayCnt                                   
1     00008f41  _g_u8RefSelect                                   
1     00008f42  _g_u8OperSelection                               
1     00008f43  _g_u8Initial                                     
1     00008f44  _g_u16Password                                   
1     00008f45  _g_u16AccTime1                                   
1     00008f46  _g_u16DecTime1                                   
1     00008f47  _g_u8StoppingMethod                              
1     00008f48  _g_u8ReverseProhibit                             
1     00008f49  _g_u8AccessLevel                                 
1     00008f4a  _g_i16FreqRef                                    
1     00008f4b  _g_i16TorqueRef                                  
1     00008f4c  _g_u8OperSignal                                  
1     00008f4d  _g_u8CtlMethod                                   
1     00008f4e  _g_u8OutputTerm                                  
1     00008f4f  _g_u8Language                                    
1     00008f50  _g_u16VoltageOut                                 
1     00008f51  _g_u16PowerOut                                   
1     00008f52  _g_u16Reserved                                   
1     00008f54  _g_dmFunCellArrayF6                              
1     00008f56  _g_dmFunCellArrayH4                              
1     00008f58  _g_dmFunCellArrayH5                              
1     00008f5a  _g_dmFunCellArrayL1                              
1     00008f5c  _g_dmFunCellArrayb6                              
1     00008f5e  _g_dmFunCellArrayL2                              
1     00008f60  _g_dmFunCellArrayH1                              
1     00008f62  _g_dmFunCellArrayF9                              
1     00008f64  _g_dmFunCellArrayF8                              
1     00008f66  _g_dmFunCellArrayF7                              
1     00008f68  _g_dmFunCellArrayH2                              
1     00008f6a  _g_dmFunCellArrayH3                              
1     00008f6c  _g_dmGroupOperArray                              
1     00008f6e  _g_dmGroupInitArray                              
1     00008f70  _g_dmFunCellArrayo1                              
1     00008f72  _g_dmFunCellArrayb5                              
1     00008f74  _g_dmFunCellArrayb4                              
1     00008f76  _g_dmFunCellArrayo2                              
1     00008f78  _g_dmFunCellArrayL5                              
1     00008f7a  _g_dmFunCellArrayL6                              
1     00008f7c  _g_dmFunCellArrayL3                              
1     00008f7e  _g_dmFunCellArrayL8                              
1     00008f80  _gdmHandle                                       
1     00008f82  _g_dmFunCellArrayL4                              
1     00008f84  _g_dmFunCellArrayC8                              
1     00008f86  _g_dmFunCellArrayd1                              
1     00008f88  _g_dmFunCellArrayC6                              
1     00008f8a  _g_dmFunCellArrayd3                              
1     00008f8c  _g_dmFunCellArrayd4                              
1     00008f8e  _g_dmFunCellArrayC7                              
1     00008f90  _g_dmFunCellArrayd2                              
1     00008f92  _g_dmFunCellArrayU3                              
1     00008f94  _g_dmFunCellArrayU2                              
1     00008f96  _g_dmFunCellArrayb9                              
1     00008f98  _g_dmFunCellArrayC4                              
1     00008f9a  _g_dmFunCellArrayC5                              
1     00008f9c  _g_dmFunCellArrayC2                              
1     00008f9e  _g_dmFunCellArrayC3                              
1     00008fa0  _g_dmFunCellArrayF2                              
1     00008fa2  _g_dmFunCellArrayF3                              
1     00008fa4  _g_dmFunCellArrayb7                              
1     00008fa6  _g_dmFunCellArrayF5                              
1     00008fa8  _g_dmFunCellArrayL7                              
1     00008faa  _g_dmFunCellArrayF1                              
1     00008fac  _g_dmFunCellArrayF4                              
1     00008fae  _g_dmFunCellArrayE1                              
1     00008fb0  _g_dmFunCellArrayE2                              
1     00008fb2  _g_dmFunCellArrayd5                              
1     00008fb4  _g_dmFunCellArrayE4                              
1     00008fb6  _g_dmFunCellArrayE5                              
1     00008fb8  _g_dmFunCellArrayb8                              
1     00008fba  _g_dmFunCellArrayb3                              
1     00008fbc  _g_dmFunCellArrayE3                              
1     00008fbe  _g_dmFunCellArrayb2                              
1     00008fc0  _g_dmFunCellArrayA2                              
1     00008fc2  _g_dmFunCellArrayC1                              
1     00008fc6  _g_dmFunAArray                                   
1     00008fca  _g_dmFunoArray                                   
1     00008fce  _g_dmFunUArray                                   
1     00008fd4  _g_dmModeArray                                   
1     00008fdc  _g_dmFunCellArrayb1                              
1     00008fe4  _g_dmFunCellArrayA1                              
1     00009032  _g_dmFunEArray                                   
1     00009040  _g_dmFundArray                                   
1     00009054  _g_dmFunHArray                                   
1     00009068  _g_dmFunLArray                                   
1     00009080  _g_dmFunCArray                                   
1     00009090  _g_dmGroupProgArray                              
1     000090a0  _g_dmFunFArray                                   
1     000090c0  _g_dmFunbArray                                   
1     000090d2  _g_dmFunCellArrayU1                              
1     000090fc  __lock                                           
1     000090fe  __unlock                                         
1     00009100  _ghal                                            
1     000091b6  _g_i32EditMaxValue                               
1     000091b8  _g_i32EditMinValue                               
1     000091ba  _g_i32DeltaValue                                 
1     000091bc  _g_pOperatorObj                                  
1     000091be  _g_i32EditValue                                  
1     000091c0  ___TI_enable_exit_profile_output                 
1     000091c2  ___TI_cleanup_ptr                                
1     000091c4  ___TI_dtors_ptr                                  
1     000091c8  _cpu                                             
1     000091c9  _bSetupFlag                                      
abs   000003b0  __STACK_SIZE                                     
abs   00013800  _errno                                           
abs   003f8000  _log                                             
abs   003f81d6  FD$$MPY                                          
abs   003f8259  FS$$DIV                                          
abs   003f82dc  _pow                                             
abs   003f8364  FS$$ADD                                          
abs   003f83d7  FS$$MPY                                          
abs   003f84a3  L$$DIV                                           
abs   003f84b2  L$$MOD                                           
abs   003f84cd  FS$$TOL                                          
abs   003f84f6  FS$$TOI                                          
abs   003f851b  I$$DIV                                           
abs   003f852c  I$$MOD                                           
abs   003f853d  FD$$TOL                                          
abs   003f855c  I$$TOFD                                          
abs   003f8579  FS$$TOFD                                         
abs   003f8595  I$$TOFS                                          
abs   003f85c9  FS$$CMP                                          
abs   003f85f3  UL$$TOFS                                         
abs   003f8606  U$$TOFS                                          
abs   003f8616  FS$$NEG                                          
abs   003f861b  _EST_getState                                    
abs   003f861d  _EST_useZeroIq_ref                               
abs   003f8679  _EST_isMotorIdentified                           
abs   003f8713  _EST_updateState                                 
abs   003f89f5  _EST_updateId_ref_pu                             
abs   003f8a18  _EST_setRs_pu                                    
abs   003f8adb  _EST_setMaxCurrentSlope_pu                       
abs   003f8ae7  _EST_setLs_q_pu                                  
abs   003f8af1  _EST_setLs_qFmt                                  
abs   003f8b45  _EST_setLs_d_pu                                  
abs   003f8b63  _EST_setIq_ref_pu                                
abs   003f8b67  _EST_setIdle_all                                 
abs   003f8b7a  _EST_setIdle                                     
abs   003f8b80  _EST_setId_ref_pu                                
abs   003f8bd3  _EST_setFlag_enableRsRecalc                      
abs   003f8bdb  _EST_setFlag_enableForceAngle                    
abs   003f8c0d  _EST_getAngle_pu                                 
abs   003f927b  _EST_run                                         
abs   003f9378  _EST_isOnLine                                    
abs   003f937f  _EST_isLockRotor                                 
abs   003f9386  _EST_isIdle                                      
abs   003f938d  _EST_isError                                     
abs   003f9453  _EST_get_pu_to_krpm_sf                           
abs   003f9458  _EST_get_krpm_to_pu_sf                           
abs   003f94c6  _EST_getSpeed_krpm                               
abs   003f9513  _EST_getRs_Ohm                                   
abs   003f95ad  _EST_getRr_Ohm                                   
abs   003f95b3  _EST_getOneOverDcBus_pu                          
abs   003f95bd  _EST_getMaxCurrentSlope_pu                       
abs   003f95c9  _EST_getLs_q_pu                                  
abs   003f95ce  _EST_getLs_q_H                                   
abs   003f95f0  _EST_getLs_d_pu                                  
abs   003f95f5  _EST_getLs_d_H                                   
abs   003f95ff  _EST_getLs_coarse_max_pu                         
abs   003f9622  _EST_getIdRated_pu                               
abs   003f9632  _EST_getIdRated                                  
abs   003f968e  _EST_getFm_pu                                    
abs   003f96ab  _EST_getFlux_pu                                  
abs   003f96be  _EST_getFlux_VpHz                                
abs   003f96e2  _EST_getFe_pu                                    
abs   003f9758  _EST_doSpeedCtrl                                 
abs   003f9760  _EST_doCurrentCtrl                               
abs   003f9806  _CTRL_setupTraj                                  
abs   003f996a  _CTRL_setupEstOnLineState                        
abs   003f99a5  _CTRL_setupEstIdleState                          
abs   003f9b43  _CTRL_setupCtrl                                  
abs   003f9d31  _CTRL_setUserMotorParams                         
abs   003f9e64  _CTRL_setEstParams                               
abs   003fa5d1  _CTRL_runTraj                                    
abs   003fa6fb  _CTRL_initCtrl                                   
abs   003fa721  _CTRL_getVersion                                 
abs   ffffffff  ___TI_pprof_out_hndl                             
abs   ffffffff  ___TI_prof_data_size                             
abs   ffffffff  ___TI_prof_data_start                            
abs   ffffffff  ___binit__                                       
abs   ffffffff  ___c_args__                                      
abs   ffffffff  ___pinit__                                       
abs   ffffffff  binit                                            
abs   ffffffff  pinit                                            

[1224 symbols]
